Component: ARM Compiler 5.06 update 7 (build 960) Tool: armlink [4d3601]

==============================================================================

Section Cross References

    main.o(i.Start_Task) refers to port.o(i.vPortEnterCritical) for vPortEnterCritical
    main.o(i.Start_Task) refers to taskinit.o(i.TaskInit) for TaskInit
    main.o(i.Start_Task) refers to tasks.o(i.vTaskDelete) for vTaskDelete
    main.o(i.Start_Task) refers to port.o(i.vPortExitCritical) for vPortExitCritical
    main.o(i.Start_Task) refers to main.o(.data) for .data
    main.o(i.main) refers to hardwareinit.o(i.HardwareInit) for HardwareInit
    main.o(i.main) refers to tasks.o(i.xTaskCreate) for xTaskCreate
    main.o(i.main) refers to tasks.o(i.vTaskStartScheduler) for vTaskStartScheduler
    main.o(i.main) refers to main.o(.data) for .data
    main.o(i.main) refers to main.o(i.Start_Task) for Start_Task
    delay.o(i.delay_ms) refers to delay.o(i.delay_us) for delay_us
    hardwareinit.o(i.HardwareInit) refers to gpio.o(i.LED_Init) for LED_Init
    hardwareinit.o(i.HardwareInit) refers to hardwareinit.o(.bss) for .bss
    hardwareinit.o(i.HardwareInit) refers to gpio.o(i.SWITCH_Init) for SWITCH_Init
    hardwareinit.o(i.HardwareInit) refers to tim.o(i.TIM3_Init) for TIM3_Init
    hardwareinit.o(i.HardwareInit) refers to usart.o(i.USART1_RC_INIT_PA10_RX) for USART1_RC_INIT_PA10_RX
    hardwareinit.o(i.HardwareInit) refers to can.o(i.CAN1_Init_GPIOD_IO0_IO1) for CAN1_Init_GPIOD_IO0_IO1
    hardwareinit.o(i.HardwareInit) refers to can.o(i.CAN2_Init_GPIOB_IO5_IO6) for CAN2_Init_GPIOB_IO5_IO6
    hardwareinit.o(i.HardwareInit) refers to usart.o(i.UART4_GYRO_INIT_PC11_RX_PC10_TX) for UART4_GYRO_INIT_PC11_RX_PC10_TX
    hardwareinit.o(i.HardwareInit) refers to iwdg.o(i.IWDG_Init) for IWDG_Init
    taskinit.o(i.TaskInit) refers to tasks.o(i.xTaskCreate) for xTaskCreate
    taskinit.o(i.TaskInit) refers to taskinit.o(.data) for .data
    taskinit.o(i.TaskInit) refers to remote_task.o(i.Remote_Task) for Remote_Task
    taskinit.o(i.TaskInit) refers to chassis_task.o(i.Chassis_Task) for Chassis_Task
    taskinit.o(i.TaskInit) refers to detect_task.o(i.Detect_Task) for Detect_Task
    startup_stm32f40_41xxx.o(RESET) refers to startup_stm32f40_41xxx.o(STACK) for __initial_sp
    startup_stm32f40_41xxx.o(RESET) refers to startup_stm32f40_41xxx.o(.text) for Reset_Handler
    startup_stm32f40_41xxx.o(RESET) refers to stm32f4xx_it.o(i.NMI_Handler) for NMI_Handler
    startup_stm32f40_41xxx.o(RESET) refers to stm32f4xx_it.o(i.HardFault_Handler) for HardFault_Handler
    startup_stm32f40_41xxx.o(RESET) refers to stm32f4xx_it.o(i.MemManage_Handler) for MemManage_Handler
    startup_stm32f40_41xxx.o(RESET) refers to stm32f4xx_it.o(i.BusFault_Handler) for BusFault_Handler
    startup_stm32f40_41xxx.o(RESET) refers to stm32f4xx_it.o(i.UsageFault_Handler) for UsageFault_Handler
    startup_stm32f40_41xxx.o(RESET) refers to port.o(.emb_text) for SVC_Handler
    startup_stm32f40_41xxx.o(RESET) refers to stm32f4xx_it.o(i.DebugMon_Handler) for DebugMon_Handler
    startup_stm32f40_41xxx.o(RESET) refers to port.o(i.SysTick_Handler) for SysTick_Handler
    startup_stm32f40_41xxx.o(RESET) refers to can1_isr.o(i.CAN1_RX0_IRQHandler) for CAN1_RX0_IRQHandler
    startup_stm32f40_41xxx.o(RESET) refers to tim_isr.o(i.TIM3_IRQHandler) for TIM3_IRQHandler
    startup_stm32f40_41xxx.o(RESET) refers to gyro_isr.o(i.USART2_IRQHandler) for USART2_IRQHandler
    startup_stm32f40_41xxx.o(RESET) refers to vision_isr.o(i.USART3_IRQHandler) for USART3_IRQHandler
    startup_stm32f40_41xxx.o(RESET) refers to pyr_isr.o(i.UART4_IRQHandler) for UART4_IRQHandler
    startup_stm32f40_41xxx.o(RESET) refers to remote_isr.o(i.DMA2_Stream1_IRQHandler) for DMA2_Stream1_IRQHandler
    startup_stm32f40_41xxx.o(RESET) refers to can2_isr.o(i.CAN2_RX0_IRQHandler) for CAN2_RX0_IRQHandler
    startup_stm32f40_41xxx.o(RESET) refers to remote_isr.o(i.DMA2_Stream5_IRQHandler) for DMA2_Stream5_IRQHandler
    startup_stm32f40_41xxx.o(RESET) refers to referee_isr.o(i.USART6_IRQHandler) for USART6_IRQHandler
    startup_stm32f40_41xxx.o(.text) refers to system_stm32f4xx.o(i.SystemInit) for SystemInit
    startup_stm32f40_41xxx.o(.text) refers to entry.o(.ARM.Collect$$$$00000000) for __main
    stm32f4xx_adc.o(i.ADC_DeInit) refers to stm32f4xx_rcc.o(i.RCC_APB2PeriphResetCmd) for RCC_APB2PeriphResetCmd
    stm32f4xx_can.o(i.CAN_DeInit) refers to stm32f4xx_rcc.o(i.RCC_APB1PeriphResetCmd) for RCC_APB1PeriphResetCmd
    stm32f4xx_can.o(i.CAN_GetITStatus) refers to stm32f4xx_can.o(i.CheckITStatus) for CheckITStatus
    stm32f4xx_cryp.o(i.CRYP_DeInit) refers to stm32f4xx_rcc.o(i.RCC_AHB2PeriphResetCmd) for RCC_AHB2PeriphResetCmd
    stm32f4xx_cryp_aes.o(i.CRYP_AES_CBC) refers to stm32f4xx_cryp.o(i.CRYP_KeyStructInit) for CRYP_KeyStructInit
    stm32f4xx_cryp_aes.o(i.CRYP_AES_CBC) refers to stm32f4xx_cryp.o(i.CRYP_KeyInit) for CRYP_KeyInit
[...]
    i.USART_DeInit                           0x08003868   Section        0  stm32f4xx_usart.o(i.USART_DeInit)
    i.USART_GetITStatus                      0x08003914   Section        0  stm32f4xx_usart.o(i.USART_GetITStatus)
    i.USART_ITConfig                         0x08003952   Section        0  stm32f4xx_usart.o(i.USART_ITConfig)
    i.USART_Init                             0x08003984   Section        0  stm32f4xx_usart.o(i.USART_Init)
    i.UsageFault_Handler                     0x08003a30   Section        0  stm32f4xx_it.o(i.UsageFault_Handler)
    i.VISION_DATA_DEAL                       0x08003a34   Section        0  vision_isr.o(i.VISION_DATA_DEAL)
    VISION_DATA_DEAL                         0x08003a35   Thumb Code   190  vision_isr.o(i.VISION_DATA_DEAL)
    i.Verify_CRC16_Check_Sum                 0x08003afc   Section        0  crc.o(i.Verify_CRC16_Check_Sum)
    i.Verify_CRC8_Check_Sum                  0x08003b38   Section        0  crc.o(i.Verify_CRC8_Check_Sum)
    i.Wheel_Motor_Init                       0x08003b60   Section        0  chassismotor.o(i.Wheel_Motor_Init)
    i.Wiggle_Normal_bhv                      0x08003c5c   Section        0  chassis_fsm.o(i.Wiggle_Normal_bhv)
    Wiggle_Normal_bhv                        0x08003c5d   Thumb Code    30  chassis_fsm.o(i.Wiggle_Normal_bhv)
    i.Wiggle_Prepare                         0x08003c84   Section        0  chassis_fsm.o(i.Wiggle_Prepare)
    Wiggle_Prepare                           0x08003c85   Thumb Code    14  chassis_fsm.o(i.Wiggle_Prepare)
    i.Wiggle_State                           0x08003c98   Section        0  chassis_fsm.o(i.Wiggle_State)
    Wiggle_State                             0x08003c99   Thumb Code    10  chassis_fsm.o(i.Wiggle_State)
    i.__scatterload_copy                     0x08003cac   Section       14  handlers.o(i.__scatterload_copy)
    i.__scatterload_null                     0x08003cba   Section        2  handlers.o(i.__scatterload_null)
    i.__scatterload_zeroinit                 0x08003cbc   Section       14  handlers.o(i.__scatterload_zeroinit)
    i.cos_calculate                          0x08003ccc   Section        0  triangles.o(i.cos_calculate)
    i.float_abs                              0x08003d7c   Section        0  mathlib.o(i.float_abs)
    i.gyro_deal                              0x08003d8c   Section        0  gyro_isr.o(i.gyro_deal)
    gyro_deal                                0x08003d8d   Thumb Code   170  gyro_isr.o(i.gyro_deal)
    i.int16_t_abs                            0x08003e40   Section        0  mathlib.o(i.int16_t_abs)
    i.limit                                  0x08003e4a   Section        0  mathlib.o(i.limit)
    i.main                                   0x08003e5c   Section        0  main.o(i.main)
    i.prvAddCurrentTaskToDelayedList         0x08003e94   Section        0  tasks.o(i.prvAddCurrentTaskToDelayedList)
    prvAddCurrentTaskToDelayedList           0x08003e95   Thumb Code   102  tasks.o(i.prvAddCurrentTaskToDelayedList)
    i.prvAddNewTaskToReadyList               0x08003f04   Section        0  tasks.o(i.prvAddNewTaskToReadyList)
    prvAddNewTaskToReadyList                 0x08003f05   Thumb Code   192  tasks.o(i.prvAddNewTaskToReadyList)
    i.prvCheckForValidListAndQueue           0x08003fd4   Section        0  timers.o(i.prvCheckForValidListAndQueue)
    prvCheckForValidListAndQueue             0x08003fd5   Thumb Code    62  timers.o(i.prvCheckForValidListAndQueue)
    i.prvCheckTasksWaitingTermination        0x08004024   Section        0  tasks.o(i.prvCheckTasksWaitingTermination)
    prvCheckTasksWaitingTermination          0x08004025   Thumb Code    70  tasks.o(i.prvCheckTasksWaitingTermination)
    i.prvCopyDataFromQueue                   0x08004074   Section        0  queue.o(i.prvCopyDataFromQueue)
    prvCopyDataFromQueue                     0x08004075   Thumb Code    38  queue.o(i.prvCopyDataFromQueue)
    i.prvCopyDataToQueue                     0x0800409a   Section        0  queue.o(i.prvCopyDataToQueue)
    prvCopyDataToQueue                       0x0800409b   Thumb Code   108  queue.o(i.prvCopyDataToQueue)
    i.prvDeleteTCB                           0x08004106   Section        0  tasks.o(i.prvDeleteTCB)
    prvDeleteTCB                             0x08004107   Thumb Code    20  tasks.o(i.prvDeleteTCB)
    i.prvHeapInit                            0x0800411c   Section        0  heap_4.o(i.prvHeapInit)
    prvHeapInit                              0x0800411d   Thumb Code    66  heap_4.o(i.prvHeapInit)
    i.prvIdleTask                            0x08004168   Section        0  tasks.o(i.prvIdleTask)
    prvIdleTask                              0x08004169   Thumb Code    30  tasks.o(i.prvIdleTask)
    i.prvInitialiseNewTask                   0x08004190   Section        0  tasks.o(i.prvInitialiseNewTask)
    prvInitialiseNewTask                     0x08004191   Thumb Code   156  tasks.o(i.prvInitialiseNewTask)
    i.prvInsertBlockIntoFreeList             0x0800422c   Section        0  heap_4.o(i.prvInsertBlockIntoFreeList)
    prvInsertBlockIntoFreeList               0x0800422d   Thumb Code    72  heap_4.o(i.prvInsertBlockIntoFreeList)
    i.prvInsertTimerInActiveList             0x08004278   Section        0  timers.o(i.prvInsertTimerInActiveList)
    prvInsertTimerInActiveList               0x08004279   Thumb Code    52  timers.o(i.prvInsertTimerInActiveList)
    i.prvIsQueueEmpty                        0x080042b0   Section        0  queue.o(i.prvIsQueueEmpty)
    prvIsQueueEmpty                          0x080042b1   Thumb Code    28  queue.o(i.prvIsQueueEmpty)
    i.prvProcessReceivedCommands             0x080042cc   Section        0  timers.o(i.prvProcessReceivedCommands)
    prvProcessReceivedCommands               0x080042cd   Thumb Code   180  timers.o(i.prvProcessReceivedCommands)
    i.prvProcessTimerOrBlockTask             0x08004384   Section        0  timers.o(i.prvProcessTimerOrBlockTask)
    prvProcessTimerOrBlockTask               0x08004385   Thumb Code   172  timers.o(i.prvProcessTimerOrBlockTask)
    i.prvResetNextTaskUnblockTime            0x08004438   Section        0  tasks.o(i.prvResetNextTaskUnblockTime)
    prvResetNextTaskUnblockTime              0x08004439   Thumb Code    26  tasks.o(i.prvResetNextTaskUnblockTime)
    i.prvSampleTimeNow                       0x08004458   Section        0  timers.o(i.prvSampleTimeNow)
    prvSampleTimeNow                         0x08004459   Thumb Code    36  timers.o(i.prvSampleTimeNow)
    i.prvSwitchTimerLists                    0x08004480   Section        0  timers.o(i.prvSwitchTimerLists)
    prvSwitchTimerLists                      0x08004481   Thumb Code   102  timers.o(i.prvSwitchTimerLists)
    i.prvTaskExitError                       0x080044ec   Section        0  port.o(i.prvTaskExitError)
    prvTaskExitError                         0x080044ed   Thumb Code    36  port.o(i.prvTaskExitError)
    i.prvTimerTask                           0x08004514   Section        0  timers.o(i.prvTimerTask)
    prvTimerTask                             0x08004515   Thumb Code    32  timers.o(i.prvTimerTask)
    i.prvUnlockQueue                         0x08004538   Section        0  queue.o(i.prvUnlockQueue)
    prvUnlockQueue                           0x08004539   Thumb Code   106  queue.o(i.prvUnlockQueue)
    i.pvPortMalloc                           0x080045a4   Section        0  heap_4.o(i.pvPortMalloc)
    i.pvTaskIncrementMutexHeldCount          0x0800467c   Section        0  tasks.o(i.pvTaskIncrementMutexHeldCount)
    i.pxPortInitialiseStack                  0x08004694   Section        0  port.o(i.pxPortInitialiseStack)
    i.uxListRemove                           0x080046c0   Section        0  list.o(i.uxListRemove)
    i.vListInitialise                        0x080046e4   Section        0  list.o(i.vListInitialise)
    i.vListInitialiseItem                    0x080046fa   Section        0  list.o(i.vListInitialiseItem)
    i.vListInsert                            0x08004700   Section        0  list.o(i.vListInsert)
    i.vListInsertEnd                         0x08004730   Section        0  list.o(i.vListInsertEnd)
    i.vPortEnterCritical                     0x08004748   Section        0  port.o(i.vPortEnterCritical)
    i.vPortExitCritical                      0x08004788   Section        0  port.o(i.vPortExitCritical)
    i.vPortFree                              0x080047b0   Section        0  heap_4.o(i.vPortFree)
    i.vPortSetupTimerInterrupt               0x0800480c   Section        0  port.o(i.vPortSetupTimerInterrupt)
    i.vPortValidateInterruptPriority         0x0800482c   Section        0  port.o(i.vPortValidateInterruptPriority)
    i.vQueueAddToRegistry                    0x08004880   Section        0  queue.o(i.vQueueAddToRegistry)
    i.vQueueWaitForMessageRestricted         0x080048a8   Section        0  queue.o(i.vQueueWaitForMessageRestricted)
    i.vTaskDelay                             0x080048ec   Section        0  tasks.o(i.vTaskDelay)
    i.vTaskDelete                            0x08004938   Section        0  tasks.o(i.vTaskDelete)
    i.vTaskMissedYield                       0x080049e4   Section        0  tasks.o(i.vTaskMissedYield)
    i.vTaskPlaceOnEventList                  0x080049f0   Section        0  tasks.o(i.vTaskPlaceOnEventList)
    i.vTaskPlaceOnEventListRestricted        0x08004a20   Section        0  tasks.o(i.vTaskPlaceOnEventListRestricted)
    i.vTaskPriorityInherit                   0x08004a58   Section        0  tasks.o(i.vTaskPriorityInherit)
    i.vTaskSetTimeOutState                   0x08004adc   Section        0  tasks.o(i.vTaskSetTimeOutState)
    i.vTaskStartScheduler                    0x08004b00   Section        0  tasks.o(i.vTaskStartScheduler)
    i.vTaskSuspendAll                        0x08004b70   Section        0  tasks.o(i.vTaskSuspendAll)
    i.vTaskSwitchContext                     0x08004b80   Section        0  tasks.o(i.vTaskSwitchContext)
    i.xPortStartScheduler                    0x08004bdc   Section        0  port.o(i.xPortStartScheduler)
    i.xQueueGenericCreate                    0x08004cbc   Section        0  queue.o(i.xQueueGenericCreate)
    i.xQueueGenericReceive                   0x08004d10   Section        0  queue.o(i.xQueueGenericReceive)
    i.xQueueGenericReset                     0x08004e7c   Section        0  queue.o(i.xQueueGenericReset)
    i.xQueueGenericSend                      0x08004f04   Section        0  queue.o(i.xQueueGenericSend)
    i.xQueueGenericSendFromISR               0x08005064   Section        0  queue.o(i.xQueueGenericSendFromISR)
    i.xTaskCheckForTimeOut                   0x08005120   Section        0  tasks.o(i.xTaskCheckForTimeOut)
    i.xTaskCreate                            0x0800518c   Section        0  tasks.o(i.xTaskCreate)
    i.xTaskGetSchedulerState                 0x080051e4   Section        0  tasks.o(i.xTaskGetSchedulerState)
    i.xTaskGetTickCount                      0x08005200   Section        0  tasks.o(i.xTaskGetTickCount)
    i.xTaskIncrementTick                     0x0800520c   Section        0  tasks.o(i.xTaskIncrementTick)
    i.xTaskPriorityDisinherit                0x080052d4   Section        0  tasks.o(i.xTaskPriorityDisinherit)
    i.xTaskRemoveFromEventList               0x0800536c   Section        0  tasks.o(i.xTaskRemoveFromEventList)
    i.xTaskResumeAll                         0x080053e4   Section        0  tasks.o(i.xTaskResumeAll)
    i.xTimerCreateTimerTask                  0x080054a8   Section        0  timers.o(i.xTimerCreateTimerTask)
    i.xTimerGenericCommand                   0x080054f4   Section        0  timers.o(i.xTimerGenericCommand)
    .constdata                               0x08005554   Section      768  crc.o(.constdata)
    .constdata                               0x08005854   Section       48  chassismotor.o(.constdata)
    .constdata                               0x08005884   Section     3604  triangles.o(.constdata)
    .data                                    0x20000000   Section        4  main.o(.data)
    Start_Handler                            0x20000000   Data           4  main.o(.data)
    .data                                    0x20000004   Section       12  taskinit.o(.data)
    .data                                    0x20000010   Section       16  stm32f4xx_rcc.o(.data)
    APBAHBPrescTable                         0x20000010   Data          16  stm32f4xx_rcc.o(.data)
    .data                                    0x20000020   Section       20  system_stm32f4xx.o(.data)
    .data                                    0x20000034   Section       20  timers.o(.data)
    xTimerQueue                              0x20000034   Data           4  timers.o(.data)
    xTimerTaskHandle                         0x20000038   Data           4  timers.o(.data)
    xLastTime                                0x2000003c   Data           4  timers.o(.data)
    pxCurrentTimerList                       0x20000040   Data           4  timers.o(.data)
    pxOverflowTimerList                      0x20000044   Data           4  timers.o(.data)
    .data                                    0x20000048   Section       60  tasks.o(.data)
    uxDeletedTasksWaitingCleanUp             0x2000004c   Data           4  tasks.o(.data)
    uxCurrentNumberOfTasks                   0x20000050   Data           4  tasks.o(.data)
    xTickCount                               0x20000054   Data           4  tasks.o(.data)
    uxTopReadyPriority                       0x20000058   Data           4  tasks.o(.data)
    xSchedulerRunning                        0x2000005c   Data           4  tasks.o(.data)
    uxPendedTicks                            0x20000060   Data           4  tasks.o(.data)
    xYieldPending                            0x20000064   Data           4  tasks.o(.data)
    xNumOfOverflows                          0x20000068   Data           4  tasks.o(.data)
    uxTaskNumber                             0x2000006c   Data           4  tasks.o(.data)
    xNextTaskUnblockTime                     0x20000070   Data           4  tasks.o(.data)
    xIdleTaskHandle                          0x20000074   Data           4  tasks.o(.data)
    uxSchedulerSuspended                     0x20000078   Data           4  tasks.o(.data)
    pxDelayedTaskList                        0x2000007c   Data           4  tasks.o(.data)
    pxOverflowDelayedTaskList                0x20000080   Data           4  tasks.o(.data)
    .data                                    0x20000084   Section       24  heap_4.o(.data)
    pxEnd                                    0x20000084   Data           4  heap_4.o(.data)
    xFreeBytesRemaining                      0x20000088   Data           4  heap_4.o(.data)
    xMinimumEverFreeBytesRemaining           0x2000008c   Data           4  heap_4.o(.data)
    xBlockAllocatedBit                       0x20000090   Data           4  heap_4.o(.data)
    xStart                                   0x20000094   Data           8  heap_4.o(.data)
    .data                                    0x2000009c   Section       12  port.o(.data)
    ucMaxSysCallPriority                     0x2000009c   Data           1  port.o(.data)
    uxCriticalNesting                        0x200000a0   Data           4  port.o(.data)
    ulMaxPRIGROUPValue                       0x200000a4   Data           4  port.o(.data)
    .data                                    0x200000a8   Section        8  can2_isr.o(.data)
    .data                                    0x200000b0   Section        2  crc.o(.data)
    .data                                    0x200000b2   Section        8  tim_isr.o(.data)
    led                                      0x200000b2   Data           1  tim_isr.o(.data)
    .data                                    0x200000bc   Section       16  boardcommuni.o(.data)
    .data                                    0x200000cc   Section       12  chassismotor.o(.data)
    dir                                      0x200000cc   Data           1  chassismotor.o(.data)
    lock                                     0x200000cd   Data           1  chassismotor.o(.data)
    last_dire                                0x200000ce   Data           1  chassismotor.o(.data)
    Y_offset                                 0x200000d0   Data           2  chassismotor.o(.data)
    clock                                    0x200000d2   Data           2  chassismotor.o(.data)
    CurYaw                                   0x200000d4   Data           4  chassismotor.o(.data)
    .data                                    0x200000d8   Section        2  remotedeal.o(.data)
    lock                                     0x200000d8   Data           1  remotedeal.o(.data)
    _s1                                      0x200000d9   Data           1  remotedeal.o(.data)
    .data                                    0x200000da   Section        2  detect_task.o(.data)
    feed                                     0x200000da   Data           2  detect_task.o(.data)
    .data                                    0x200000dc   Section        2  mathlib.o(.data)
    MAX_I                                    0x200000dc   Data           2  mathlib.o(.data)
    .bss                                     0x200000e0   Section       44  hardwareinit.o(.bss)
    Hardware                                 0x200000e0   Data          44  hardwareinit.o(.bss)
    .bss                                     0x2000010c   Section       40  timers.o(.bss)
    xActiveTimerList1                        0x2000010c   Data          20  timers.o(.bss)
    xActiveTimerList2                        0x20000120   Data          20  timers.o(.bss)
    .bss                                     0x20000134   Section      420  tasks.o(.bss)
    pxReadyTasksLists                        0x20000134   Data         320  tasks.o(.bss)
    xDelayedTaskList1                        0x20000274   Data          20  tasks.o(.bss)
    xDelayedTaskList2                        0x20000288   Data          20  tasks.o(.bss)
    xPendingReadyList                        0x2000029c   Data          20  tasks.o(.bss)
    xTasksWaitingTermination                 0x200002b0   Data          20  tasks.o(.bss)
    xSuspendedTaskList                       0x200002c4   Data          20  tasks.o(.bss)
    .bss                                     0x200002d8   Section       64  queue.o(.bss)
    .bss                                     0x20000318   Section    76800  heap_4.o(.bss)
    ucHeap                                   0x20000318   Data       76800  heap_4.o(.bss)
    .bss                                     0x20012f18   Section      274  usart.o(.bss)
    .bss                                     0x2001302a   Section      207  can1_isr.o(.bss)
    .bss                                     0x200130f9   Section       49  gyro_isr.o(.bss)
    GYRO_G                                   0x200130f9   Data          24  gyro_isr.o(.bss)
    gyro_receive                             0x20013111   Data          25  gyro_isr.o(.bss)
    .bss                                     0x2001312a   Section      420  referee_isr.o(.bss)
    .bss                                     0x200132ce   Section       31  remote_isr.o(.bss)
    .bss                                     0x200132ed   Section       63  vision_isr.o(.bss)
    Vision                                   0x200132ed   Data          31  vision_isr.o(.bss)
    VISION_DATA                              0x2001330c   Data          32  vision_isr.o(.bss)
    .bss                                     0x2001332c   Section      149  pyr_isr.o(.bss)
    .bss                                     0x200133c1   Section      101  remotedeal.o(.bss)
    .bss                                     0x20013426   Section     1025  chassis_task.o(.bss)
    .bss                                     0x20013828   Section      196  chassis_fsm.o(.bss)
    STACK                                    0x200138f0   Section     1024  startup_stm32f40_41xxx.o(STACK)

    Global Symbols

    Symbol Name                              Value     Ov Type        Size  Object(Section)

    BuildAttributes$$THM_ISAv4$E$P$D$K$B$S$7EM$VFPi3$EXTD16$VFPS$VFMA$PE$A:L22UL41UL21$X:L11$S22US41US21$IEEE1$IW$USESV6$~STKCKD$USESV7$~SHL$OTIME$ROPI$EBA8$MICROLIB$REQ8$PRES8$EABIv2 0x00000000   Number         0  anon$$obj.o ABSOLUTE
    __ARM_use_no_argv                        0x00000000   Number         0  main.o ABSOLUTE
    __arm_fini_                               - Undefined Weak Reference
    __cpp_initialize__aeabi_                  - Undefined Weak Reference
    __cxa_finalize                            - Undefined Weak Reference
    __decompress                              - Undefined Weak Reference
    _clock_init                               - Undefined Weak Reference
    _microlib_exit                            - Undefined Weak Reference
    __Vectors_Size                           0x00000188   Number         0  startup_stm32f40_41xxx.o ABSOLUTE
    __Vectors                                0x08000000   Data           4  startup_stm32f40_41xxx.o(RESET)
    __Vectors_End                            0x08000188   Data           0  startup_stm32f40_41xxx.o(RESET)
    __main                                   0x08000189   Thumb Code     0  entry.o(.ARM.Collect$$$$00000000)
    _main_stk                                0x08000189   Thumb Code     0  entry2.o(.ARM.Collect$$$$00000001)
    _main_scatterload                        0x0800018d   Thumb Code     0  entry5.o(.ARM.Collect$$$$00000004)
    __main_after_scatterload                 0x08000191   Thumb Code     0  entry5.o(.ARM.Collect$$$$00000004)
    _main_clock                              0x08000191   Thumb Code     0  entry7b.o(.ARM.Collect$$$$00000008)
    _main_cpp_init                           0x08000191   Thumb Code     0  entry8b.o(.ARM.Collect$$$$0000000A)
    _main_init                               0x08000191   Thumb Code     0  entry9a.o(.ARM.Collect$$$$0000000B)
    __rt_lib_shutdown_fini                   0x08000199   Thumb Code     0  entry12b.o(.ARM.Collect$$$$0000000E)
    __rt_final_cpp                           0x0800019d   Thumb Code     0  entry10a.o(.ARM.Collect$$$$0000000F)
    __rt_final_exit                          0x0800019d   Thumb Code     0  entry11a.o(.ARM.Collect$$$$00000011)
    SVC_Handler                              0x080001a1   Thumb Code    28  port.o(.emb_text)
    __asm___6_port_c_39a90d8d__prvStartFirstTask 0x080001c1   Thumb Code    28  port.o(.emb_text)
    __asm___6_port_c_39a90d8d__prvEnableVFP  0x080001e1   Thumb Code    16  port.o(.emb_text)
    PendSV_Handler                           0x080001f5   Thumb Code    88  port.o(.emb_text)
    vPortGetIPSR                             0x08000251   Thumb Code     6  port.o(.emb_text)
    Reset_Handler                            0x08000259   Thumb Code     8  startup_stm32f40_41xxx.o(.text)
    ADC_IRQHandler                           0x08000273   Thumb Code     0  startup_stm32f40_41xxx.o(.text)
    CAN1_RX1_IRQHandler                      0x08000273   Thumb Code     0  startup_stm32f40_41xxx.o(.text)
    CAN1_SCE_IRQHandler                      0x08000273   Thumb Code     0  startup_stm32f40_41xxx.o(.text)
    CAN1_TX_IRQHandler                       0x08000273   Thumb Code     0  startup_stm32f40_41xxx.o(.text)
    CAN2_RX1_IRQHandler                      0x08000273   Thumb Code     0  startup_stm32f40_41xxx.o(.text)
    CAN2_SCE_IRQHandler                      0x08000273   Thumb Code     0  startup_stm32f40_41xxx.o(.text)
    CAN2_TX_IRQHandler                       0x08000273   Thumb Code     0  startup_stm32f40_41xxx.o(.text)
    CRYP_IRQHandler                          0x08000273   Thumb Code     0  startup_stm32f40_41xxx.o(.text)
    DCMI_IRQHandler                          0x08000273   Thumb Code     0  startup_stm32f40_41xxx.o(.text)
    DMA1_Stream0_IRQHandler                  0x08000273   Thumb Code     0  startup_stm32f40_41xxx.o(.text)
    DMA1_Stream1_IRQHandler                  0x08000273   Thumb Code     0  startup_stm32f40_41xxx.o(.text)
    DMA1_Stream2_IRQHandler                  0x08000273   Thumb Code     0  startup_stm32f40_41xxx.o(.text)
    DMA1_Stream3_IRQHandler                  0x08000273   Thumb Code     0  startup_stm32f40_41xxx.o(.text)
    DMA1_Stream4_IRQHandler                  0x08000273   Thumb Code     0  startup_stm32f40_41xxx.o(.text)
    DMA1_Stream5_IRQHandler                  0x08000273   Thumb Code     0  startup_stm32f40_41xxx.o(.text)
    DMA1_Stream6_IRQHandler                  0x08000273   Thumb Code     0  startup_stm32f40_41xxx.o(.text)
    DMA1_Stream7_IRQHandler                  0x08000273   Thumb Code     0  startup_stm32f40_41xxx.o(.text)
    DMA2_Stream0_IRQHandler                  0x08000273   Thumb Code     0  startup_stm32f40_41xxx.o(.text)
    DMA2_Stream2_IRQHandler                  0x08000273   Thumb Code     0  startup_stm32f40_41xxx.o(.text)
    DMA2_Stream3_IRQHandler                  0x08000273   Thumb Code     0  startup_stm32f40_41xxx.o(.text)
    DMA2_Stream4_IRQHandler                  0x08000273   Thumb Code     0  startup_stm32f40_41xxx.o(.text)
    DMA2_Stream6_IRQHandler                  0x08000273   Thumb Code     0  startup_stm32f40_41xxx.o(.text)
    DMA2_Stream7_IRQHandler                  0x08000273   Thumb Code     0  startup_stm32f40_41xxx.o(.text)
    ETH_IRQHandler                           0x08000273   Thumb Code     0  startup_stm32f40_41xxx.o(.text)
    ETH_WKUP_IRQHandler                      0x08000273   Thumb Code     0  startup_stm32f40_41xxx.o(.text)
    EXTI0_IRQHandler                         0x08000273   Thumb Code     0  startup_stm32f40_41xxx.o(.text)
    EXTI15_10_IRQHandler                     0x08000273   Thumb Code     0  startup_stm32f40_41xxx.o(.text)
    EXTI1_IRQHandler                         0x08000273   Thumb Code     0  startup_stm32f40_41xxx.o(.text)
    EXTI2_IRQHandler                         0x08000273   Thumb Code     0  startup_stm32f40_41xxx.o(.text)
    EXTI3_IRQHandler                         0x08000273   Thumb Code     0  startup_stm32f40_41xxx.o(.text)
    EXTI4_IRQHandler                         0x08000273   Thumb Code     0  startup_stm32f40_41xxx.o(.text)
    EXTI9_5_IRQHandler                       0x08000273   Thumb Code     0  startup_stm32f40_41xxx.o(.text)
    FLASH_IRQHandler                         0x08000273   Thumb Code     0  startup_stm32f40_41xxx.o(.text)
    FPU_IRQHandler                           0x08000273   Thumb Code     0  startup_stm32f40_41xxx.o(.text)
    FSMC_IRQHandler                          0x08000273   Thumb Code     0  startup_stm32f40_41xxx.o(.text)
    HASH_RNG_IRQHandler                      0x08000273   Thumb Code     0  startup_stm32f40_41xxx.o(.text)
    I2C1_ER_IRQHandler                       0x08000273   Thumb Code     0  startup_stm32f40_41xxx.o(.text)
    I2C1_EV_IRQHandler                       0x08000273   Thumb Code     0  startup_stm32f40_41xxx.o(.text)
    I2C2_ER_IRQHandler                       0x08000273   Thumb Code     0  startup_stm32f40_41xxx.o(.text)
    I2C2_EV_IRQHandler                       0x08000273   Thumb Code     0  startup_stm32f40_41xxx.o(.text)
    I2C3_ER_IRQHandler                       0x08000273   Thumb Code     0  startup_stm32f40_41xxx.o(.text)
    I2C3_EV_IRQHandler                       0x08000273   Thumb Code     0  startup_stm32f40_41xxx.o(.text)
    OTG_FS_IRQHandler                        0x08000273   Thumb Code     0  startup_stm32f40_41xxx.o(.text)
    OTG_FS_WKUP_IRQHandler                   0x08000273   Thumb Code     0  startup_stm32f40_41xxx.o(.text)
    OTG_HS_EP1_IN_IRQHandler                 0x08000273   Thumb Code     0  startup_stm32f40_41xxx.o(.text)
    OTG_HS_EP1_OUT_IRQHandler                0x08000273   Thumb Code     0  startup_stm32f40_41xxx.o(.text)
    OTG_HS_IRQHandler                        0x08000273   Thumb Code     0  startup_stm32f40_41xxx.o(.text)
    OTG_HS_WKUP_IRQHandler                   0x08000273   Thumb Code     0  startup_stm32f40_41xxx.o(.text)
    PVD_IRQHandler                           0x08000273   Thumb Code     0  startup_stm32f40_41xxx.o(.text)
    RCC_IRQHandler                           0x08000273   Thumb Code     0  startup_stm32f40_41xxx.o(.text)
    RTC_Alarm_IRQHandler                     0x08000273   Thumb Code     0  startup_stm32f40_41xxx.o(.text)
    RTC_WKUP_IRQHandler                      0x08000273   Thumb Code     0  startup_stm32f40_41xxx.o(.text)
    SDIO_IRQHandler                          0x08000273   Thumb Code     0  startup_stm32f40_41xxx.o(.text)
    SPI1_IRQHandler                          0x08000273   Thumb Code     0  startup_stm32f40_41xxx.o(.text)
    SPI2_IRQHandler                          0x08000273   Thumb Code     0  startup_stm32f40_41xxx.o(.text)
    SPI3_IRQHandler                          0x08000273   Thumb Code     0  startup_stm32f40_41xxx.o(.text)
    TAMP_STAMP_IRQHandler                    0x08000273   Thumb Code     0  startup_stm32f40_41xxx.o(.text)
    TIM1_BRK_TIM9_IRQHandler                 0x08000273   Thumb Code     0  startup_stm32f40_41xxx.o(.text)
    TIM1_CC_IRQHandler                       0x08000273   Thumb Code     0  startup_stm32f40_41xxx.o(.text)
    TIM1_TRG_COM_TIM11_IRQHandler            0x08000273   Thumb Code     0  startup_stm32f40_41xxx.o(.text)
    TIM1_UP_TIM10_IRQHandler                 0x08000273   Thumb Code     0  startup_stm32f40_41xxx.o(.text)
    TIM2_IRQHandler                          0x08000273   Thumb Code     0  startup_stm32f40_41xxx.o(.text)
    TIM4_IRQHandler                          0x08000273   Thumb Code     0  startup_stm32f40_41xxx.o(.text)
    TIM5_IRQHandler                          0x08000273   Thumb Code     0  startup_stm32f40_41xxx.o(.text)
    TIM6_DAC_IRQHandler                      0x08000273   Thumb Code     0  startup_stm32f40_41xxx.o(.text)
    TIM7_IRQHandler                          0x08000273   Thumb Code     0  startup_stm32f40_41xxx.o(.text)
    TIM8_BRK_TIM12_IRQHandler                0x08000273   Thumb Code     0  startup_stm32f40_41xxx.o(.text)
    TIM8_CC_IRQHandler                       0x08000273   Thumb Code     0  startup_stm32f40_41xxx.o(.text)
    TIM8_TRG_COM_TIM14_IRQHandler            0x08000273   Thumb Code     0  startup_stm32f40_41xxx.o(.text)
    TIM8_UP_TIM13_IRQHandler                 0x08000273   Thumb Code     0  startup_stm32f40_41xxx.o(.text)
    UART5_IRQHandler                         0x08000273   Thumb Code     0  startup_stm32f40_41xxx.o(.text)
    USART1_IRQHandler                        0x08000273   Thumb Code     0  startup_stm32f40_41xxx.o(.text)
    WWDG_IRQHandler                          0x08000273   Thumb Code     0  startup_stm32f40_41xxx.o(.text)
    __aeabi_memcpy                           0x0800027d   Thumb Code    36  memcpya.o(.text)
    __aeabi_memcpy4                          0x0800027d   Thumb Code     0  memcpya.o(.text)
    __aeabi_memcpy8                          0x0800027d   Thumb Code     0  memcpya.o(.text)
    __aeabi_memset                           0x080002a1   Thumb Code    14  memseta.o(.text)
    __aeabi_memset4                          0x080002a1   Thumb Code     0  memseta.o(.text)
    __aeabi_memset8                          0x080002a1   Thumb Code     0  memseta.o(.text)
    __aeabi_memclr                           0x080002af   Thumb Code     4  memseta.o(.text)
    __aeabi_memclr4                          0x080002af   Thumb Code     0  memseta.o(.text)
    __aeabi_memclr8                          0x080002af   Thumb Code     0  memseta.o(.text)
    _memset$wrapper                          0x080002b3   Thumb Code    18  memseta.o(.text)
    __aeabi_dmul                             0x080002c5   Thumb Code   228  dmul.o(.text)
    __aeabi_ddiv                             0x080003a9   Thumb Code   222  ddiv.o(.text)
    __aeabi_i2d                              0x08000487   Thumb Code    34  dflti.o(.text)
    __aeabi_ui2d                             0x080004a9   Thumb Code    26  dfltui.o(.text)
    __aeabi_f2d                              0x080004c3   Thumb Code    38  f2d.o(.text)
    __aeabi_d2f                              0x080004e9   Thumb Code    56  d2f.o(.text)
    __I$use$fp                               0x08000521   Thumb Code     0  iusefp.o(.text)
    _float_round                             0x08000521   Thumb Code    18  fepilogue.o(.text)
    _float_epilogue                          0x08000533   Thumb Code    92  fepilogue.o(.text)
    _double_round                            0x0800058f   Thumb Code    30  depilogue.o(.text)
    _double_epilogue                         0x080005ad   Thumb Code   156  depilogue.o(.text)
    __scatterload                            0x08000649   Thumb Code    28  init.o(.text)
    __scatterload_rt2                        0x08000649   Thumb Code     0  init.o(.text)
    __aeabi_llsl                             0x0800066d   Thumb Code    30  llshl.o(.text)
    _ll_shift_l                              0x0800066d   Thumb Code     0  llshl.o(.text)
    __aeabi_llsr                             0x0800068b   Thumb Code    32  llushr.o(.text)
    _ll_ushift_r                             0x0800068b   Thumb Code     0  llushr.o(.text)
    BoardCommuni_DataUpdate                  0x080006ad   Thumb Code    28  boardcommuni.o(i.BoardCommuni_DataUpdate)
    BoardCommuni_Init                        0x080006cd   Thumb Code    18  boardcommuni.o(i.BoardCommuni_Init)
    BusFault_Handler                         0x080006e5   Thumb Code     2  stm32f4xx_it.o(i.BusFault_Handler)
    CAN1_201_To_204_SEND                     0x080006e9   Thumb Code   108  can1_isr.o(i.CAN1_201_To_204_SEND)
    CAN1_205_To_208_SEND                     0x08000759   Thumb Code   108  can1_isr.o(i.CAN1_205_To_208_SEND)
    CAN1_Init_GPIOD_IO0_IO1                  0x080007c9   Thumb Code   234  can.o(i.CAN1_Init_GPIOD_IO0_IO1)
    CAN1_RX0_IRQHandler                      0x080008bd   Thumb Code   334  can1_isr.o(i.CAN1_RX0_IRQHandler)
    CAN2_Init_GPIOB_IO5_IO6                  0x08000a19   Thumb Code   236  can.o(i.CAN2_Init_GPIOB_IO5_IO6)
    CAN2_RX0_IRQHandler                      0x08000b0d   Thumb Code    96  can2_isr.o(i.CAN2_RX0_IRQHandler)
    CAN2_To_Board                            0x08000b75   Thumb Code   112  can2_isr.o(i.CAN2_To_Board)
    CAN_ClearFlag                            0x08000be9   Thumb Code    44  stm32f4xx_can.o(i.CAN_ClearFlag)
    CAN_ClearITPendingBit                    0x08000c19   Thumb Code   116  stm32f4xx_can.o(i.CAN_ClearITPendingBit)
    CAN_DATA_Encoder_Deal                    0x08000c91   Thumb Code   316  encoder.o(i.CAN_DATA_Encoder_Deal)
    CAN_DATA_Speed_Deal                      0x08000dd5   Thumb Code    16  encoder.o(i.CAN_DATA_Speed_Deal)
    CAN_DeInit                               0x08000de5   Thumb Code    38  stm32f4xx_can.o(i.CAN_DeInit)
    CAN_FilterInit                           0x08000e11   Thumb Code   194  stm32f4xx_can.o(i.CAN_FilterInit)
    CAN_GetITStatus                          0x08000edd   Thumb Code   162  stm32f4xx_can.o(i.CAN_GetITStatus)
    CAN_ITConfig                             0x08000f85   Thumb Code    16  stm32f4xx_can.o(i.CAN_ITConfig)
    CAN_Init                                 0x08000f95   Thumb Code   232  stm32f4xx_can.o(i.CAN_Init)
    CAN_Receive                              0x0800107d   Thumb Code   144  stm32f4xx_can.o(i.CAN_Receive)
    CAN_StructInit                           0x0800110d   Thumb Code    32  stm32f4xx_can.o(i.CAN_StructInit)
    CAN_Transmit                             0x0800112d   Thumb Code   190  stm32f4xx_can.o(i.CAN_Transmit)
    CAN_TransmitStatus                       0x080011ed   Thumb Code    88  stm32f4xx_can.o(i.CAN_TransmitStatus)
    Chassis_FSM_Init                         0x0800128d   Thumb Code   174  chassis_fsm.o(i.Chassis_FSM_Init)
    Chassis_Indepen_Drive                    0x08001375   Thumb Code   682  chassismotor.o(i.Chassis_Indepen_Drive)
    Chassis_Poweroff_Drive                   0x080016cd   Thumb Code    34  chassismotor.o(i.Chassis_Poweroff_Drive)
    Chassis_Rescue                           0x080016f1   Thumb Code   166  chassismotor.o(i.Chassis_Rescue)
    Chassis_Task                             0x0800179d   Thumb Code    34  chassis_task.o(i.Chassis_Task)
    Chassis_Wiggle_Drive                     0x080017c5   Thumb Code   800  chassismotor.o(i.Chassis_Wiggle_Drive)
    DMA2_Stream1_IRQHandler                  0x08001afd   Thumb Code    48  remote_isr.o(i.DMA2_Stream1_IRQHandler)
    DMA2_Stream5_IRQHandler                  0x08001b3d   Thumb Code    48  remote_isr.o(i.DMA2_Stream5_IRQHandler)
    DMA_ClearFlag                            0x08001b7d   Thumb Code    32  stm32f4xx_dma.o(i.DMA_ClearFlag)
    DMA_ClearITPendingBit                    0x08001ba9   Thumb Code    32  stm32f4xx_dma.o(i.DMA_ClearITPendingBit)
    DMA_Cmd                                  0x08001bd5   Thumb Code    20  stm32f4xx_dma.o(i.DMA_Cmd)
    DMA_DeInit                               0x08001be9   Thumb Code   272  stm32f4xx_dma.o(i.DMA_DeInit)
    DMA_GetCmdStatus                         0x08001d0d   Thumb Code    14  stm32f4xx_dma.o(i.DMA_GetCmdStatus)
    DMA_GetCurrDataCounter                   0x08001d1b   Thumb Code     6  stm32f4xx_dma.o(i.DMA_GetCurrDataCounter)
    DMA_GetFlagStatus                        0x08001d21   Thumb Code    40  stm32f4xx_dma.o(i.DMA_GetFlagStatus)
    DMA_ITConfig                             0x08001d55   Thumb Code    44  stm32f4xx_dma.o(i.DMA_ITConfig)
    DMA_Init                                 0x08001d81   Thumb Code    80  stm32f4xx_dma.o(i.DMA_Init)
    DMA_SetCurrDataCounter                   0x08001dd5   Thumb Code     4  stm32f4xx_dma.o(i.DMA_SetCurrDataCounter)
    Dead_Zone                                0x08001dd9   Thumb Code    18  mathlib.o(i.Dead_Zone)
    DebugMon_Handler                         0x08001deb   Thumb Code     2  stm32f4xx_it.o(i.DebugMon_Handler)
    Detect_Task                              0x08001ded   Thumb Code   182  detect_task.o(i.Detect_Task)
    EncoderValZero                           0x08001eb5   Thumb Code    46  encoder.o(i.EncoderValZero)
    FSM_Deal                                 0x08001ee3   Thumb Code    82  fsm.o(i.FSM_Deal)
    First_Order                              0x08001f35   Thumb Code    56  filterlib.o(i.First_Order)
    First_Order_Init                         0x08001f6d   Thumb Code    16  filterlib.o(i.First_Order_Init)
    GPIO_Init                                0x08001f7d   Thumb Code   162  stm32f4xx_gpio.o(i.GPIO_Init)
    GPIO_PinAFConfig                         0x0800201f   Thumb Code    32  stm32f4xx_gpio.o(i.GPIO_PinAFConfig)
    GPIO_ResetBits                           0x0800203f   Thumb Code     4  stm32f4xx_gpio.o(i.GPIO_ResetBits)
    GPIO_SetBits                             0x08002043   Thumb Code     4  stm32f4xx_gpio.o(i.GPIO_SetBits)
    GPIO_ToggleBits                          0x08002047   Thumb Code     8  stm32f4xx_gpio.o(i.GPIO_ToggleBits)
    Get_CRC16_Check_Sum                      0x08002079   Thumb Code    38  crc.o(i.Get_CRC16_Check_Sum)
    Get_CRC8_Check_Sum                       0x080020a5   Thumb Code    24  crc.o(i.Get_CRC8_Check_Sum)
    HardFault_Handler                        0x080020c1   Thumb Code     2  stm32f4xx_it.o(i.HardFault_Handler)
    HardwareInit                             0x080020c5   Thumb Code    98  hardwareinit.o(i.HardwareInit)
    IWDG_Enable                              0x0800214d   Thumb Code    10  stm32f4xx_iwdg.o(i.IWDG_Enable)
    IWDG_Init                                0x0800215d   Thumb Code    38  iwdg.o(i.IWDG_Init)
    IWDG_ReloadCounter                       0x08002185   Thumb Code    10  stm32f4xx_iwdg.o(i.IWDG_ReloadCounter)
    IWDG_SetPrescaler                        0x08002195   Thumb Code     6  stm32f4xx_iwdg.o(i.IWDG_SetPrescaler)
    IWDG_SetReload                           0x080021a1   Thumb Code     6  stm32f4xx_iwdg.o(i.IWDG_SetReload)
    IWDG_WriteAccessCmd                      0x080021ad   Thumb Code     6  stm32f4xx_iwdg.o(i.IWDG_WriteAccessCmd)
    LED_Init                                 0x0800248d   Thumb Code    94  gpio.o(i.LED_Init)
    MemManage_Handler                        0x080024f5   Thumb Code     2  stm32f4xx_it.o(i.MemManage_Handler)
    MotorValZero                             0x080024f9   Thumb Code    98  motor.o(i.MotorValZero)
    NMI_Handler                              0x08002561   Thumb Code     2  stm32f4xx_it.o(i.NMI_Handler)
    NVIC_Init                                0x08002565   Thumb Code    96  misc.o(i.NVIC_Init)
    PID_DEAL                                 0x080025f5   Thumb Code   312  pid.o(i.PID_DEAL)
    PID_INIT                                 0x08002731   Thumb Code    66  pid.o(i.PID_INIT)
    RCC_AHB1PeriphClockCmd                   0x08002881   Thumb Code    18  stm32f4xx_rcc.o(i.RCC_AHB1PeriphClockCmd)
    RCC_APB1PeriphClockCmd                   0x08002899   Thumb Code    18  stm32f4xx_rcc.o(i.RCC_APB1PeriphClockCmd)
    RCC_APB1PeriphResetCmd                   0x080028b1   Thumb Code    18  stm32f4xx_rcc.o(i.RCC_APB1PeriphResetCmd)
    RCC_APB2PeriphClockCmd                   0x080028c9   Thumb Code    18  stm32f4xx_rcc.o(i.RCC_APB2PeriphClockCmd)
    RCC_APB2PeriphResetCmd                   0x080028e1   Thumb Code    18  stm32f4xx_rcc.o(i.RCC_APB2PeriphResetCmd)
    RCC_GetClocksFreq                        0x080028f9   Thumb Code   114  stm32f4xx_rcc.o(i.RCC_GetClocksFreq)
    RETURN_MAX                               0x08002a4d   Thumb Code    62  mathlib.o(i.RETURN_MAX)
    RefereeDataDeal                          0x08002bb5   Thumb Code   378  referee_isr.o(i.RefereeDataDeal)
    Remote_Data_Deal                         0x08002d35   Thumb Code    58  remotedeal.o(i.Remote_Data_Deal)
    Remote_Data_Init                         0x08002d79   Thumb Code   108  remotedeal.o(i.Remote_Data_Init)
    Remote_Task                              0x08002e4d   Thumb Code    16  remote_task.o(i.Remote_Task)
    Rescue_Motor_Init                        0x08002e5d   Thumb Code   136  chassismotor.o(i.Rescue_Motor_Init)
    Return_CAN2_Board_Data                   0x08002f45   Thumb Code     4  can2_isr.o(i.Return_CAN2_Board_Data)
    Return_Can1_201_208_Encoder              0x08002f4d   Thumb Code    46  can1_isr.o(i.Return_Can1_201_208_Encoder)
    Return_Chassis_FSM                       0x08002f81   Thumb Code     4  chassis_fsm.o(i.Return_Chassis_FSM)
    Return_PYR_t                             0x08002f89   Thumb Code     4  pyr_isr.o(i.Return_PYR_t)
    Return_RemoteDeal_Point                  0x08002f91   Thumb Code     4  remotedeal.o(i.Return_RemoteDeal_Point)
    Return_Remote_Point                      0x08002f99   Thumb Code     4  remote_isr.o(i.Return_Remote_Point)
    SWITCH_Init                              0x08002fa1   Thumb Code    46  gpio.o(i.SWITCH_Init)
    Send_Ctrl_To_Board                       0x08002fd5   Thumb Code    34  boardcommuni.o(i.Send_Ctrl_To_Board)
    Send_RC_To_Board                         0x08002ffd   Thumb Code   108  boardcommuni.o(i.Send_RC_To_Board)
    StateChange                              0x08003141   Thumb Code    12  fsm.o(i.StateChange)
    SysTick_Handler                          0x0800314d   Thumb Code    38  port.o(i.SysTick_Handler)
    SystemInit                               0x08003179   Thumb Code    74  system_stm32f4xx.o(i.SystemInit)
    TIM3_IRQHandler                          0x080031d5   Thumb Code   124  tim_isr.o(i.TIM3_IRQHandler)
    TIM3_Init                                0x0800325d   Thumb Code    88  tim.o(i.TIM3_Init)
    TIM_ClearITPendingBit                    0x080032b9   Thumb Code     6  stm32f4xx_tim.o(i.TIM_ClearITPendingBit)
    TIM_Cmd                                  0x080032bf   Thumb Code    20  stm32f4xx_tim.o(i.TIM_Cmd)
    TIM_GetITStatus                          0x080032d3   Thumb Code    24  stm32f4xx_tim.o(i.TIM_GetITStatus)
    TIM_ITConfig                             0x080032eb   Thumb Code    16  stm32f4xx_tim.o(i.TIM_ITConfig)
    TIM_TimeBaseInit                         0x080032fd   Thumb Code    96  stm32f4xx_tim.o(i.TIM_TimeBaseInit)
    TaskInit                                 0x080033ad   Thumb Code    70  taskinit.o(i.TaskInit)
    UART4_GYRO_INIT_PC11_RX_PC10_TX          0x0800342d   Thumb Code   248  usart.o(i.UART4_GYRO_INIT_PC11_RX_PC10_TX)
    UART4_IRQHandler                         0x08003539   Thumb Code   112  pyr_isr.o(i.UART4_IRQHandler)
    USART1_RC_INIT_PA10_RX                   0x080035b9   Thumb Code   250  usart.o(i.USART1_RC_INIT_PA10_RX)
    USART2_IRQHandler                        0x080036cd   Thumb Code   104  gyro_isr.o(i.USART2_IRQHandler)
    USART3_IRQHandler                        0x08003745   Thumb Code   110  vision_isr.o(i.USART3_IRQHandler)
    USART6_IRQHandler                        0x080037c5   Thumb Code   112  referee_isr.o(i.USART6_IRQHandler)
    USART_Cmd                                0x08003845   Thumb Code    20  stm32f4xx_usart.o(i.USART_Cmd)
    USART_DMACmd                             0x08003859   Thumb Code    16  stm32f4xx_usart.o(i.USART_DMACmd)
    USART_DeInit                             0x08003869   Thumb Code   138  stm32f4xx_usart.o(i.USART_DeInit)
    USART_GetITStatus                        0x08003915   Thumb Code    62  stm32f4xx_usart.o(i.USART_GetITStatus)
    USART_ITConfig                           0x08003953   Thumb Code    48  stm32f4xx_usart.o(i.USART_ITConfig)
    USART_Init                               0x08003985   Thumb Code   164  stm32f4xx_usart.o(i.USART_Init)
    UsageFault_Handler                       0x08003a31   Thumb Code     2  stm32f4xx_it.o(i.UsageFault_Handler)
    Verify_CRC16_Check_Sum                   0x08003afd   Thumb Code    54  crc.o(i.Verify_CRC16_Check_Sum)
    Verify_CRC8_Check_Sum                    0x08003b39   Thumb Code    38  crc.o(i.Verify_CRC8_Check_Sum)
    Wheel_Motor_Init                         0x08003b61   Thumb Code   210  chassismotor.o(i.Wheel_Motor_Init)
    __scatterload_copy                       0x08003cad   Thumb Code    14  handlers.o(i.__scatterload_copy)
    __scatterload_null                       0x08003cbb   Thumb Code     2  handlers.o(i.__scatterload_null)
    __scatterload_zeroinit                   0x08003cbd   Thumb Code    14  handlers.o(i.__scatterload_zeroinit)
    cos_calculate                            0x08003ccd   Thumb Code   152  triangles.o(i.cos_calculate)
    float_abs                                0x08003d7d   Thumb Code    16  mathlib.o(i.float_abs)
    int16_t_abs                              0x08003e41   Thumb Code    10  mathlib.o(i.int16_t_abs)
    limit                                    0x08003e4b   Thumb Code    16  mathlib.o(i.limit)
    main                                     0x08003e5d   Thumb Code    34  main.o(i.main)
    pvPortMalloc                             0x080045a5   Thumb Code   210  heap_4.o(i.pvPortMalloc)
    pvTaskIncrementMutexHeldCount            0x0800467d   Thumb Code    18  tasks.o(i.pvTaskIncrementMutexHeldCount)
    pxPortInitialiseStack                    0x08004695   Thumb Code    40  port.o(i.pxPortInitialiseStack)
    uxListRemove                             0x080046c1   Thumb Code    36  list.o(i.uxListRemove)
    vListInitialise                          0x080046e5   Thumb Code    22  list.o(i.vListInitialise)
    vListInitialiseItem                      0x080046fb   Thumb Code     6  list.o(i.vListInitialiseItem)
    vListInsert                              0x08004701   Thumb Code    48  list.o(i.vListInsert)
    vListInsertEnd                           0x08004731   Thumb Code    24  list.o(i.vListInsertEnd)
    vPortEnterCritical                       0x08004749   Thumb Code    54  port.o(i.vPortEnterCritical)
    vPortExitCritical                        0x08004789   Thumb Code    34  port.o(i.vPortExitCritical)
    vPortFree                                0x080047b1   Thumb Code    88  heap_4.o(i.vPortFree)
    vPortSetupTimerInterrupt                 0x0800480d   Thumb Code    26  port.o(i.vPortSetupTimerInterrupt)
    vPortValidateInterruptPriority           0x0800482d   Thumb Code    74  port.o(i.vPortValidateInterruptPriority)
    vQueueAddToRegistry                      0x08004881   Thumb Code    34  queue.o(i.vQueueAddToRegistry)
    vQueueWaitForMessageRestricted           0x080048a9   Thumb Code    68  queue.o(i.vQueueWaitForMessageRestricted)
    vTaskDelay                               0x080048ed   Thumb Code    66  tasks.o(i.vTaskDelay)
    vTaskDelete                              0x08004939   Thumb Code   156  tasks.o(i.vTaskDelete)
    vTaskMissedYield                         0x080049e5   Thumb Code     8  tasks.o(i.vTaskMissedYield)
    vTaskPlaceOnEventList                    0x080049f1   Thumb Code    44  tasks.o(i.vTaskPlaceOnEventList)
    vTaskPlaceOnEventListRestricted          0x08004a21   Thumb Code    52  tasks.o(i.vTaskPlaceOnEventListRestricted)
    vTaskPriorityInherit                     0x08004a59   Thumb Code   124  tasks.o(i.vTaskPriorityInherit)
    vTaskSetTimeOutState                     0x08004add   Thumb Code    30  tasks.o(i.vTaskSetTimeOutState)
    vTaskStartScheduler                      0x08004b01   Thumb Code    94  tasks.o(i.vTaskStartScheduler)
    vTaskSuspendAll                          0x08004b71   Thumb Code    10  tasks.o(i.vTaskSuspendAll)
    vTaskSwitchContext                       0x08004b81   Thumb Code    82  tasks.o(i.vTaskSwitchContext)
    xPortStartScheduler                      0x08004bdd   Thumb Code   202  port.o(i.xPortStartScheduler)
    xQueueGenericCreate                      0x08004cbd   Thumb Code    82  queue.o(i.xQueueGenericCreate)
    xQueueGenericReceive                     0x08004d11   Thumb Code   360  queue.o(i.xQueueGenericReceive)
    xQueueGenericReset                       0x08004e7d   Thumb Code   132  queue.o(i.xQueueGenericReset)
    xQueueGenericSend                        0x08004f05   Thumb Code   346  queue.o(i.xQueueGenericSend)
    xQueueGenericSendFromISR                 0x08005065   Thumb Code   188  queue.o(i.xQueueGenericSendFromISR)
    xTaskCheckForTimeOut                     0x08005121   Thumb Code   102  tasks.o(i.xTaskCheckForTimeOut)
    xTaskCreate                              0x0800518d   Thumb Code    86  tasks.o(i.xTaskCreate)
    xTaskGetSchedulerState                   0x080051e5   Thumb Code    22  tasks.o(i.xTaskGetSchedulerState)
    xTaskGetTickCount                        0x08005201   Thumb Code     6  tasks.o(i.xTaskGetTickCount)
    xTaskIncrementTick                       0x0800520d   Thumb Code   192  tasks.o(i.xTaskIncrementTick)
    xTaskPriorityDisinherit                  0x080052d5   Thumb Code   144  tasks.o(i.xTaskPriorityDisinherit)
    xTaskRemoveFromEventList                 0x0800536d   Thumb Code   106  tasks.o(i.xTaskRemoveFromEventList)
    xTaskResumeAll                           0x080053e5   Thumb Code   182  tasks.o(i.xTaskResumeAll)
    xTimerCreateTimerTask                    0x080054a9   Thumb Code    58  timers.o(i.xTimerCreateTimerTask)
    xTimerGenericCommand                     0x080054f5   Thumb Code    92  timers.o(i.xTimerGenericCommand)
    CRC8_TAB                                 0x08005554   Data         256  crc.o(.constdata)
    wCRC_Table                               0x08005654   Data         512  crc.o(.constdata)
    Trigonometric_Functions                  0x08005884   Data        3604  triangles.o(.constdata)
    Region$$Table$$Base                      0x08006698   Number         0  anon$$obj.o(Region$$Table)
    Region$$Table$$Limit                     0x080066b8   Number         0  anon$$obj.o(Region$$Table)
    Chassis_Handler                          0x20000004   Data           4  taskinit.o(.data)
    Remote_Handler                           0x20000008   Data           4  taskinit.o(.data)
    Detect_Handler                           0x2000000c   Data           4  taskinit.o(.data)
    SystemCoreClock                          0x20000020   Data           4  system_stm32f4xx.o(.data)
    AHBPrescTable                            0x20000024   Data          16  system_stm32f4xx.o(.data)
    pxCurrentTCB                             0x20000048   Data           4  tasks.o(.data)
    can2_board_buffer                        0x200000a8   Data           8  can2_isr.o(.data)
    CRC_INIT                                 0x200000b0   Data           2  crc.o(.data)
    TIM3_I                                   0x200000b4   Data           2  tim_isr.o(.data)
    TIM3_sec                                 0x200000b6   Data           2  tim_isr.o(.data)
    TIM3_min                                 0x200000b8   Data           2  tim_isr.o(.data)
    rc                                       0x200000bc   Data           4  boardcommuni.o(.data)
    Can2_temp                                0x200000c0   Data           4  boardcommuni.o(.data)
    temp                                     0x200000c4   Data           8  boardcommuni.o(.data)
    xQueueRegistry                           0x200002d8   Data          64  queue.o(.bss)
    dbus_rx_buffer                           0x20012f18   Data          25  usart.o(.bss)
    gyro_rx_buffer                           0x20012f31   Data          25  usart.o(.bss)
    referee_rx_buffer                        0x20012f4a   Data         128  usart.o(.bss)
    vision_rx_buffer                         0x20012fca   Data          32  usart.o(.bss)
    PYR_rx_buffer                            0x20012fea   Data          64  usart.o(.bss)
    can1_201_204_buffer                      0x2001302a   Data          16  can1_isr.o(.bss)
    can1_205_208_buffer                      0x2001303a   Data          16  can1_isr.o(.bss)
    can1_encoder_201                         0x2001304a   Data          35  can1_isr.o(.bss)
    can1_encoder_202                         0x2001306d   Data          35  can1_isr.o(.bss)
    can1_encoder_203                         0x20013090   Data          35  can1_isr.o(.bss)
    can1_encoder_204                         0x200130b3   Data          35  can1_isr.o(.bss)
    can1_encoder_205                         0x200130d6   Data          35  can1_isr.o(.bss)
    REFEREE                                  0x2001312a   Data         420  referee_isr.o(.bss)
    RC                                       0x200132ce   Data          31  remote_isr.o(.bss)
    PYR                                      0x2001332c   Data         149  pyr_isr.o(.bss)
    REMOTE                                   0x200133c1   Data         101  remotedeal.o(.bss)
    Chassis                                  0x20013426   Data        1025  chassis_task.o(.bss)
    Chassis_FSM                              0x20013828   Data          16  chassis_fsm.o(.bss)
    OFFLINE                                  0x20013838   Data          12  chassis_fsm.o(.bss)
    INDEPEN                                  0x20013844   Data          12  chassis_fsm.o(.bss)
    WIGGLE                                   0x20013850   Data          12  chassis_fsm.o(.bss)
    KEYBOARD                                 0x2001385c   Data          12  chassis_fsm.o(.bss)
    CTRL_GRASP                               0x20013868   Data          12  chassis_fsm.o(.bss)
    RESCUE                                   0x20013874   Data          12  chassis_fsm.o(.bss)
    Chassis_State_Table                      0x20013880   Data         108  chassis_fsm.o(.bss)
    __initial_sp                             0x20013cf0   Data           0  startup_stm32f40_41xxx.o(STACK)



==============================================================================

Memory Map of the image

  Image Entry point : 0x08000189

  Load Region LR_IROM1 (Base: 0x08000000, Size: 0x00006798, Max: 0x00080000, ABSOLUTE)

    Execution Region ER_IROM1 (Exec base: 0x08000000, Load base: 0x08000000, Size: 0x000066b8, Max: 0x00080000, ABSOLUTE)

    Exec Addr    Load Addr    Size         Type   Attr      Idx    E Section Name        Object

    0x08000000   0x08000000   0x00000188   Data   RO          326    RESET               startup_stm32f40_41xxx.o
    0x08000188   0x08000188   0x00000000   Code   RO         7438  * .ARM.Collect$$$$00000000  mc_w.l(entry.o)
    0x08000188   0x08000188   0x00000004   Code   RO         7487    .ARM.Collect$$$$00000001  mc_w.l(entry2.o)
    0x0800018c   0x0800018c   0x00000004   Code   RO         7490    .ARM.Collect$$$$00000004  mc_w.l(entry5.o)
    0x08000190   0x08000190   0x00000000   Code   RO         7492    .ARM.Collect$$$$00000008  mc_w.l(entry7b.o)
    0x08000190   0x08000190   0x00000000   Code   RO         7494    .ARM.Collect$$$$0000000A  mc_w.l(entry8b.o)
    0x08000190   0x08000190   0x00000008   Code   RO         7495    .ARM.Collect$$$$0000000B  mc_w.l(entry9a.o)
    0x08000198   0x08000198   0x00000004   Code   RO         7502    .ARM.Collect$$$$0000000E  mc_w.l(entry12b.o)
    0x0800019c   0x0800019c   0x00000000   Code   RO         7497    .ARM.Collect$$$$0000000F  mc_w.l(entry10a.o)
    0x0800019c   0x0800019c   0x00000000   Code   RO         7499    .ARM.Collect$$$$00000011  mc_w.l(entry11a.o)
    0x0800019c   0x0800019c   0x00000004   Code   RO         7488    .ARM.Collect$$$$00002712  mc_w.l(entry2.o)
    0x080001a0   0x080001a0   0x000000b6   Code   RO         5957    .emb_text           port.o
    0x08000256   0x08000256   0x00000002   PAD
    0x08000258   0x08000258   0x00000024   Code   RO          327    .text               startup_stm32f40_41xxx.o
    0x0800027c   0x0800027c   0x00000024   Code   RO         7441    .text               mc_w.l(memcpya.o)
    0x080002a0   0x080002a0   0x00000024   Code   RO         7443    .text               mc_w.l(memseta.o)
    0x080002c4   0x080002c4   0x000000e4   Code   RO         7475    .text               mf_w.l(dmul.o)
    0x080003a8   0x080003a8   0x000000de   Code   RO         7477    .text               mf_w.l(ddiv.o)
    0x08000486   0x08000486   0x00000022   Code   RO         7479    .text               mf_w.l(dflti.o)
    0x080004a8   0x080004a8   0x0000001a   Code   RO         7481    .text               mf_w.l(dfltui.o)
    0x080004c2   0x080004c2   0x00000026   Code   RO         7483    .text               mf_w.l(f2d.o)
    0x080004e8   0x080004e8   0x00000038   Code   RO         7485    .text               mf_w.l(d2f.o)
    0x08000520   0x08000520   0x00000000   Code   RO         7505    .text               mc_w.l(iusefp.o)
    0x08000520   0x08000520   0x0000006e   Code   RO         7506    .text               mf_w.l(fepilogue.o)
    0x0800058e   0x0800058e   0x000000ba   Code   RO         7508    .text               mf_w.l(depilogue.o)
    0x08000648   0x08000648   0x00000024   Code   RO         7510    .text               mc_w.l(init.o)
    0x0800066c   0x0800066c   0x0000001e   Code   RO         7512    .text               mc_w.l(llshl.o)
    0x0800068a   0x0800068a   0x00000020   Code   RO         7514    .text               mc_w.l(llushr.o)
    0x080006aa   0x080006aa   0x00000002   PAD
    0x080006ac   0x080006ac   0x00000020   Code   RO         6701    i.BoardCommuni_DataUpdate  boardcommuni.o
    0x080006cc   0x080006cc   0x00000018   Code   RO         6702    i.BoardCommuni_Init  boardcommuni.o
    0x080006e4   0x080006e4   0x00000002   Code   RO         5052    i.BusFault_Handler  stm32f4xx_it.o
    0x080006e6   0x080006e6   0x00000002   PAD
    0x080006e8   0x080006e8   0x00000070   Code   RO         6232    i.CAN1_201_To_204_SEND  can1_isr.o
    0x08000758   0x08000758   0x00000070   Code   RO         6233    i.CAN1_205_To_208_SEND  can1_isr.o
    0x080007c8   0x080007c8   0x000000f4   Code   RO         6037    i.CAN1_Init_GPIOD_IO0_IO1  can.o
    0x080008bc   0x080008bc   0x0000015c   Code   RO         6234    i.CAN1_RX0_IRQHandler  can1_isr.o
    0x08000a18   0x08000a18   0x000000f4   Code   RO         6039    i.CAN2_Init_GPIOB_IO5_IO6  can.o
    0x08000b0c   0x08000b0c   0x00000068   Code   RO         6281    i.CAN2_RX0_IRQHandler  can2_isr.o
    0x08000b74   0x08000b74   0x00000074   Code   RO         6282    i.CAN2_To_Board     can2_isr.o
    0x08000be8   0x08000be8   0x00000030   Code   RO          620    i.CAN_ClearFlag     stm32f4xx_can.o
    0x08000c18   0x08000c18   0x00000078   Code   RO          621    i.CAN_ClearITPendingBit  stm32f4xx_can.o
    0x08000c90   0x08000c90   0x00000144   Code   RO         6345    i.CAN_DATA_Encoder_Deal  encoder.o
    0x08000dd4   0x08000dd4   0x00000010   Code   RO         6346    i.CAN_DATA_Speed_Deal  encoder.o
    0x08000de4   0x08000de4   0x0000002c   Code   RO          623    i.CAN_DeInit        stm32f4xx_can.o
    0x08000e10   0x08000e10   0x000000cc   Code   RO          625    i.CAN_FilterInit    stm32f4xx_can.o
    0x08000edc   0x08000edc   0x000000a8   Code   RO          627    i.CAN_GetITStatus   stm32f4xx_can.o
    0x08000f84   0x08000f84   0x00000010   Code   RO          631    i.CAN_ITConfig      stm32f4xx_can.o
    0x08000f94   0x08000f94   0x000000e8   Code   RO          632    i.CAN_Init          stm32f4xx_can.o
    0x0800107c   0x0800107c   0x00000090   Code   RO          635    i.CAN_Receive       stm32f4xx_can.o
    0x0800110c   0x0800110c   0x00000020   Code   RO          638    i.CAN_StructInit    stm32f4xx_can.o
    0x0800112c   0x0800112c   0x000000be   Code   RO          640    i.CAN_Transmit      stm32f4xx_can.o
    0x080011ea   0x080011ea   0x00000002   PAD
    0x080011ec   0x080011ec   0x0000006c   Code   RO          641    i.CAN_TransmitStatus  stm32f4xx_can.o
    0x08001258   0x08001258   0x00000020   Code   RO         7062    i.CTRL_GRASP_Prepare  chassis_fsm.o
    0x08001278   0x08001278   0x00000014   Code   RO         7063    i.CTRL_GRASP_State  chassis_fsm.o
    0x0800128c   0x0800128c   0x000000e8   Code   RO         7064    i.Chassis_FSM_Init  chassis_fsm.o
    0x08001374   0x08001374   0x000002b0   Code   RO         6748    i.Chassis_Indepen_Drive  chassismotor.o
    0x08001624   0x08001624   0x00000080   Code   RO         7028    i.Chassis_Init      chassis_task.o
    0x080016a4   0x080016a4   0x00000028   Code   RO         7065    i.Chassis_Normal_bhv  chassis_fsm.o
    0x080016cc   0x080016cc   0x00000022   Code   RO         6749    i.Chassis_Poweroff_Drive  chassismotor.o
    0x080016ee   0x080016ee   0x00000002   PAD
    0x080016f0   0x080016f0   0x000000ac   Code   RO         6750    i.Chassis_Rescue    chassismotor.o
    0x0800179c   0x0800179c   0x00000028   Code   RO         7029    i.Chassis_Task      chassis_task.o
    0x080017c4   0x080017c4   0x0000032c   Code   RO         6752    i.Chassis_Wiggle_Drive  chassismotor.o
    0x08001af0   0x08001af0   0x0000000c   Code   RO          643    i.CheckITStatus     stm32f4xx_can.o
    0x08001afc   0x08001afc   0x00000040   Code   RO         6548    i.DMA2_Stream1_IRQHandler  remote_isr.o
    0x08001b3c   0x08001b3c   0x00000040   Code   RO         6549    i.DMA2_Stream5_IRQHandler  remote_isr.o
    0x08001b7c   0x08001b7c   0x0000002c   Code   RO         1320    i.DMA_ClearFlag     stm32f4xx_dma.o
    0x08001ba8   0x08001ba8   0x0000002c   Code   RO         1321    i.DMA_ClearITPendingBit  stm32f4xx_dma.o
    0x08001bd4   0x08001bd4   0x00000014   Code   RO         1322    i.DMA_Cmd           stm32f4xx_dma.o
    0x08001be8   0x08001be8   0x00000124   Code   RO         1323    i.DMA_DeInit        stm32f4xx_dma.o
    0x08001d0c   0x08001d0c   0x0000000e   Code   RO         1327    i.DMA_GetCmdStatus  stm32f4xx_dma.o
    0x08001d1a   0x08001d1a   0x00000006   Code   RO         1328    i.DMA_GetCurrDataCounter  stm32f4xx_dma.o
    0x08001d20   0x08001d20   0x00000034   Code   RO         1331    i.DMA_GetFlagStatus  stm32f4xx_dma.o
    0x08001d54   0x08001d54   0x0000002c   Code   RO         1333    i.DMA_ITConfig      stm32f4xx_dma.o
    0x08001d80   0x08001d80   0x00000054   Code   RO         1334    i.DMA_Init          stm32f4xx_dma.o
    0x08001dd4   0x08001dd4   0x00000004   Code   RO         1337    i.DMA_SetCurrDataCounter  stm32f4xx_dma.o
    0x08001dd8   0x08001dd8   0x00000012   Code   RO         7310    i.Dead_Zone         mathlib.o
    0x08001dea   0x08001dea   0x00000002   Code   RO         5053    i.DebugMon_Handler  stm32f4xx_it.o
    0x08001dec   0x08001dec   0x000000c8   Code   RO         7210    i.Detect_Task       detect_task.o
    0x08001eb4   0x08001eb4   0x0000002e   Code   RO         6347    i.EncoderValZero    encoder.o
    0x08001ee2   0x08001ee2   0x00000052   Code   RO         7263    i.FSM_Deal          fsm.o
    0x08001f34   0x08001f34   0x00000038   Code   RO         7283    i.First_Order       filterlib.o
    0x08001f6c   0x08001f6c   0x00000010   Code   RO         7284    i.First_Order_Init  filterlib.o
    0x08001f7c   0x08001f7c   0x000000a2   Code   RO         2056    i.GPIO_Init         stm32f4xx_gpio.o
    0x0800201e   0x0800201e   0x00000020   Code   RO         2057    i.GPIO_PinAFConfig  stm32f4xx_gpio.o
    0x0800203e   0x0800203e   0x00000004   Code   RO         2063    i.GPIO_ResetBits    stm32f4xx_gpio.o
    0x08002042   0x08002042   0x00000004   Code   RO         2064    i.GPIO_SetBits      stm32f4xx_gpio.o
    0x08002046   0x08002046   0x00000008   Code   RO         2066    i.GPIO_ToggleBits   stm32f4xx_gpio.o
    0x0800204e   0x0800204e   0x00000002   PAD
    0x08002050   0x08002050   0x00000028   Code   RO         7066    i.GRASP_RC_bhv      chassis_fsm.o
    0x08002078   0x08002078   0x0000002c   Code   RO         6502    i.Get_CRC16_Check_Sum  crc.o
    0x080020a4   0x080020a4   0x0000001c   Code   RO         6503    i.Get_CRC8_Check_Sum  crc.o
    0x080020c0   0x080020c0   0x00000002   Code   RO         5054    i.HardFault_Handler  stm32f4xx_it.o
    0x080020c2   0x080020c2   0x00000002   PAD
    0x080020c4   0x080020c4   0x00000088   Code   RO          202    i.HardwareInit      hardwareinit.o
    0x0800214c   0x0800214c   0x00000010   Code   RO         2551    i.IWDG_Enable       stm32f4xx_iwdg.o
    0x0800215c   0x0800215c   0x00000026   Code   RO         6207    i.IWDG_Init         iwdg.o
    0x08002182   0x08002182   0x00000002   PAD
    0x08002184   0x08002184   0x00000010   Code   RO         2553    i.IWDG_ReloadCounter  stm32f4xx_iwdg.o
    0x08002194   0x08002194   0x0000000c   Code   RO         2554    i.IWDG_SetPrescaler  stm32f4xx_iwdg.o
    0x080021a0   0x080021a0   0x0000000c   Code   RO         2555    i.IWDG_SetReload    stm32f4xx_iwdg.o
    0x080021ac   0x080021ac   0x0000000c   Code   RO         2556    i.IWDG_WriteAccessCmd  stm32f4xx_iwdg.o
    0x080021b8   0x080021b8   0x00000014   Code   RO         7067    i.Indepen_Prepare   chassis_fsm.o
    0x080021cc   0x080021cc   0x00000014   Code   RO         7068    i.Indepen_State     chassis_fsm.o
    0x080021e0   0x080021e0   0x00000068   Code   RO         7069    i.KeyBoard_Chassis_bhv  chassis_fsm.o
    0x08002248   0x08002248   0x0000003c   Code   RO         7070    i.KeyBoard_Grasp_bhv  chassis_fsm.o
    0x08002284   0x08002284   0x00000014   Code   RO         7071    i.KeyBoard_Prepare  chassis_fsm.o
    0x08002298   0x08002298   0x0000002c   Code   RO         7072    i.KeyBoard_State    chassis_fsm.o
    0x080022c4   0x080022c4   0x000001c8   Code   RO         6918    i.Key_Mouse_Deal    remotedeal.o
    0x0800248c   0x0800248c   0x00000068   Code   RO         6075    i.LED_Init          gpio.o
    0x080024f4   0x080024f4   0x00000002   Code   RO         5055    i.MemManage_Handler  stm32f4xx_it.o
    0x080024f6   0x080024f6   0x00000002   PAD
    0x080024f8   0x080024f8   0x00000068   Code   RO         6860    i.MotorValZero      motor.o
    0x08002560   0x08002560   0x00000002   Code   RO         5056    i.NMI_Handler       stm32f4xx_it.o
    0x08002562   0x08002562   0x00000002   PAD
    0x08002564   0x08002564   0x00000064   Code   RO          333    i.NVIC_Init         misc.o
    0x080025c8   0x080025c8   0x00000018   Code   RO         7073    i.Offline_Prepare   chassis_fsm.o
    0x080025e0   0x080025e0   0x00000014   Code   RO         7074    i.Offline_State     chassis_fsm.o
    0x080025f4   0x080025f4   0x0000013c   Code   RO         6880    i.PID_DEAL          pid.o
    0x08002730   0x08002730   0x00000042   Code   RO         6883    i.PID_INIT          pid.o
    0x08002772   0x08002772   0x00000002   PAD
    0x08002774   0x08002774   0x00000100   Code   RO         6667    i.PYR_Deal          pyr_isr.o
    0x08002874   0x08002874   0x0000000c   Code   RO         7075    i.PowerOff_bhv      chassis_fsm.o
    0x08002880   0x08002880   0x00000018   Code   RO         2920    i.RCC_AHB1PeriphClockCmd  stm32f4xx_rcc.o
    0x08002898   0x08002898   0x00000018   Code   RO         2929    i.RCC_APB1PeriphClockCmd  stm32f4xx_rcc.o
    0x080028b0   0x080028b0   0x00000018   Code   RO         2931    i.RCC_APB1PeriphResetCmd  stm32f4xx_rcc.o
    0x080028c8   0x080028c8   0x00000018   Code   RO         2932    i.RCC_APB2PeriphClockCmd  stm32f4xx_rcc.o
    0x080028e0   0x080028e0   0x00000018   Code   RO         2934    i.RCC_APB2PeriphResetCmd  stm32f4xx_rcc.o
    0x080028f8   0x080028f8   0x00000080   Code   RO         2941    i.RCC_GetClocksFreq  stm32f4xx_rcc.o
    0x08002978   0x08002978   0x000000d4   Code   RO         6550    i.RC_Deal           remote_isr.o
    0x08002a4c   0x08002a4c   0x00000044   Code   RO         7314    i.RETURN_MAX        mathlib.o
    0x08002a90   0x08002a90   0x000000a6   Code   RO         6456    i.ROBOT_STATUS      referee_isr.o
    0x08002b36   0x08002b36   0x00000002   PAD
    0x08002b38   0x08002b38   0x0000007c   Code   RO         6919    i.Rc_Deal           remotedeal.o
    0x08002bb4   0x08002bb4   0x00000180   Code   RO         6457    i.RefereeDataDeal   referee_isr.o
    0x08002d34   0x08002d34   0x00000044   Code   RO         6920    i.Remote_Data_Deal  remotedeal.o
    0x08002d78   0x08002d78   0x00000074   Code   RO         6921    i.Remote_Data_Init  remotedeal.o
    0x08002dec   0x08002dec   0x00000060   Code   RO         6922    i.Remote_Data_Zero  remotedeal.o
    0x08002e4c   0x08002e4c   0x00000010   Code   RO         7245    i.Remote_Task       remote_task.o
    0x08002e5c   0x08002e5c   0x00000090   Code   RO         6753    i.Rescue_Motor_Init  chassismotor.o
    0x08002eec   0x08002eec   0x00000002   Code   RO         7076    i.Rescue_Prepare    chassis_fsm.o
    0x08002eee   0x08002eee   0x00000002   PAD
    0x08002ef0   0x08002ef0   0x00000014   Code   RO         7077    i.Rescue_State      chassis_fsm.o
    0x08002f04   0x08002f04   0x00000040   Code   RO         7078    i.Rescue_bhv        chassis_fsm.o
    0x08002f44   0x08002f44   0x00000008   Code   RO         6283    i.Return_CAN2_Board_Data  can2_isr.o
    0x08002f4c   0x08002f4c   0x00000034   Code   RO         6236    i.Return_Can1_201_208_Encoder  can1_isr.o
    0x08002f80   0x08002f80   0x00000008   Code   RO         7079    i.Return_Chassis_FSM  chassis_fsm.o
    0x08002f88   0x08002f88   0x00000008   Code   RO         6668    i.Return_PYR_t      pyr_isr.o
    0x08002f90   0x08002f90   0x00000008   Code   RO         6923    i.Return_RemoteDeal_Point  remotedeal.o
    0x08002f98   0x08002f98   0x00000008   Code   RO         6551    i.Return_Remote_Point  remote_isr.o
    0x08002fa0   0x08002fa0   0x00000034   Code   RO         6077    i.SWITCH_Init       gpio.o
    0x08002fd4   0x08002fd4   0x00000028   Code   RO         6703    i.Send_Ctrl_To_Board  boardcommuni.o
    0x08002ffc   0x08002ffc   0x00000070   Code   RO         6705    i.Send_RC_To_Board  boardcommuni.o
    0x0800306c   0x0800306c   0x000000b4   Code   RO         5105    i.SetSysClock       system_stm32f4xx.o
    0x08003120   0x08003120   0x00000020   Code   RO            3    i.Start_Task        main.o
    0x08003140   0x08003140   0x0000000c   Code   RO         7264    i.StateChange       fsm.o
    0x0800314c   0x0800314c   0x0000002c   Code   RO         5958    i.SysTick_Handler   port.o
    0x08003178   0x08003178   0x0000005c   Code   RO         5107    i.SystemInit        system_stm32f4xx.o
    0x080031d4   0x080031d4   0x00000088   Code   RO         6588    i.TIM3_IRQHandler   tim_isr.o
    0x0800325c   0x0800325c   0x0000005c   Code   RO         6113    i.TIM3_Init         tim.o
    0x080032b8   0x080032b8   0x00000006   Code   RO         4260    i.TIM_ClearITPendingBit  stm32f4xx_tim.o
    0x080032be   0x080032be   0x00000014   Code   RO         4265    i.TIM_Cmd           stm32f4xx_tim.o
    0x080032d2   0x080032d2   0x00000018   Code   RO         4286    i.TIM_GetITStatus   stm32f4xx_tim.o
    0x080032ea   0x080032ea   0x00000010   Code   RO         4290    i.TIM_ITConfig      stm32f4xx_tim.o
    0x080032fa   0x080032fa   0x00000002   PAD
    0x080032fc   0x080032fc   0x0000007c   Code   RO         4337    i.TIM_TimeBaseInit  stm32f4xx_tim.o
    0x08003378   0x08003378   0x00000034   Code   RO         6615    i.TURN_FLOAT        vision_isr.o
    0x080033ac   0x080033ac   0x00000080   Code   RO          240    i.TaskInit          taskinit.o
    0x0800342c   0x0800342c   0x0000010c   Code   RO         6138    i.UART4_GYRO_INIT_PC11_RX_PC10_TX  usart.o
    0x08003538   0x08003538   0x00000080   Code   RO         6669    i.UART4_IRQHandler  pyr_isr.o
    0x080035b8   0x080035b8   0x00000114   Code   RO         6139    i.USART1_RC_INIT_PA10_RX  usart.o
    0x080036cc   0x080036cc   0x00000078   Code   RO         6408    i.USART2_IRQHandler  gyro_isr.o
    0x08003744   0x08003744   0x00000080   Code   RO         6616    i.USART3_IRQHandler  vision_isr.o
    0x080037c4   0x080037c4   0x00000080   Code   RO         6459    i.USART6_IRQHandler  referee_isr.o
    0x08003844   0x08003844   0x00000014   Code   RO         4802    i.USART_Cmd         stm32f4xx_usart.o
    0x08003858   0x08003858   0x00000010   Code   RO         4803    i.USART_DMACmd      stm32f4xx_usart.o
    0x08003868   0x08003868   0x000000ac   Code   RO         4804    i.USART_DeInit      stm32f4xx_usart.o
    0x08003914   0x08003914   0x0000003e   Code   RO         4806    i.USART_GetITStatus  stm32f4xx_usart.o
    0x08003952   0x08003952   0x00000030   Code   RO         4808    i.USART_ITConfig    stm32f4xx_usart.o
    0x08003982   0x08003982   0x00000002   PAD
    0x08003984   0x08003984   0x000000ac   Code   RO         4809    i.USART_Init        stm32f4xx_usart.o
    0x08003a30   0x08003a30   0x00000002   Code   RO         5057    i.UsageFault_Handler  stm32f4xx_it.o
    0x08003a32   0x08003a32   0x00000002   PAD
    0x08003a34   0x08003a34   0x000000c8   Code   RO         6617    i.VISION_DATA_DEAL  vision_isr.o
    0x08003afc   0x08003afc   0x0000003c   Code   RO         6504    i.Verify_CRC16_Check_Sum  crc.o
    0x08003b38   0x08003b38   0x00000026   Code   RO         6505    i.Verify_CRC8_Check_Sum  crc.o
    0x08003b5e   0x08003b5e   0x00000002   PAD
    0x08003b60   0x08003b60   0x000000fc   Code   RO         6754    i.Wheel_Motor_Init  chassismotor.o
    0x08003c5c   0x08003c5c   0x00000028   Code   RO         7080    i.Wiggle_Normal_bhv  chassis_fsm.o
    0x08003c84   0x08003c84   0x00000014   Code   RO         7081    i.Wiggle_Prepare    chassis_fsm.o
    0x08003c98   0x08003c98   0x00000014   Code   RO         7082    i.Wiggle_State      chassis_fsm.o
    0x08003cac   0x08003cac   0x0000000e   Code   RO         7518    i.__scatterload_copy  mc_w.l(handlers.o)
    0x08003cba   0x08003cba   0x00000002   Code   RO         7519    i.__scatterload_null  mc_w.l(handlers.o)
    0x08003cbc   0x08003cbc   0x0000000e   Code   RO         7520    i.__scatterload_zeroinit  mc_w.l(handlers.o)
    0x08003cca   0x08003cca   0x00000002   PAD
    0x08003ccc   0x08003ccc   0x000000b0   Code   RO         7408    i.cos_calculate     triangles.o
    0x08003d7c   0x08003d7c   0x00000010   Code   RO         7316    i.float_abs         mathlib.o
    0x08003d8c   0x08003d8c   0x000000b4   Code   RO         6409    i.gyro_deal         gyro_isr.o
    0x08003e40   0x08003e40   0x0000000a   Code   RO         7319    i.int16_t_abs       mathlib.o
    0x08003e4a   0x08003e4a   0x00000010   Code   RO         7320    i.limit             mathlib.o
    0x08003e5a   0x08003e5a   0x00000002   PAD
    0x08003e5c   0x08003e5c   0x00000038   Code   RO            4    i.main              main.o
    0x08003e94   0x08003e94   0x00000070   Code   RO         5401    i.prvAddCurrentTaskToDelayedList  tasks.o
    0x08003f04   0x08003f04   0x000000d0   Code   RO         5402    i.prvAddNewTaskToReadyList  tasks.o
    0x08003fd4   0x08003fd4   0x00000050   Code   RO         5245    i.prvCheckForValidListAndQueue  timers.o
    0x08004024   0x08004024   0x00000050   Code   RO         5403    i.prvCheckTasksWaitingTermination  tasks.o
    0x08004074   0x08004074   0x00000026   Code   RO         5730    i.prvCopyDataFromQueue  queue.o
    0x0800409a   0x0800409a   0x0000006c   Code   RO         5731    i.prvCopyDataToQueue  queue.o
    0x08004106   0x08004106   0x00000014   Code   RO         5404    i.prvDeleteTCB      tasks.o
    0x0800411a   0x0800411a   0x00000002   PAD
    0x0800411c   0x0800411c   0x0000004c   Code   RO         5908    i.prvHeapInit       heap_4.o
    0x08004168   0x08004168   0x00000028   Code   RO         5405    i.prvIdleTask       tasks.o
    0x08004190   0x08004190   0x0000009c   Code   RO         5406    i.prvInitialiseNewTask  tasks.o
    0x0800422c   0x0800422c   0x0000004c   Code   RO         5909    i.prvInsertBlockIntoFreeList  heap_4.o
    0x08004278   0x08004278   0x00000038   Code   RO         5246    i.prvInsertTimerInActiveList  timers.o
    0x080042b0   0x080042b0   0x0000001c   Code   RO         5732    i.prvIsQueueEmpty   queue.o
    0x080042cc   0x080042cc   0x000000b8   Code   RO         5247    i.prvProcessReceivedCommands  timers.o
    0x08004384   0x08004384   0x000000b4   Code   RO         5248    i.prvProcessTimerOrBlockTask  timers.o
    0x08004438   0x08004438   0x00000020   Code   RO         5408    i.prvResetNextTaskUnblockTime  tasks.o
    0x08004458   0x08004458   0x00000028   Code   RO         5249    i.prvSampleTimeNow  timers.o
    0x08004480   0x08004480   0x0000006c   Code   RO         5250    i.prvSwitchTimerLists  timers.o
    0x080044ec   0x080044ec   0x00000028   Code   RO         5959    i.prvTaskExitError  port.o
    0x08004514   0x08004514   0x00000024   Code   RO         5251    i.prvTimerTask      timers.o
    0x08004538   0x08004538   0x0000006a   Code   RO         5733    i.prvUnlockQueue    queue.o
    0x080045a2   0x080045a2   0x00000002   PAD
    0x080045a4   0x080045a4   0x000000d8   Code   RO         5910    i.pvPortMalloc      heap_4.o
    0x0800467c   0x0800467c   0x00000018   Code   RO         5410    i.pvTaskIncrementMutexHeldCount  tasks.o
    0x08004694   0x08004694   0x0000002c   Code   RO         5960    i.pxPortInitialiseStack  port.o
    0x080046c0   0x080046c0   0x00000024   Code   RO         5363    i.uxListRemove      list.o
    0x080046e4   0x080046e4   0x00000016   Code   RO         5364    i.vListInitialise   list.o
    0x080046fa   0x080046fa   0x00000006   Code   RO         5365    i.vListInitialiseItem  list.o
    0x08004700   0x08004700   0x00000030   Code   RO         5366    i.vListInsert       list.o
    0x08004730   0x08004730   0x00000018   Code   RO         5367    i.vListInsertEnd    list.o
    0x08004748   0x08004748   0x00000040   Code   RO         5962    i.vPortEnterCritical  port.o
    0x08004788   0x08004788   0x00000028   Code   RO         5963    i.vPortExitCritical  port.o
    0x080047b0   0x080047b0   0x0000005c   Code   RO         5911    i.vPortFree         heap_4.o
    0x0800480c   0x0800480c   0x00000020   Code   RO         5964    i.vPortSetupTimerInterrupt  port.o
    0x0800482c   0x0800482c   0x00000054   Code   RO         5965    i.vPortValidateInterruptPriority  port.o
    0x08004880   0x08004880   0x00000028   Code   RO         5739    i.vQueueAddToRegistry  queue.o
    0x080048a8   0x080048a8   0x00000044   Code   RO         5743    i.vQueueWaitForMessageRestricted  queue.o
    0x080048ec   0x080048ec   0x0000004c   Code   RO         5418    i.vTaskDelay        tasks.o
    0x08004938   0x08004938   0x000000ac   Code   RO         5420    i.vTaskDelete       tasks.o
    0x080049e4   0x080049e4   0x0000000c   Code   RO         5423    i.vTaskMissedYield  tasks.o
    0x080049f0   0x080049f0   0x00000030   Code   RO         5425    i.vTaskPlaceOnEventList  tasks.o
    0x08004a20   0x08004a20   0x00000038   Code   RO         5426    i.vTaskPlaceOnEventListRestricted  tasks.o
    0x08004a58   0x08004a58   0x00000084   Code   RO         5428    i.vTaskPriorityInherit  tasks.o
    0x08004adc   0x08004adc   0x00000024   Code   RO         5432    i.vTaskSetTimeOutState  tasks.o
    0x08004b00   0x08004b00   0x00000070   Code   RO         5433    i.vTaskStartScheduler  tasks.o
    0x08004b70   0x08004b70   0x00000010   Code   RO         5435    i.vTaskSuspendAll   tasks.o
    0x08004b80   0x08004b80   0x0000005c   Code   RO         5436    i.vTaskSwitchContext  tasks.o
    0x08004bdc   0x08004bdc   0x000000e0   Code   RO         5966    i.xPortStartScheduler  port.o
    0x08004cbc   0x08004cbc   0x00000052   Code   RO         5746    i.xQueueGenericCreate  queue.o
    0x08004d0e   0x08004d0e   0x00000002   PAD
    0x08004d10   0x08004d10   0x0000016c   Code   RO         5747    i.xQueueGenericReceive  queue.o
    0x08004e7c   0x08004e7c   0x00000088   Code   RO         5748    i.xQueueGenericReset  queue.o
    0x08004f04   0x08004f04   0x00000160   Code   RO         5749    i.xQueueGenericSend  queue.o
    0x08005064   0x08005064   0x000000bc   Code   RO         5750    i.xQueueGenericSendFromISR  queue.o
    0x08005120   0x08005120   0x0000006c   Code   RO         5437    i.xTaskCheckForTimeOut  tasks.o
    0x0800518c   0x0800518c   0x00000056   Code   RO         5438    i.xTaskCreate       tasks.o
    0x080051e2   0x080051e2   0x00000002   PAD
    0x080051e4   0x080051e4   0x0000001c   Code   RO         5442    i.xTaskGetSchedulerState  tasks.o
    0x08005200   0x08005200   0x0000000c   Code   RO         5443    i.xTaskGetTickCount  tasks.o
    0x0800520c   0x0800520c   0x000000c8   Code   RO         5445    i.xTaskIncrementTick  tasks.o
    0x080052d4   0x080052d4   0x00000098   Code   RO         5448    i.xTaskPriorityDisinherit  tasks.o
    0x0800536c   0x0800536c   0x00000078   Code   RO         5449    i.xTaskRemoveFromEventList  tasks.o
    0x080053e4   0x080053e4   0x000000c4   Code   RO         5451    i.xTaskResumeAll    tasks.o
    0x080054a8   0x080054a8   0x0000004c   Code   RO         5255    i.xTimerCreateTimerTask  timers.o
    0x080054f4   0x080054f4   0x00000060   Code   RO         5256    i.xTimerGenericCommand  timers.o
    0x08005554   0x08005554   0x00000300   Data   RO         6507    .constdata          crc.o
    0x08005854   0x08005854   0x00000030   Data   RO         6755    .constdata          chassismotor.o
    0x08005884   0x08005884   0x00000e14   Data   RO         7410    .constdata          triangles.o
    0x08006698   0x08006698   0x00000020   Data   RO         7516    Region$$Table       anon$$obj.o


    Execution Region RW_IRAM1 (Exec base: 0x20000000, Load base: 0x080066b8, Size: 0x00013cf0, Max: 0x00020000, ABSOLUTE)

    Exec Addr    Load Addr    Size         Type   Attr      Idx    E Section Name        Object

    0x20000000   0x080066b8   0x00000004   Data   RW            5    .data               main.o
    0x20000004   0x080066bc   0x0000000c   Data   RW          241    .data               taskinit.o
    0x20000010   0x080066c8   0x00000010   Data   RW         2973    .data               stm32f4xx_rcc.o
    0x20000020   0x080066d8   0x00000014   Data   RW         5108    .data               system_stm32f4xx.o
    0x20000034   0x080066ec   0x00000014   Data   RW         5262    .data               timers.o
    0x20000048   0x08006700   0x0000003c   Data   RW         5454    .data               tasks.o
    0x20000084   0x0800673c   0x00000018   Data   RW         5916    .data               heap_4.o
    0x2000009c   0x08006754   0x0000000c   Data   RW         5967    .data               port.o
    0x200000a8   0x08006760   0x00000008   Data   RW         6288    .data               can2_isr.o
    0x200000b0   0x08006768   0x00000002   Data   RW         6508    .data               crc.o
    0x200000b2   0x0800676a   0x00000008   Data   RW         6589    .data               tim_isr.o
    0x200000ba   0x08006772   0x00000002   PAD
    0x200000bc   0x08006774   0x00000010   Data   RW         6706    .data               boardcommuni.o
    0x200000cc   0x08006784   0x0000000c   Data   RW         6756    .data               chassismotor.o
    0x200000d8   0x08006790   0x00000002   Data   RW         6925    .data               remotedeal.o
    0x200000da   0x08006792   0x00000002   Data   RW         7211    .data               detect_task.o
    0x200000dc   0x08006794   0x00000002   Data   RW         7323    .data               mathlib.o
    0x200000de   0x08006796   0x00000002   PAD
    0x200000e0        -       0x0000002c   Zero   RW          203    .bss                hardwareinit.o
    0x2000010c        -       0x00000028   Zero   RW         5261    .bss                timers.o
    0x20000134        -       0x000001a4   Zero   RW         5453    .bss                tasks.o
    0x200002d8        -       0x00000040   Zero   RW         5758    .bss                queue.o
    0x20000318        -       0x00012c00   Zero   RW         5915    .bss                heap_4.o
    0x20012f18        -       0x00000112   Zero   RW         6146    .bss                usart.o
    0x2001302a        -       0x000000cf   Zero   RW         6237    .bss                can1_isr.o
    0x200130f9        -       0x00000031   Zero   RW         6412    .bss                gyro_isr.o
    0x2001312a        -       0x000001a4   Zero   RW         6460    .bss                referee_isr.o
    0x200132ce        -       0x0000001f   Zero   RW         6552    .bss                remote_isr.o
    0x200132ed        -       0x0000003f   Zero   RW         6620    .bss                vision_isr.o
    0x2001332c        -       0x00000095   Zero   RW         6670    .bss                pyr_isr.o
    0x200133c1        -       0x00000065   Zero   RW         6924    .bss                remotedeal.o
    0x20013426        -       0x00000401   Zero   RW         7030    .bss                chassis_task.o
    0x20013827   0x08006796   0x00000001   PAD
    0x20013828        -       0x000000c4   Zero   RW         7083    .bss                chassis_fsm.o
    0x200138ec   0x08006796   0x00000004   PAD
    0x200138f0        -       0x00000400   Zero   RW          324    STACK               startup_stm32f40_41xxx.o


==============================================================================

Image component sizes


      Code (inc. data)   RO Data    RW Data    ZI Data      Debug   Object Name

       208         20          0         16          0       2898   boardcommuni.o
       488         18          0          0          0       2072   can.o
       624         34          0          0        207       4001   can1_isr.o
       228         16          0          8          0       2530   can2_isr.o
       862        214          0          0        196      10538   chassis_fsm.o
       168         42          0          0       1025       3045   chassis_task.o
      2102         74         48         12          0       6349   chassismotor.o
       170         16        768          2          0       3571   crc.o
       200         18          0          2          0        770   detect_task.o
       386          8          0          0          0       2367   encoder.o
         0          0          0          0          0      11680   event_groups.o
        72          0          0          0          0       1401   filterlib.o
        94          0          0          0          0       1529   fsm.o
       156         16          0          0          0       1073   gpio.o
       300         26          0          0         49       2046   gyro_isr.o
       136         38          0          0         44       1355   hardwareinit.o
       460         24          0         24      76800       4199   heap_4.o
        38          0          0          0          0        600   iwdg.o
       136          0          0          0          0       2982   list.o
        88         28          0          4          0     313723   main.o
       128          6          0          2          0       3191   mathlib.o
       100          4          0          0          0        896   misc.o
       104          6          0          0          0        883   motor.o
       382          4          0          0          0       2098   pid.o
       754         84          0         12          0      10853   port.o
       392         54          0          0        149       2372   pyr_isr.o
      1510         20          0          0         64      12949   queue.o
       678         22          0          0        420       6664   referee_isr.o
       348         40          0          0         31       2779   remote_isr.o
        16          0          0          0          0        498   remote_task.o
       868         46          0          2        101       3977   remotedeal.o
        36          8        392          0       1024        808   startup_stm32f40_41xxx.o
      1318         50          0          0          0       8893   stm32f4xx_can.o
       604         60          0          0          0       7362   stm32f4xx_dma.o
       210          0          0          0          0       3221   stm32f4xx_gpio.o
        12          0          0          0          0       2593   stm32f4xx_it.o
        68         30          0          0          0       2390   stm32f4xx_iwdg.o
       248         44          0         16          0       5613   stm32f4xx_rcc.o
       190         28          0          0          0       4489   stm32f4xx_tim.o
       490         42          0          0          0       4860   stm32f4xx_usart.o
       272         36          0         20          0       1701   system_stm32f4xx.o
       128         58          0         12          0       6634   taskinit.o
      2326        206          0         60        420      22109   tasks.o
        92          4          0          0          0        660   tim.o
       136         12          0          8          0        853   tim_isr.o
       856         80          0         20         40      18787   timers.o
       176         24       3604          0          0       1190   triangles.o
       544         46          0          0        274       2372   usart.o
       380         38          0          0         63       2944   vision_isr.o

    ----------------------------------------------------------------------
     20324       1644       4844        224      80912     523368   Object Totals
         0          0         32          0          0          0   (incl. Generated)
        42          0          0          4          5          0   (incl. Padding)

    ----------------------------------------------------------------------

      Code (inc. data)   RO Data    RW Data    ZI Data      Debug   Library Member Name

         0          0          0          0          0          0   entry.o
         0          0          0          0          0          0   entry10a.o
         0          0          0          0          0          0   entry11a.o
         4          0          0          0          0          0   entry12b.o
         8          4          0          0          0          0   entry2.o
         4          0          0          0          0          0   entry5.o
         0          0          0          0          0          0   entry7b.o
         0          0          0          0          0          0   entry8b.o
         8          4          0          0          0          0   entry9a.o
        30          0          0          0          0          0   handlers.o
        36          8          0          0          0         68   init.o
         0          0          0          0          0          0   iusefp.o
        30          0          0          0          0         68   llshl.o
        32          0          0          0          0         68   llushr.o
        36          0          0          0          0         68   memcpya.o
        36          0          0          0          0        108   memseta.o
        56          0          0          0          0         88   d2f.o
       222          0          0          0          0        100   ddiv.o
       186          0          0          0          0        176   depilogue.o
        34          0          0          0          0         76   dflti.o
        26          0          0          0          0         76   dfltui.o
       228          0          0          0          0         96   dmul.o
        38          0          0          0          0         68   f2d.o
       110          0          0          0          0        168   fepilogue.o

    ----------------------------------------------------------------------
      1128         16          0          0          0       1228   Library Totals
         4          0          0          0          0          0   (incl. Padding)

    ----------------------------------------------------------------------

      Code (inc. data)   RO Data    RW Data    ZI Data      Debug   Library Name

       224         16          0          0          0        380   mc_w.l
       900          0          0          0          0        848   mf_w.l

    ----------------------------------------------------------------------
      1128         16          0          0          0       1228   Library Totals

    ----------------------------------------------------------------------

==============================================================================


      Code (inc. data)   RO Data    RW Data    ZI Data      Debug   

     21452       1660       4844        224      80912     503780   Grand Totals
     21452       1660       4844        224      80912     503780   ELF Image Totals
     21452       1660       4844        224          0          0   ROM Totals

==============================================================================

    Total RO  Size (Code + RO Data)                26296 (  25.68kB)
    Total RW  Size (RW Data + ZI Data)             81136 (  79.23kB)
    Total ROM Size (Code + RO Data + RW Data)      26520 (  25.90kB)

==============================================================================

