Component: ARM Compiler 5.06 update 7 (build 960) Tool: armlink [4d3601]

==============================================================================

Section Cross References

    delay.o(i.delay_ms) refers to delay.o(i.delay_us) for delay_us
    main.o(i.Start_Task) refers to port.o(i.vPortEnterCritical) for vPortEnterCritical
    main.o(i.Start_Task) refers to taskinit.o(i.TaskInit) for TaskInit
    main.o(i.Start_Task) refers to tasks.o(i.vTaskDelete) for vTaskDelete
    main.o(i.Start_Task) refers to port.o(i.vPortExitCritical) for vPortExitCritical
    main.o(i.Start_Task) refers to main.o(.data) for .data
    main.o(i.main) refers to hardwareinit.o(i.HardwareInit) for HardwareInit
    main.o(i.main) refers to tasks.o(i.xTaskCreate) for xTaskCreate
    main.o(i.main) refers to tasks.o(i.vTaskStartScheduler) for vTaskStartScheduler
    main.o(i.main) refers to main.o(.data) for .data
    main.o(i.main) refers to main.o(i.Start_Task) for Start_Task
    hardwareinit.o(i.HardwareInit) refers to gpio.o(i.LED_Init) for LED_Init
    hardwareinit.o(i.HardwareInit) refers to hardwareinit.o(.bss) for .bss
    hardwareinit.o(i.HardwareInit) refers to tim.o(i.TIM3_Init) for TIM3_Init
    hardwareinit.o(i.HardwareInit) refers to can.o(i.CAN1_Init_GPIOD_IO0_IO1) for CAN1_Init_GPIOD_IO0_IO1
    hardwareinit.o(i.HardwareInit) refers to can.o(i.CAN2_Init_GPIOB_IO5_IO6) for CAN2_Init_GPIOB_IO5_IO6
    hardwareinit.o(i.HardwareInit) refers to usart.o(i.USART1_RC_INIT_PA10_RX) for USART1_RC_INIT_PA10_RX
    hardwareinit.o(i.HardwareInit) refers to usart.o(i.USART6_VL53L0_INIT_PC7_RX_PC6_TX) for USART6_VL53L0_INIT_PC7_RX_PC6_TX
    hardwareinit.o(i.HardwareInit) refers to iwdg.o(i.IWDG_Init) for IWDG_Init
    taskinit.o(i.TaskInit) refers to tasks.o(i.xTaskCreate) for xTaskCreate
    taskinit.o(i.TaskInit) refers to taskinit.o(.data) for .data
    taskinit.o(i.TaskInit) refers to remote_task.o(i.Remote_Task) for Remote_Task
    taskinit.o(i.TaskInit) refers to detect_task.o(i.Detect_Task) for Detect_Task
    taskinit.o(i.TaskInit) refers to data_task.o(i.Data_Task) for Data_Task
    taskinit.o(i.TaskInit) refers to grasp_task.o(i.Grasp_Task) for Grasp_Task
    startup_stm32f40_41xxx.o(RESET) refers to startup_stm32f40_41xxx.o(STACK) for __initial_sp
    startup_stm32f40_41xxx.o(RESET) refers to startup_stm32f40_41xxx.o(.text) for Reset_Handler
    startup_stm32f40_41xxx.o(RESET) refers to stm32f4xx_it.o(i.NMI_Handler) for NMI_Handler
    startup_stm32f40_41xxx.o(RESET) refers to stm32f4xx_it.o(i.HardFault_Handler) for HardFault_Handler
    startup_stm32f40_41xxx.o(RESET) refers to stm32f4xx_it.o(i.MemManage_Handler) for MemManage_Handler
    startup_stm32f40_41xxx.o(RESET) refers to stm32f4xx_it.o(i.BusFault_Handler) for BusFault_Handler
    startup_stm32f40_41xxx.o(RESET) refers to stm32f4xx_it.o(i.UsageFault_Handler) for UsageFault_Handler
    startup_stm32f40_41xxx.o(RESET) refers to port.o(.emb_text) for SVC_Handler
    startup_stm32f40_41xxx.o(RESET) refers to stm32f4xx_it.o(i.DebugMon_Handler) for DebugMon_Handler
    startup_stm32f40_41xxx.o(RESET) refers to port.o(i.SysTick_Handler) for SysTick_Handler
    startup_stm32f40_41xxx.o(RESET) refers to can1_isr.o(i.CAN1_RX0_IRQHandler) for CAN1_RX0_IRQHandler
    startup_stm32f40_41xxx.o(RESET) refers to tim_isr.o(i.TIM3_IRQHandler) for TIM3_IRQHandler
    startup_stm32f40_41xxx.o(RESET) refers to remote_isr.o(i.DMA2_Stream1_IRQHandler) for DMA2_Stream1_IRQHandler
    startup_stm32f40_41xxx.o(RESET) refers to can2_isr.o(i.CAN2_RX0_IRQHandler) for CAN2_RX0_IRQHandler
    startup_stm32f40_41xxx.o(RESET) refers to remote_isr.o(i.DMA2_Stream5_IRQHandler) for DMA2_Stream5_IRQHandler
    startup_stm32f40_41xxx.o(RESET) refers to vl53l0.o(i.USART6_IRQHandler) for USART6_IRQHandler
    startup_stm32f40_41xxx.o(.text) refers to system_stm32f4xx.o(i.SystemInit) for SystemInit
    startup_stm32f40_41xxx.o(.text) refers to entry.o(.ARM.Collect$$$$00000000) for __main
    stm32f4xx_adc.o(i.ADC_DeInit) refers to stm32f4xx_rcc.o(i.RCC_APB2PeriphResetCmd) for RCC_APB2PeriphResetCmd
    stm32f4xx_can.o(i.CAN_DeInit) refers to stm32f4xx_rcc.o(i.RCC_APB1PeriphResetCmd) for RCC_APB1PeriphResetCmd
    stm32f4xx_can.o(i.CAN_GetITStatus) refers to stm32f4xx_can.o(i.CheckITStatus) for CheckITStatus
    stm32f4xx_cryp.o(i.CRYP_DeInit) refers to stm32f4xx_rcc.o(i.RCC_AHB2PeriphResetCmd) for RCC_AHB2PeriphResetCmd
    stm32f4xx_cryp_aes.o(i.CRYP_AES_CBC) refers to stm32f4xx_cryp.o(i.CRYP_KeyStructInit) for CRYP_KeyStructInit
    stm32f4xx_cryp_aes.o(i.CRYP_AES_CBC) refers to stm32f4xx_cryp.o(i.CRYP_KeyInit) for CRYP_KeyInit
    stm32f4xx_cryp_aes.o(i.CRYP_AES_CBC) refers to stm32f4xx_cryp.o(i.CRYP_Init) for CRYP_Init
    stm32f4xx_cryp_aes.o(i.CRYP_AES_CBC) refers to stm32f4xx_cryp.o(i.CRYP_IVInit) for CRYP_IVInit
    stm32f4xx_cryp_aes.o(i.CRYP_AES_CBC) refers to stm32f4xx_cryp.o(i.CRYP_FIFOFlush) for CRYP_FIFOFlush
[...]
    i.TIM_TimeBaseInit                       0x080032c4   Section        0  stm32f4xx_tim.o(i.TIM_TimeBaseInit)
    i.TaskInit                               0x08003340   Section        0  taskinit.o(i.TaskInit)
    i.Telescoping                            0x080033e0   Section        0  motoraction.o(i.Telescoping)
    i.USART1_RC_INIT_PA10_RX                 0x08003438   Section        0  usart.o(i.USART1_RC_INIT_PA10_RX)
    i.USART6_IRQHandler                      0x0800354c   Section        0  vl53l0.o(i.USART6_IRQHandler)
    i.USART6_VL53L0_INIT_PC7_RX_PC6_TX       0x080035c4   Section        0  usart.o(i.USART6_VL53L0_INIT_PC7_RX_PC6_TX)
    i.USART_Cmd                              0x080036d0   Section        0  stm32f4xx_usart.o(i.USART_Cmd)
    i.USART_DMACmd                           0x080036e4   Section        0  stm32f4xx_usart.o(i.USART_DMACmd)
    i.USART_DeInit                           0x080036f4   Section        0  stm32f4xx_usart.o(i.USART_DeInit)
    i.USART_GetITStatus                      0x080037a0   Section        0  stm32f4xx_usart.o(i.USART_GetITStatus)
    i.USART_ITConfig                         0x080037de   Section        0  stm32f4xx_usart.o(i.USART_ITConfig)
    i.USART_Init                             0x08003810   Section        0  stm32f4xx_usart.o(i.USART_Init)
    i.UsageFault_Handler                     0x080038bc   Section        0  stm32f4xx_it.o(i.UsageFault_Handler)
    i.VL53L0_Data_Deal                       0x080038c0   Section        0  vl53l0.o(i.VL53L0_Data_Deal)
    i.__scatterload_copy                     0x08003980   Section       14  handlers.o(i.__scatterload_copy)
    i.__scatterload_null                     0x0800398e   Section        2  handlers.o(i.__scatterload_null)
    i.__scatterload_zeroinit                 0x08003990   Section       14  handlers.o(i.__scatterload_zeroinit)
    i.bullet_Supply                          0x080039a0   Section        0  graspmotor.o(i.bullet_Supply)
    i.change_Gold                            0x08003a88   Section        0  getgold.o(i.change_Gold)
    i.clip                                   0x08003ab8   Section        0  motoraction.o(i.clip)
    i.flip                                   0x08003b18   Section        0  motoraction.o(i.flip)
    i.flip2                                  0x08003cf8   Section        0  motoraction.o(i.flip2)
    i.float_abs                              0x08003df0   Section        0  mathlib.o(i.float_abs)
    i.goldExchange                           0x08003e00   Section        0  getgold.o(i.goldExchange)
    goldExchange                             0x08003e01   Thumb Code   208  getgold.o(i.goldExchange)
    i.int16_t_abs                            0x08003ed4   Section        0  mathlib.o(i.int16_t_abs)
    i.main                                   0x08003ee0   Section        0  main.o(i.main)
    i.pick_Gold                              0x08003f18   Section        0  getgold.o(i.pick_Gold)
    i.pid_Cala                               0x08003ff0   Section        0  graspmotor.o(i.pid_Cala)
    i.prvAddCurrentTaskToDelayedList         0x080041d4   Section        0  tasks.o(i.prvAddCurrentTaskToDelayedList)
    prvAddCurrentTaskToDelayedList           0x080041d5   Thumb Code   102  tasks.o(i.prvAddCurrentTaskToDelayedList)
    i.prvAddNewTaskToReadyList               0x08004244   Section        0  tasks.o(i.prvAddNewTaskToReadyList)
    prvAddNewTaskToReadyList                 0x08004245   Thumb Code   192  tasks.o(i.prvAddNewTaskToReadyList)
    i.prvCheckForValidListAndQueue           0x08004314   Section        0  timers.o(i.prvCheckForValidListAndQueue)
    prvCheckForValidListAndQueue             0x08004315   Thumb Code    62  timers.o(i.prvCheckForValidListAndQueue)
    i.prvCheckTasksWaitingTermination        0x08004364   Section        0  tasks.o(i.prvCheckTasksWaitingTermination)
    prvCheckTasksWaitingTermination          0x08004365   Thumb Code    70  tasks.o(i.prvCheckTasksWaitingTermination)
    i.prvCopyDataFromQueue                   0x080043b4   Section        0  queue.o(i.prvCopyDataFromQueue)
    prvCopyDataFromQueue                     0x080043b5   Thumb Code    38  queue.o(i.prvCopyDataFromQueue)
    i.prvCopyDataToQueue                     0x080043da   Section        0  queue.o(i.prvCopyDataToQueue)
    prvCopyDataToQueue                       0x080043db   Thumb Code   108  queue.o(i.prvCopyDataToQueue)
    i.prvDeleteTCB                           0x08004446   Section        0  tasks.o(i.prvDeleteTCB)
    prvDeleteTCB                             0x08004447   Thumb Code    20  tasks.o(i.prvDeleteTCB)
    i.prvHeapInit                            0x0800445c   Section        0  heap_4.o(i.prvHeapInit)
    prvHeapInit                              0x0800445d   Thumb Code    66  heap_4.o(i.prvHeapInit)
    i.prvIdleTask                            0x080044a8   Section        0  tasks.o(i.prvIdleTask)
    prvIdleTask                              0x080044a9   Thumb Code    30  tasks.o(i.prvIdleTask)
    i.prvInitialiseNewTask                   0x080044d0   Section        0  tasks.o(i.prvInitialiseNewTask)
    prvInitialiseNewTask                     0x080044d1   Thumb Code   156  tasks.o(i.prvInitialiseNewTask)
    i.prvInsertBlockIntoFreeList             0x0800456c   Section        0  heap_4.o(i.prvInsertBlockIntoFreeList)
    prvInsertBlockIntoFreeList               0x0800456d   Thumb Code    72  heap_4.o(i.prvInsertBlockIntoFreeList)
    i.prvInsertTimerInActiveList             0x080045b8   Section        0  timers.o(i.prvInsertTimerInActiveList)
    prvInsertTimerInActiveList               0x080045b9   Thumb Code    52  timers.o(i.prvInsertTimerInActiveList)
    i.prvIsQueueEmpty                        0x080045f0   Section        0  queue.o(i.prvIsQueueEmpty)
    prvIsQueueEmpty                          0x080045f1   Thumb Code    28  queue.o(i.prvIsQueueEmpty)
    i.prvProcessReceivedCommands             0x0800460c   Section        0  timers.o(i.prvProcessReceivedCommands)
    prvProcessReceivedCommands               0x0800460d   Thumb Code   180  timers.o(i.prvProcessReceivedCommands)
    i.prvProcessTimerOrBlockTask             0x080046c4   Section        0  timers.o(i.prvProcessTimerOrBlockTask)
    prvProcessTimerOrBlockTask               0x080046c5   Thumb Code   172  timers.o(i.prvProcessTimerOrBlockTask)
    i.prvResetNextTaskUnblockTime            0x08004778   Section        0  tasks.o(i.prvResetNextTaskUnblockTime)
    prvResetNextTaskUnblockTime              0x08004779   Thumb Code    26  tasks.o(i.prvResetNextTaskUnblockTime)
    i.prvSampleTimeNow                       0x08004798   Section        0  timers.o(i.prvSampleTimeNow)
    prvSampleTimeNow                         0x08004799   Thumb Code    36  timers.o(i.prvSampleTimeNow)
    i.prvSwitchTimerLists                    0x080047c0   Section        0  timers.o(i.prvSwitchTimerLists)
    prvSwitchTimerLists                      0x080047c1   Thumb Code   102  timers.o(i.prvSwitchTimerLists)
    i.prvTaskExitError                       0x0800482c   Section        0  port.o(i.prvTaskExitError)
    prvTaskExitError                         0x0800482d   Thumb Code    36  port.o(i.prvTaskExitError)
    i.prvTimerTask                           0x08004854   Section        0  timers.o(i.prvTimerTask)
    prvTimerTask                             0x08004855   Thumb Code    32  timers.o(i.prvTimerTask)
    i.prvUnlockQueue                         0x08004878   Section        0  queue.o(i.prvUnlockQueue)
    prvUnlockQueue                           0x08004879   Thumb Code   106  queue.o(i.prvUnlockQueue)
    i.pvPortMalloc                           0x080048e4   Section        0  heap_4.o(i.pvPortMalloc)
    i.pvTaskIncrementMutexHeldCount          0x080049bc   Section        0  tasks.o(i.pvTaskIncrementMutexHeldCount)
    i.pxPortInitialiseStack                  0x080049d4   Section        0  port.o(i.pxPortInitialiseStack)
    i.rail                                   0x08004a00   Section        0  motoraction.o(i.rail)
    i.uplift                                 0x08004a3c   Section        0  motoraction.o(i.uplift)
    i.uxListRemove                           0x08004a9c   Section        0  list.o(i.uxListRemove)
    i.vListInitialise                        0x08004ac0   Section        0  list.o(i.vListInitialise)
    i.vListInitialiseItem                    0x08004ad6   Section        0  list.o(i.vListInitialiseItem)
    i.vListInsert                            0x08004adc   Section        0  list.o(i.vListInsert)
    i.vListInsertEnd                         0x08004b0c   Section        0  list.o(i.vListInsertEnd)
    i.vPortEnterCritical                     0x08004b24   Section        0  port.o(i.vPortEnterCritical)
    i.vPortExitCritical                      0x08004b64   Section        0  port.o(i.vPortExitCritical)
    i.vPortFree                              0x08004b8c   Section        0  heap_4.o(i.vPortFree)
    i.vPortSetupTimerInterrupt               0x08004be8   Section        0  port.o(i.vPortSetupTimerInterrupt)
    i.vPortValidateInterruptPriority         0x08004c08   Section        0  port.o(i.vPortValidateInterruptPriority)
    i.vQueueAddToRegistry                    0x08004c5c   Section        0  queue.o(i.vQueueAddToRegistry)
    i.vQueueWaitForMessageRestricted         0x08004c84   Section        0  queue.o(i.vQueueWaitForMessageRestricted)
    i.vTaskDelay                             0x08004cc8   Section        0  tasks.o(i.vTaskDelay)
    i.vTaskDelete                            0x08004d14   Section        0  tasks.o(i.vTaskDelete)
    i.vTaskMissedYield                       0x08004dc0   Section        0  tasks.o(i.vTaskMissedYield)
    i.vTaskPlaceOnEventList                  0x08004dcc   Section        0  tasks.o(i.vTaskPlaceOnEventList)
    i.vTaskPlaceOnEventListRestricted        0x08004dfc   Section        0  tasks.o(i.vTaskPlaceOnEventListRestricted)
    i.vTaskPriorityInherit                   0x08004e34   Section        0  tasks.o(i.vTaskPriorityInherit)
    i.vTaskSetTimeOutState                   0x08004eb8   Section        0  tasks.o(i.vTaskSetTimeOutState)
    i.vTaskStartScheduler                    0x08004edc   Section        0  tasks.o(i.vTaskStartScheduler)
    i.vTaskSuspendAll                        0x08004f4c   Section        0  tasks.o(i.vTaskSuspendAll)
    i.vTaskSwitchContext                     0x08004f5c   Section        0  tasks.o(i.vTaskSwitchContext)
    i.xPortStartScheduler                    0x08004fb8   Section        0  port.o(i.xPortStartScheduler)
    i.xQueueGenericCreate                    0x08005098   Section        0  queue.o(i.xQueueGenericCreate)
    i.xQueueGenericReceive                   0x080050ec   Section        0  queue.o(i.xQueueGenericReceive)
    i.xQueueGenericReset                     0x08005258   Section        0  queue.o(i.xQueueGenericReset)
    i.xQueueGenericSend                      0x080052e0   Section        0  queue.o(i.xQueueGenericSend)
    i.xQueueGenericSendFromISR               0x08005440   Section        0  queue.o(i.xQueueGenericSendFromISR)
    i.xTaskCheckForTimeOut                   0x080054fc   Section        0  tasks.o(i.xTaskCheckForTimeOut)
    i.xTaskCreate                            0x08005568   Section        0  tasks.o(i.xTaskCreate)
    i.xTaskGetSchedulerState                 0x080055c0   Section        0  tasks.o(i.xTaskGetSchedulerState)
    i.xTaskGetTickCount                      0x080055dc   Section        0  tasks.o(i.xTaskGetTickCount)
    i.xTaskIncrementTick                     0x080055e8   Section        0  tasks.o(i.xTaskIncrementTick)
    i.xTaskPriorityDisinherit                0x080056b0   Section        0  tasks.o(i.xTaskPriorityDisinherit)
    i.xTaskRemoveFromEventList               0x08005748   Section        0  tasks.o(i.xTaskRemoveFromEventList)
    i.xTaskResumeAll                         0x080057c0   Section        0  tasks.o(i.xTaskResumeAll)
    i.xTimerCreateTimerTask                  0x08005884   Section        0  timers.o(i.xTimerCreateTimerTask)
    i.xTimerGenericCommand                   0x080058d0   Section        0  timers.o(i.xTimerGenericCommand)
    .constdata                               0x08005930   Section      192  graspmotor.o(.constdata)
    .data                                    0x20000000   Section        4  main.o(.data)
    Start_Handler                            0x20000000   Data           4  main.o(.data)
    .data                                    0x20000004   Section       16  taskinit.o(.data)
    .data                                    0x20000014   Section       16  stm32f4xx_rcc.o(.data)
    APBAHBPrescTable                         0x20000014   Data          16  stm32f4xx_rcc.o(.data)
    .data                                    0x20000024   Section       20  system_stm32f4xx.o(.data)
    .data                                    0x20000038   Section       20  timers.o(.data)
    xTimerQueue                              0x20000038   Data           4  timers.o(.data)
    xTimerTaskHandle                         0x2000003c   Data           4  timers.o(.data)
    xLastTime                                0x20000040   Data           4  timers.o(.data)
    pxCurrentTimerList                       0x20000044   Data           4  timers.o(.data)
    pxOverflowTimerList                      0x20000048   Data           4  timers.o(.data)
    .data                                    0x2000004c   Section       60  tasks.o(.data)
    uxDeletedTasksWaitingCleanUp             0x20000050   Data           4  tasks.o(.data)
    uxCurrentNumberOfTasks                   0x20000054   Data           4  tasks.o(.data)
    xTickCount                               0x20000058   Data           4  tasks.o(.data)
    uxTopReadyPriority                       0x2000005c   Data           4  tasks.o(.data)
    xSchedulerRunning                        0x20000060   Data           4  tasks.o(.data)
    uxPendedTicks                            0x20000064   Data           4  tasks.o(.data)
    xYieldPending                            0x20000068   Data           4  tasks.o(.data)
    xNumOfOverflows                          0x2000006c   Data           4  tasks.o(.data)
    uxTaskNumber                             0x20000070   Data           4  tasks.o(.data)
    xNextTaskUnblockTime                     0x20000074   Data           4  tasks.o(.data)
    xIdleTaskHandle                          0x20000078   Data           4  tasks.o(.data)
    uxSchedulerSuspended                     0x2000007c   Data           4  tasks.o(.data)
    pxDelayedTaskList                        0x20000080   Data           4  tasks.o(.data)
    pxOverflowDelayedTaskList                0x20000084   Data           4  tasks.o(.data)
    .data                                    0x20000088   Section       24  heap_4.o(.data)
    pxEnd                                    0x20000088   Data           4  heap_4.o(.data)
    xFreeBytesRemaining                      0x2000008c   Data           4  heap_4.o(.data)
    xMinimumEverFreeBytesRemaining           0x20000090   Data           4  heap_4.o(.data)
    xBlockAllocatedBit                       0x20000094   Data           4  heap_4.o(.data)
    xStart                                   0x20000098   Data           8  heap_4.o(.data)
    .data                                    0x200000a0   Section       12  port.o(.data)
    ucMaxSysCallPriority                     0x200000a0   Data           1  port.o(.data)
    uxCriticalNesting                        0x200000a4   Data           4  port.o(.data)
    ulMaxPRIGROUPValue                       0x200000a8   Data           4  port.o(.data)
    .data                                    0x200000ac   Section       13  gpio_deal.o(.data)
    Smooth_L_Val                             0x200000ac   Data           1  gpio_deal.o(.data)
    Smooth_R_Val                             0x200000ad   Data           1  gpio_deal.o(.data)
    Stretch_F_Val                            0x200000ae   Data           1  gpio_deal.o(.data)
    Smooth_L_I                               0x200000b0   Data           2  gpio_deal.o(.data)
    Smooth_R_I                               0x200000b2   Data           2  gpio_deal.o(.data)
    Stretch_F_I                              0x200000b4   Data           2  gpio_deal.o(.data)
    .data                                    0x200000ba   Section        8  tim_isr.o(.data)
    led                                      0x200000ba   Data           1  tim_isr.o(.data)
    .data                                    0x200000c2   Section        1  vl53l0.o(.data)
    .data                                    0x200000c4   Section       12  boardcommuni.o(.data)
    clock                                    0x200000c4   Data           4  boardcommuni.o(.data)
    .data                                    0x200000d0   Section        8  graspmotor.o(.data)
    dire                                     0x200000d0   Data           1  graspmotor.o(.data)
    lock                                     0x200000d1   Data           1  graspmotor.o(.data)
    last_dire                                0x200000d2   Data           1  graspmotor.o(.data)
    clock                                    0x200000d3   Data           1  graspmotor.o(.data)
    lock                                     0x200000d4   Data           1  graspmotor.o(.data)
    clock                                    0x200000d6   Data           2  graspmotor.o(.data)
    .data                                    0x200000d8   Section        2  robotaction.o(.data)
    box_lock                                 0x200000d8   Data           1  robotaction.o(.data)
    boxs                                     0x200000d9   Data           1  robotaction.o(.data)
    .data                                    0x200000da   Section       12  motoraction.o(.data)
    clock                                    0x200000da   Data           1  motoraction.o(.data)
    clock                                    0x200000dc   Data           2  motoraction.o(.data)
    clock                                    0x200000de   Data           2  motoraction.o(.data)
    clock                                    0x200000e0   Data           2  motoraction.o(.data)
    clock                                    0x200000e2   Data           4  motoraction.o(.data)
    .data                                    0x200000e6   Section        2  getgold.o(.data)
    gold_lock                                0x200000e6   Data           1  getgold.o(.data)
    floor_lock                               0x200000e7   Data           1  getgold.o(.data)
    .data                                    0x200000e8   Section        2  grasp_fsm.o(.data)
    lock                                     0x200000e8   Data           1  grasp_fsm.o(.data)
    graspLock                                0x200000e9   Data           1  grasp_fsm.o(.data)
    .bss                                     0x200000ec   Section       28  hardwareinit.o(.bss)
    Hardware                                 0x200000ec   Data          28  hardwareinit.o(.bss)
    .bss                                     0x20000108   Section       40  timers.o(.bss)
    xActiveTimerList1                        0x20000108   Data          20  timers.o(.bss)
    xActiveTimerList2                        0x2000011c   Data          20  timers.o(.bss)
    .bss                                     0x20000130   Section      420  tasks.o(.bss)
    pxReadyTasksLists                        0x20000130   Data         320  tasks.o(.bss)
    xDelayedTaskList1                        0x20000270   Data          20  tasks.o(.bss)
    xDelayedTaskList2                        0x20000284   Data          20  tasks.o(.bss)
    xPendingReadyList                        0x20000298   Data          20  tasks.o(.bss)
    xTasksWaitingTermination                 0x200002ac   Data          20  tasks.o(.bss)
    xSuspendedTaskList                       0x200002c0   Data          20  tasks.o(.bss)
    .bss                                     0x200002d4   Section       64  queue.o(.bss)
    .bss                                     0x20000314   Section    76800  heap_4.o(.bss)
    ucHeap                                   0x20000314   Data       76800  heap_4.o(.bss)
    .bss                                     0x20012f14   Section      338  usart.o(.bss)
    .bss                                     0x20013066   Section      344  can1_isr.o(.bss)
    .bss                                     0x200131be   Section       18  can2_isr.o(.bss)
    .bss                                     0x200131d0   Section       31  remote_isr.o(.bss)
    .bss                                     0x200131ef   Section       73  vl53l0.o(.bss)
    .bss                                     0x20013238   Section       36  boardcommuni.o(.bss)
    .bss                                     0x2001325c   Section       14  graspmotor.o(.bss)
    clock                                    0x2001325c   Data          14  graspmotor.o(.bss)
    .bss                                     0x2001326a   Section     1528  grasp_task.o(.bss)
    .bss                                     0x20013862   Section      196  grasp_fsm.o(.bss)
    STACK                                    0x20013928   Section     1024  startup_stm32f40_41xxx.o(STACK)

    Global Symbols

    Symbol Name                              Value     Ov Type        Size  Object(Section)

    BuildAttributes$$THM_ISAv4$E$P$D$K$B$S$7EM$VFPi3$EXTD16$VFPS$VFMA$PE$A:L22UL41UL21$X:L11$S22US41US21$IEEE1$IW$USESV6$~STKCKD$USESV7$~SHL$OTIME$ROPI$EBA8$MICROLIB$REQ8$PRES8$EABIv2 0x00000000   Number         0  anon$$obj.o ABSOLUTE
    __ARM_use_no_argv                        0x00000000   Number         0  main.o ABSOLUTE
    __arm_fini_                               - Undefined Weak Reference
    __cpp_initialize__aeabi_                  - Undefined Weak Reference
    __cxa_finalize                            - Undefined Weak Reference
    __decompress                              - Undefined Weak Reference
    _clock_init                               - Undefined Weak Reference
    _microlib_exit                            - Undefined Weak Reference
    __Vectors_Size                           0x00000188   Number         0  startup_stm32f40_41xxx.o ABSOLUTE
    __Vectors                                0x08000000   Data           4  startup_stm32f40_41xxx.o(RESET)
    __Vectors_End                            0x08000188   Data           0  startup_stm32f40_41xxx.o(RESET)
    __main                                   0x08000189   Thumb Code     0  entry.o(.ARM.Collect$$$$00000000)
    _main_stk                                0x08000189   Thumb Code     0  entry2.o(.ARM.Collect$$$$00000001)
    _main_scatterload                        0x0800018d   Thumb Code     0  entry5.o(.ARM.Collect$$$$00000004)
    __main_after_scatterload                 0x08000191   Thumb Code     0  entry5.o(.ARM.Collect$$$$00000004)
    _main_clock                              0x08000191   Thumb Code     0  entry7b.o(.ARM.Collect$$$$00000008)
    _main_cpp_init                           0x08000191   Thumb Code     0  entry8b.o(.ARM.Collect$$$$0000000A)
    _main_init                               0x08000191   Thumb Code     0  entry9a.o(.ARM.Collect$$$$0000000B)
    __rt_lib_shutdown_fini                   0x08000199   Thumb Code     0  entry12b.o(.ARM.Collect$$$$0000000E)
    __rt_final_cpp                           0x0800019d   Thumb Code     0  entry10a.o(.ARM.Collect$$$$0000000F)
    __rt_final_exit                          0x0800019d   Thumb Code     0  entry11a.o(.ARM.Collect$$$$00000011)
    SVC_Handler                              0x080001a1   Thumb Code    28  port.o(.emb_text)
    __asm___6_port_c_39a90d8d__prvStartFirstTask 0x080001c1   Thumb Code    28  port.o(.emb_text)
    __asm___6_port_c_39a90d8d__prvEnableVFP  0x080001e1   Thumb Code    16  port.o(.emb_text)
    PendSV_Handler                           0x080001f5   Thumb Code    88  port.o(.emb_text)
    vPortGetIPSR                             0x08000251   Thumb Code     6  port.o(.emb_text)
    Reset_Handler                            0x08000259   Thumb Code     8  startup_stm32f40_41xxx.o(.text)
    ADC_IRQHandler                           0x08000273   Thumb Code     0  startup_stm32f40_41xxx.o(.text)
    CAN1_RX1_IRQHandler                      0x08000273   Thumb Code     0  startup_stm32f40_41xxx.o(.text)
    CAN1_SCE_IRQHandler                      0x08000273   Thumb Code     0  startup_stm32f40_41xxx.o(.text)
    CAN1_TX_IRQHandler                       0x08000273   Thumb Code     0  startup_stm32f40_41xxx.o(.text)
    CAN2_RX1_IRQHandler                      0x08000273   Thumb Code     0  startup_stm32f40_41xxx.o(.text)
    CAN2_SCE_IRQHandler                      0x08000273   Thumb Code     0  startup_stm32f40_41xxx.o(.text)
    CAN2_TX_IRQHandler                       0x08000273   Thumb Code     0  startup_stm32f40_41xxx.o(.text)
    CRYP_IRQHandler                          0x08000273   Thumb Code     0  startup_stm32f40_41xxx.o(.text)
    DCMI_IRQHandler                          0x08000273   Thumb Code     0  startup_stm32f40_41xxx.o(.text)
    DMA1_Stream0_IRQHandler                  0x08000273   Thumb Code     0  startup_stm32f40_41xxx.o(.text)
    DMA1_Stream1_IRQHandler                  0x08000273   Thumb Code     0  startup_stm32f40_41xxx.o(.text)
    DMA1_Stream2_IRQHandler                  0x08000273   Thumb Code     0  startup_stm32f40_41xxx.o(.text)
    DMA1_Stream3_IRQHandler                  0x08000273   Thumb Code     0  startup_stm32f40_41xxx.o(.text)
    DMA1_Stream4_IRQHandler                  0x08000273   Thumb Code     0  startup_stm32f40_41xxx.o(.text)
    DMA1_Stream5_IRQHandler                  0x08000273   Thumb Code     0  startup_stm32f40_41xxx.o(.text)
    DMA1_Stream6_IRQHandler                  0x08000273   Thumb Code     0  startup_stm32f40_41xxx.o(.text)
    DMA1_Stream7_IRQHandler                  0x08000273   Thumb Code     0  startup_stm32f40_41xxx.o(.text)
    DMA2_Stream0_IRQHandler                  0x08000273   Thumb Code     0  startup_stm32f40_41xxx.o(.text)
    DMA2_Stream2_IRQHandler                  0x08000273   Thumb Code     0  startup_stm32f40_41xxx.o(.text)
    DMA2_Stream3_IRQHandler                  0x08000273   Thumb Code     0  startup_stm32f40_41xxx.o(.text)
    DMA2_Stream4_IRQHandler                  0x08000273   Thumb Code     0  startup_stm32f40_41xxx.o(.text)
    DMA2_Stream6_IRQHandler                  0x08000273   Thumb Code     0  startup_stm32f40_41xxx.o(.text)
    DMA2_Stream7_IRQHandler                  0x08000273   Thumb Code     0  startup_stm32f40_41xxx.o(.text)
    ETH_IRQHandler                           0x08000273   Thumb Code     0  startup_stm32f40_41xxx.o(.text)
    ETH_WKUP_IRQHandler                      0x08000273   Thumb Code     0  startup_stm32f40_41xxx.o(.text)
    EXTI0_IRQHandler                         0x08000273   Thumb Code     0  startup_stm32f40_41xxx.o(.text)
    EXTI15_10_IRQHandler                     0x08000273   Thumb Code     0  startup_stm32f40_41xxx.o(.text)
    EXTI1_IRQHandler                         0x08000273   Thumb Code     0  startup_stm32f40_41xxx.o(.text)
    EXTI2_IRQHandler                         0x08000273   Thumb Code     0  startup_stm32f40_41xxx.o(.text)
    EXTI3_IRQHandler                         0x08000273   Thumb Code     0  startup_stm32f40_41xxx.o(.text)
    EXTI4_IRQHandler                         0x08000273   Thumb Code     0  startup_stm32f40_41xxx.o(.text)
    EXTI9_5_IRQHandler                       0x08000273   Thumb Code     0  startup_stm32f40_41xxx.o(.text)
    FLASH_IRQHandler                         0x08000273   Thumb Code     0  startup_stm32f40_41xxx.o(.text)
    FPU_IRQHandler                           0x08000273   Thumb Code     0  startup_stm32f40_41xxx.o(.text)
    FSMC_IRQHandler                          0x08000273   Thumb Code     0  startup_stm32f40_41xxx.o(.text)
    HASH_RNG_IRQHandler                      0x08000273   Thumb Code     0  startup_stm32f40_41xxx.o(.text)
    I2C1_ER_IRQHandler                       0x08000273   Thumb Code     0  startup_stm32f40_41xxx.o(.text)
    I2C1_EV_IRQHandler                       0x08000273   Thumb Code     0  startup_stm32f40_41xxx.o(.text)
    I2C2_ER_IRQHandler                       0x08000273   Thumb Code     0  startup_stm32f40_41xxx.o(.text)
    I2C2_EV_IRQHandler                       0x08000273   Thumb Code     0  startup_stm32f40_41xxx.o(.text)
    I2C3_ER_IRQHandler                       0x08000273   Thumb Code     0  startup_stm32f40_41xxx.o(.text)
    I2C3_EV_IRQHandler                       0x08000273   Thumb Code     0  startup_stm32f40_41xxx.o(.text)
    OTG_FS_IRQHandler                        0x08000273   Thumb Code     0  startup_stm32f40_41xxx.o(.text)
    OTG_FS_WKUP_IRQHandler                   0x08000273   Thumb Code     0  startup_stm32f40_41xxx.o(.text)
    OTG_HS_EP1_IN_IRQHandler                 0x08000273   Thumb Code     0  startup_stm32f40_41xxx.o(.text)
    OTG_HS_EP1_OUT_IRQHandler                0x08000273   Thumb Code     0  startup_stm32f40_41xxx.o(.text)
    OTG_HS_IRQHandler                        0x08000273   Thumb Code     0  startup_stm32f40_41xxx.o(.text)
    OTG_HS_WKUP_IRQHandler                   0x08000273   Thumb Code     0  startup_stm32f40_41xxx.o(.text)
    PVD_IRQHandler                           0x08000273   Thumb Code     0  startup_stm32f40_41xxx.o(.text)
    RCC_IRQHandler                           0x08000273   Thumb Code     0  startup_stm32f40_41xxx.o(.text)
    RTC_Alarm_IRQHandler                     0x08000273   Thumb Code     0  startup_stm32f40_41xxx.o(.text)
    RTC_WKUP_IRQHandler                      0x08000273   Thumb Code     0  startup_stm32f40_41xxx.o(.text)
    SDIO_IRQHandler                          0x08000273   Thumb Code     0  startup_stm32f40_41xxx.o(.text)
    SPI1_IRQHandler                          0x08000273   Thumb Code     0  startup_stm32f40_41xxx.o(.text)
    SPI2_IRQHandler                          0x08000273   Thumb Code     0  startup_stm32f40_41xxx.o(.text)
    SPI3_IRQHandler                          0x08000273   Thumb Code     0  startup_stm32f40_41xxx.o(.text)
    TAMP_STAMP_IRQHandler                    0x08000273   Thumb Code     0  startup_stm32f40_41xxx.o(.text)
    TIM1_BRK_TIM9_IRQHandler                 0x08000273   Thumb Code     0  startup_stm32f40_41xxx.o(.text)
    TIM1_CC_IRQHandler                       0x08000273   Thumb Code     0  startup_stm32f40_41xxx.o(.text)
    TIM1_TRG_COM_TIM11_IRQHandler            0x08000273   Thumb Code     0  startup_stm32f40_41xxx.o(.text)
    TIM1_UP_TIM10_IRQHandler                 0x08000273   Thumb Code     0  startup_stm32f40_41xxx.o(.text)
    TIM2_IRQHandler                          0x08000273   Thumb Code     0  startup_stm32f40_41xxx.o(.text)
    TIM4_IRQHandler                          0x08000273   Thumb Code     0  startup_stm32f40_41xxx.o(.text)
    TIM5_IRQHandler                          0x08000273   Thumb Code     0  startup_stm32f40_41xxx.o(.text)
    TIM6_DAC_IRQHandler                      0x08000273   Thumb Code     0  startup_stm32f40_41xxx.o(.text)
    TIM7_IRQHandler                          0x08000273   Thumb Code     0  startup_stm32f40_41xxx.o(.text)
    TIM8_BRK_TIM12_IRQHandler                0x08000273   Thumb Code     0  startup_stm32f40_41xxx.o(.text)
    TIM8_CC_IRQHandler                       0x08000273   Thumb Code     0  startup_stm32f40_41xxx.o(.text)
    TIM8_TRG_COM_TIM14_IRQHandler            0x08000273   Thumb Code     0  startup_stm32f40_41xxx.o(.text)
    TIM8_UP_TIM13_IRQHandler                 0x08000273   Thumb Code     0  startup_stm32f40_41xxx.o(.text)
    UART4_IRQHandler                         0x08000273   Thumb Code     0  startup_stm32f40_41xxx.o(.text)
    UART5_IRQHandler                         0x08000273   Thumb Code     0  startup_stm32f40_41xxx.o(.text)
    USART1_IRQHandler                        0x08000273   Thumb Code     0  startup_stm32f40_41xxx.o(.text)
    USART2_IRQHandler                        0x08000273   Thumb Code     0  startup_stm32f40_41xxx.o(.text)
    USART3_IRQHandler                        0x08000273   Thumb Code     0  startup_stm32f40_41xxx.o(.text)
    WWDG_IRQHandler                          0x08000273   Thumb Code     0  startup_stm32f40_41xxx.o(.text)
    __aeabi_memcpy                           0x0800027d   Thumb Code    36  memcpya.o(.text)
    __aeabi_memcpy4                          0x0800027d   Thumb Code     0  memcpya.o(.text)
    __aeabi_memcpy8                          0x0800027d   Thumb Code     0  memcpya.o(.text)
    __aeabi_memset                           0x080002a1   Thumb Code    14  memseta.o(.text)
    __aeabi_memset4                          0x080002a1   Thumb Code     0  memseta.o(.text)
    __aeabi_memset8                          0x080002a1   Thumb Code     0  memseta.o(.text)
    __aeabi_memclr                           0x080002af   Thumb Code     4  memseta.o(.text)
    __aeabi_memclr4                          0x080002af   Thumb Code     0  memseta.o(.text)
    __aeabi_memclr8                          0x080002af   Thumb Code     0  memseta.o(.text)
    _memset$wrapper                          0x080002b3   Thumb Code    18  memseta.o(.text)
    __aeabi_dadd                             0x080002c5   Thumb Code   322  dadd.o(.text)
    __aeabi_dsub                             0x08000407   Thumb Code     6  dadd.o(.text)
    __aeabi_drsub                            0x0800040d   Thumb Code     6  dadd.o(.text)
    __aeabi_dmul                             0x08000413   Thumb Code   228  dmul.o(.text)
    __aeabi_ddiv                             0x080004f7   Thumb Code   222  ddiv.o(.text)
    __aeabi_i2d                              0x080005d5   Thumb Code    34  dflti.o(.text)
    __aeabi_ui2d                             0x080005f7   Thumb Code    26  dfltui.o(.text)
    __aeabi_f2d                              0x08000611   Thumb Code    38  f2d.o(.text)
    __aeabi_d2f                              0x08000637   Thumb Code    56  d2f.o(.text)
    __aeabi_llsl                             0x0800066f   Thumb Code    30  llshl.o(.text)
    _ll_shift_l                              0x0800066f   Thumb Code     0  llshl.o(.text)
    __aeabi_lasr                             0x0800068d   Thumb Code    36  llsshr.o(.text)
    _ll_sshift_r                             0x0800068d   Thumb Code     0  llsshr.o(.text)
    __I$use$fp                               0x080006b1   Thumb Code     0  iusefp.o(.text)
    _float_round                             0x080006b1   Thumb Code    18  fepilogue.o(.text)
    _float_epilogue                          0x080006c3   Thumb Code    92  fepilogue.o(.text)
    _double_round                            0x0800071f   Thumb Code    30  depilogue.o(.text)
    _double_epilogue                         0x0800073d   Thumb Code   156  depilogue.o(.text)
    __scatterload                            0x080007d9   Thumb Code    28  init.o(.text)
    __scatterload_rt2                        0x080007d9   Thumb Code     0  init.o(.text)
    __aeabi_llsr                             0x080007fd   Thumb Code    32  llushr.o(.text)
    _ll_ushift_r                             0x080007fd   Thumb Code     0  llushr.o(.text)
    Auto_Ctrl                                0x08000861   Thumb Code   226  robotaction.o(i.Auto_Ctrl)
    Board_Communi_Init                       0x08000aa1   Thumb Code    14  boardcommuni.o(i.Board_Communi_Init)
    Board_Communi_Updata                     0x08000ab5   Thumb Code   198  boardcommuni.o(i.Board_Communi_Updata)
    BusFault_Handler                         0x08000b85   Thumb Code     2  stm32f4xx_it.o(i.BusFault_Handler)
    CAN1_201_To_204_SEND                     0x08000b89   Thumb Code   108  can1_isr.o(i.CAN1_201_To_204_SEND)
    CAN1_205_To_208_SEND                     0x08000bf9   Thumb Code   108  can1_isr.o(i.CAN1_205_To_208_SEND)
    CAN1_Init_GPIOD_IO0_IO1                  0x08000c69   Thumb Code   234  can.o(i.CAN1_Init_GPIOD_IO0_IO1)
    CAN1_RX0_IRQHandler                      0x08000d5d   Thumb Code   364  can1_isr.o(i.CAN1_RX0_IRQHandler)
    CAN2_Init_GPIOB_IO5_IO6                  0x08000ed9   Thumb Code   236  can.o(i.CAN2_Init_GPIOB_IO5_IO6)
    CAN2_RX0_IRQHandler                      0x08000fcd   Thumb Code   272  can2_isr.o(i.CAN2_RX0_IRQHandler)
    CAN2_To_Board                            0x080010e5   Thumb Code   112  can2_isr.o(i.CAN2_To_Board)
    CAN_ClearFlag                            0x08001159   Thumb Code    44  stm32f4xx_can.o(i.CAN_ClearFlag)
    CAN_ClearITPendingBit                    0x08001189   Thumb Code   116  stm32f4xx_can.o(i.CAN_ClearITPendingBit)
    CAN_DATA_Encoder_Deal                    0x08001201   Thumb Code   346  encoder.o(i.CAN_DATA_Encoder_Deal)
    CAN_DeInit                               0x08001369   Thumb Code    38  stm32f4xx_can.o(i.CAN_DeInit)
    CAN_FilterInit                           0x08001395   Thumb Code   194  stm32f4xx_can.o(i.CAN_FilterInit)
    CAN_GetITStatus                          0x08001461   Thumb Code   162  stm32f4xx_can.o(i.CAN_GetITStatus)
    CAN_ITConfig                             0x08001509   Thumb Code    16  stm32f4xx_can.o(i.CAN_ITConfig)
    CAN_Init                                 0x08001519   Thumb Code   232  stm32f4xx_can.o(i.CAN_Init)
    CAN_Receive                              0x08001601   Thumb Code   144  stm32f4xx_can.o(i.CAN_Receive)
    CAN_StructInit                           0x08001691   Thumb Code    32  stm32f4xx_can.o(i.CAN_StructInit)
    CAN_Transmit                             0x080016b1   Thumb Code   190  stm32f4xx_can.o(i.CAN_Transmit)
    CAN_TransmitStatus                       0x08001771   Thumb Code    88  stm32f4xx_can.o(i.CAN_TransmitStatus)
    Chassis_FSM_Init                         0x080017dd   Thumb Code   182  grasp_fsm.o(i.Chassis_FSM_Init)
    DMA2_Stream1_IRQHandler                  0x080018d9   Thumb Code    48  remote_isr.o(i.DMA2_Stream1_IRQHandler)
    DMA2_Stream5_IRQHandler                  0x08001919   Thumb Code    48  remote_isr.o(i.DMA2_Stream5_IRQHandler)
    DMA_ClearFlag                            0x08001959   Thumb Code    32  stm32f4xx_dma.o(i.DMA_ClearFlag)
    DMA_ClearITPendingBit                    0x08001985   Thumb Code    32  stm32f4xx_dma.o(i.DMA_ClearITPendingBit)
    DMA_Cmd                                  0x080019b1   Thumb Code    20  stm32f4xx_dma.o(i.DMA_Cmd)
    DMA_DeInit                               0x080019c5   Thumb Code   272  stm32f4xx_dma.o(i.DMA_DeInit)
    DMA_GetCmdStatus                         0x08001ae9   Thumb Code    14  stm32f4xx_dma.o(i.DMA_GetCmdStatus)
    DMA_GetCurrDataCounter                   0x08001af7   Thumb Code     6  stm32f4xx_dma.o(i.DMA_GetCurrDataCounter)
    DMA_GetFlagStatus                        0x08001afd   Thumb Code    40  stm32f4xx_dma.o(i.DMA_GetFlagStatus)
    DMA_ITConfig                             0x08001b31   Thumb Code    44  stm32f4xx_dma.o(i.DMA_ITConfig)
    DMA_Init                                 0x08001b5d   Thumb Code    80  stm32f4xx_dma.o(i.DMA_Init)
    DMA_SetCurrDataCounter                   0x08001bb1   Thumb Code     4  stm32f4xx_dma.o(i.DMA_SetCurrDataCounter)
    Data_Task                                0x08001bb5   Thumb Code    32  data_task.o(i.Data_Task)
    DebugMon_Handler                         0x08001bd5   Thumb Code     2  stm32f4xx_it.o(i.DebugMon_Handler)
    Detect_Task                              0x08001bd9   Thumb Code    36  detect_task.o(i.Detect_Task)
    EncoderValZero                           0x08001c05   Thumb Code    46  encoder.o(i.EncoderValZero)
    FSM_Deal                                 0x08001c33   Thumb Code    82  fms.o(i.FSM_Deal)
    GPIO_Init                                0x08001c85   Thumb Code   162  stm32f4xx_gpio.o(i.GPIO_Init)
    GPIO_PinAFConfig                         0x08001d27   Thumb Code    32  stm32f4xx_gpio.o(i.GPIO_PinAFConfig)
    GPIO_ReadInputDataBit                    0x08001d47   Thumb Code    14  stm32f4xx_gpio.o(i.GPIO_ReadInputDataBit)
    GPIO_SetBits                             0x08001d55   Thumb Code     4  stm32f4xx_gpio.o(i.GPIO_SetBits)
    GPIO_ToggleBits                          0x08001d59   Thumb Code     8  stm32f4xx_gpio.o(i.GPIO_ToggleBits)
    Get_Sensor_Val                           0x08001d61   Thumb Code    24  gpio_deal.o(i.Get_Sensor_Val)
    Grasp_Motor_Init                         0x08001e25   Thumb Code   382  graspmotor.o(i.Grasp_Motor_Init)
    Grasp_Task                               0x08001fcd   Thumb Code    40  grasp_task.o(i.Grasp_Task)
    HardFault_Handler                        0x08001ff9   Thumb Code     2  stm32f4xx_it.o(i.HardFault_Handler)
    HardwareInit                             0x08001ffd   Thumb Code    76  hardwareinit.o(i.HardwareInit)
    IWDG_Enable                              0x08002069   Thumb Code    10  stm32f4xx_iwdg.o(i.IWDG_Enable)
    IWDG_Init                                0x08002079   Thumb Code    38  iwdg.o(i.IWDG_Init)
    IWDG_ReloadCounter                       0x080020a1   Thumb Code    10  stm32f4xx_iwdg.o(i.IWDG_ReloadCounter)
    IWDG_SetPrescaler                        0x080020b1   Thumb Code     6  stm32f4xx_iwdg.o(i.IWDG_SetPrescaler)
    IWDG_SetReload                           0x080020bd   Thumb Code     6  stm32f4xx_iwdg.o(i.IWDG_SetReload)
    IWDG_WriteAccessCmd                      0x080020c9   Thumb Code     6  stm32f4xx_iwdg.o(i.IWDG_WriteAccessCmd)
    LED_Init                                 0x0800214d   Thumb Code    86  gpio.o(i.LED_Init)
    MemManage_Handler                        0x080021ad   Thumb Code     2  stm32f4xx_it.o(i.MemManage_Handler)
    MotorValZero                             0x080021b1   Thumb Code   100  motor.o(i.MotorValZero)
    NMI_Handler                              0x08002219   Thumb Code     2  stm32f4xx_it.o(i.NMI_Handler)
    NVIC_Init                                0x0800221d   Thumb Code    96  misc.o(i.NVIC_Init)
    PID_DEAL                                 0x080022b1   Thumb Code   312  pid.o(i.PID_DEAL)
    PID_INIT                                 0x080023ed   Thumb Code    66  pid.o(i.PID_INIT)
    Poweroff_Ctrl                            0x0800242f   Thumb Code    70  graspmotor.o(i.Poweroff_Ctrl)
    RCC_AHB1PeriphClockCmd                   0x08002475   Thumb Code    18  stm32f4xx_rcc.o(i.RCC_AHB1PeriphClockCmd)
    RCC_APB1PeriphClockCmd                   0x0800248d   Thumb Code    18  stm32f4xx_rcc.o(i.RCC_APB1PeriphClockCmd)
    RCC_APB1PeriphResetCmd                   0x080024a5   Thumb Code    18  stm32f4xx_rcc.o(i.RCC_APB1PeriphResetCmd)
    RCC_APB2PeriphClockCmd                   0x080024bd   Thumb Code    18  stm32f4xx_rcc.o(i.RCC_APB2PeriphClockCmd)
    RCC_APB2PeriphResetCmd                   0x080024d5   Thumb Code    18  stm32f4xx_rcc.o(i.RCC_APB2PeriphResetCmd)
    RCC_GetClocksFreq                        0x080024ed   Thumb Code   114  stm32f4xx_rcc.o(i.RCC_GetClocksFreq)
    RC_Ctrl                                  0x0800256d   Thumb Code  1216  graspmotor.o(i.RC_Ctrl)
    Remote_Task                              0x08002b19   Thumb Code    60  remote_task.o(i.Remote_Task)
    Reset_Grasp                              0x08002b6d   Thumb Code   786  graspmotor.o(i.Reset_Grasp)
    Return_Board_Communi                     0x08002e91   Thumb Code     4  boardcommuni.o(i.Return_Board_Communi)
    Return_CAN2_Board_Data                   0x08002e99   Thumb Code     4  can2_isr.o(i.Return_CAN2_Board_Data)
    Return_Can1_201_208_Encoder              0x08002ea1   Thumb Code    66  can1_isr.o(i.Return_Can1_201_208_Encoder)
    Return_Chassis_Fsm                       0x08002eed   Thumb Code     4  grasp_fsm.o(i.Return_Chassis_Fsm)
    Return_Sensor_t                          0x08002ef5   Thumb Code     4  gpio_deal.o(i.Return_Sensor_t)
    Return_VL53L0_t                          0x08002fed   Thumb Code     4  vl53l0.o(i.Return_VL53L0_t)
    Send_Crtl_To_Board                       0x08002ff5   Thumb Code    34  boardcommuni.o(i.Send_Crtl_To_Board)
    StateChange                              0x080030f1   Thumb Code    12  fms.o(i.StateChange)
    SysTick_Handler                          0x080030fd   Thumb Code    38  port.o(i.SysTick_Handler)
    SystemInit                               0x08003129   Thumb Code    74  system_stm32f4xx.o(i.SystemInit)
    TIM3_IRQHandler                          0x08003185   Thumb Code   142  tim_isr.o(i.TIM3_IRQHandler)
    TIM3_Init                                0x08003225   Thumb Code    88  tim.o(i.TIM3_Init)
    TIM_ClearITPendingBit                    0x08003281   Thumb Code     6  stm32f4xx_tim.o(i.TIM_ClearITPendingBit)
    TIM_Cmd                                  0x08003287   Thumb Code    20  stm32f4xx_tim.o(i.TIM_Cmd)
    TIM_GetITStatus                          0x0800329b   Thumb Code    24  stm32f4xx_tim.o(i.TIM_GetITStatus)
    TIM_ITConfig                             0x080032b3   Thumb Code    16  stm32f4xx_tim.o(i.TIM_ITConfig)
    TIM_TimeBaseInit                         0x080032c5   Thumb Code    96  stm32f4xx_tim.o(i.TIM_TimeBaseInit)
    TaskInit                                 0x08003341   Thumb Code    92  taskinit.o(i.TaskInit)
    Telescoping                              0x080033e1   Thumb Code    84  motoraction.o(i.Telescoping)
    USART1_RC_INIT_PA10_RX                   0x08003439   Thumb Code   250  usart.o(i.USART1_RC_INIT_PA10_RX)
    USART6_IRQHandler                        0x0800354d   Thumb Code   102  vl53l0.o(i.USART6_IRQHandler)
    USART6_VL53L0_INIT_PC7_RX_PC6_TX         0x080035c5   Thumb Code   246  usart.o(i.USART6_VL53L0_INIT_PC7_RX_PC6_TX)
    USART_Cmd                                0x080036d1   Thumb Code    20  stm32f4xx_usart.o(i.USART_Cmd)
    USART_DMACmd                             0x080036e5   Thumb Code    16  stm32f4xx_usart.o(i.USART_DMACmd)
    USART_DeInit                             0x080036f5   Thumb Code   138  stm32f4xx_usart.o(i.USART_DeInit)
    USART_GetITStatus                        0x080037a1   Thumb Code    62  stm32f4xx_usart.o(i.USART_GetITStatus)
    USART_ITConfig                           0x080037df   Thumb Code    48  stm32f4xx_usart.o(i.USART_ITConfig)
    USART_Init                               0x08003811   Thumb Code   164  stm32f4xx_usart.o(i.USART_Init)
    UsageFault_Handler                       0x080038bd   Thumb Code     2  stm32f4xx_it.o(i.UsageFault_Handler)
    VL53L0_Data_Deal                         0x080038c1   Thumb Code   176  vl53l0.o(i.VL53L0_Data_Deal)
    __scatterload_copy                       0x08003981   Thumb Code    14  handlers.o(i.__scatterload_copy)
    __scatterload_null                       0x0800398f   Thumb Code     2  handlers.o(i.__scatterload_null)
    __scatterload_zeroinit                   0x08003991   Thumb Code    14  handlers.o(i.__scatterload_zeroinit)
    bullet_Supply                            0x080039a1   Thumb Code   226  graspmotor.o(i.bullet_Supply)
    change_Gold                              0x08003a89   Thumb Code    42  getgold.o(i.change_Gold)
    clip                                     0x08003ab9   Thumb Code    90  motoraction.o(i.clip)
    flip                                     0x08003b19   Thumb Code   466  motoraction.o(i.flip)
    flip2                                    0x08003cf9   Thumb Code   236  motoraction.o(i.flip2)
    float_abs                                0x08003df1   Thumb Code    16  mathlib.o(i.float_abs)
    int16_t_abs                              0x08003ed5   Thumb Code    10  mathlib.o(i.int16_t_abs)
    main                                     0x08003ee1   Thumb Code    34  main.o(i.main)
    pick_Gold                                0x08003f19   Thumb Code   202  getgold.o(i.pick_Gold)
    pid_Cala                                 0x08003ff1   Thumb Code   482  graspmotor.o(i.pid_Cala)
    pvPortMalloc                             0x080048e5   Thumb Code   210  heap_4.o(i.pvPortMalloc)
    pvTaskIncrementMutexHeldCount            0x080049bd   Thumb Code    18  tasks.o(i.pvTaskIncrementMutexHeldCount)
    pxPortInitialiseStack                    0x080049d5   Thumb Code    40  port.o(i.pxPortInitialiseStack)
    rail                                     0x08004a01   Thumb Code    58  motoraction.o(i.rail)
    uplift                                   0x08004a3d   Thumb Code    92  motoraction.o(i.uplift)
    uxListRemove                             0x08004a9d   Thumb Code    36  list.o(i.uxListRemove)
    vListInitialise                          0x08004ac1   Thumb Code    22  list.o(i.vListInitialise)
    vListInitialiseItem                      0x08004ad7   Thumb Code     6  list.o(i.vListInitialiseItem)
    vListInsert                              0x08004add   Thumb Code    48  list.o(i.vListInsert)
    vListInsertEnd                           0x08004b0d   Thumb Code    24  list.o(i.vListInsertEnd)
    vPortEnterCritical                       0x08004b25   Thumb Code    54  port.o(i.vPortEnterCritical)
    vPortExitCritical                        0x08004b65   Thumb Code    34  port.o(i.vPortExitCritical)
    vPortFree                                0x08004b8d   Thumb Code    88  heap_4.o(i.vPortFree)
    vPortSetupTimerInterrupt                 0x08004be9   Thumb Code    26  port.o(i.vPortSetupTimerInterrupt)
    vPortValidateInterruptPriority           0x08004c09   Thumb Code    74  port.o(i.vPortValidateInterruptPriority)
    vQueueAddToRegistry                      0x08004c5d   Thumb Code    34  queue.o(i.vQueueAddToRegistry)
    vQueueWaitForMessageRestricted           0x08004c85   Thumb Code    68  queue.o(i.vQueueWaitForMessageRestricted)
    vTaskDelay                               0x08004cc9   Thumb Code    66  tasks.o(i.vTaskDelay)
    vTaskDelete                              0x08004d15   Thumb Code   156  tasks.o(i.vTaskDelete)
    vTaskMissedYield                         0x08004dc1   Thumb Code     8  tasks.o(i.vTaskMissedYield)
    vTaskPlaceOnEventList                    0x08004dcd   Thumb Code    44  tasks.o(i.vTaskPlaceOnEventList)
    vTaskPlaceOnEventListRestricted          0x08004dfd   Thumb Code    52  tasks.o(i.vTaskPlaceOnEventListRestricted)
    vTaskPriorityInherit                     0x08004e35   Thumb Code   124  tasks.o(i.vTaskPriorityInherit)
    vTaskSetTimeOutState                     0x08004eb9   Thumb Code    30  tasks.o(i.vTaskSetTimeOutState)
    vTaskStartScheduler                      0x08004edd   Thumb Code    94  tasks.o(i.vTaskStartScheduler)
    vTaskSuspendAll                          0x08004f4d   Thumb Code    10  tasks.o(i.vTaskSuspendAll)
    vTaskSwitchContext                       0x08004f5d   Thumb Code    82  tasks.o(i.vTaskSwitchContext)
    xPortStartScheduler                      0x08004fb9   Thumb Code   202  port.o(i.xPortStartScheduler)
    xQueueGenericCreate                      0x08005099   Thumb Code    82  queue.o(i.xQueueGenericCreate)
    xQueueGenericReceive                     0x080050ed   Thumb Code   360  queue.o(i.xQueueGenericReceive)
    xQueueGenericReset                       0x08005259   Thumb Code   132  queue.o(i.xQueueGenericReset)
    xQueueGenericSend                        0x080052e1   Thumb Code   346  queue.o(i.xQueueGenericSend)
    xQueueGenericSendFromISR                 0x08005441   Thumb Code   188  queue.o(i.xQueueGenericSendFromISR)
    xTaskCheckForTimeOut                     0x080054fd   Thumb Code   102  tasks.o(i.xTaskCheckForTimeOut)
    xTaskCreate                              0x08005569   Thumb Code    86  tasks.o(i.xTaskCreate)
    xTaskGetSchedulerState                   0x080055c1   Thumb Code    22  tasks.o(i.xTaskGetSchedulerState)
    xTaskGetTickCount                        0x080055dd   Thumb Code     6  tasks.o(i.xTaskGetTickCount)
    xTaskIncrementTick                       0x080055e9   Thumb Code   192  tasks.o(i.xTaskIncrementTick)
    xTaskPriorityDisinherit                  0x080056b1   Thumb Code   144  tasks.o(i.xTaskPriorityDisinherit)
    xTaskRemoveFromEventList                 0x08005749   Thumb Code   106  tasks.o(i.xTaskRemoveFromEventList)
    xTaskResumeAll                           0x080057c1   Thumb Code   182  tasks.o(i.xTaskResumeAll)
    xTimerCreateTimerTask                    0x08005885   Thumb Code    58  timers.o(i.xTimerCreateTimerTask)
    xTimerGenericCommand                     0x080058d1   Thumb Code    92  timers.o(i.xTimerGenericCommand)
    Region$$Table$$Base                      0x080059f0   Number         0  anon$$obj.o(Region$$Table)
    Region$$Table$$Limit                     0x08005a10   Number         0  anon$$obj.o(Region$$Table)
    Remote_Handler                           0x20000004   Data           4  taskinit.o(.data)
    Detect_Handler                           0x20000008   Data           4  taskinit.o(.data)
    Grasp_Handler                            0x2000000c   Data           4  taskinit.o(.data)
    Data_Handler                             0x20000010   Data           4  taskinit.o(.data)
    SystemCoreClock                          0x20000024   Data           4  system_stm32f4xx.o(.data)
    AHBPrescTable                            0x20000028   Data          16  system_stm32f4xx.o(.data)
    pxCurrentTCB                             0x2000004c   Data           4  tasks.o(.data)
    Sensor                                   0x200000b6   Data           3  gpio_deal.o(.data)
    TIM3_I                                   0x200000bc   Data           2  tim_isr.o(.data)
    TIM3_sec                                 0x200000be   Data           2  tim_isr.o(.data)
    TIM3_min                                 0x200000c0   Data           2  tim_isr.o(.data)
    init                                     0x200000c2   Data           1  vl53l0.o(.data)
    temp                                     0x200000c8   Data           8  boardcommuni.o(.data)
    xQueueRegistry                           0x200002d4   Data          64  queue.o(.bss)
    dbus_rx_buffer                           0x20012f14   Data          25  usart.o(.bss)
    gyro_rx_buffer                           0x20012f2d   Data          25  usart.o(.bss)
    referee_rx_buffer                        0x20012f46   Data         128  usart.o(.bss)
    vision_rx_buffer                         0x20012fc6   Data          32  usart.o(.bss)
    vL53L0_rx_buffer                         0x20012fe6   Data         128  usart.o(.bss)
    can1_201_208_buffer                      0x20013066   Data          32  can1_isr.o(.bss)
    can1_encoder_201                         0x20013086   Data          39  can1_isr.o(.bss)
    can1_encoder_202                         0x200130ad   Data          39  can1_isr.o(.bss)
    can1_encoder_203                         0x200130d4   Data          39  can1_isr.o(.bss)
    can1_encoder_204                         0x200130fb   Data          39  can1_isr.o(.bss)
    can1_encoder_205                         0x20013122   Data          39  can1_isr.o(.bss)
    can1_encoder_206                         0x20013149   Data          39  can1_isr.o(.bss)
    can1_encoder_207                         0x20013170   Data          39  can1_isr.o(.bss)
    can1_encoder_208                         0x20013197   Data          39  can1_isr.o(.bss)
    can2_board_buffer_first                  0x200131be   Data          18  can2_isr.o(.bss)
    RC                                       0x200131d0   Data          31  remote_isr.o(.bss)
    VL53L0                                   0x200131ef   Data          73  vl53l0.o(.bss)
    Board_Communi                            0x20013238   Data          36  boardcommuni.o(.bss)
    Grasp                                    0x2001326a   Data        1528  grasp_task.o(.bss)
    Grasp_Fsm                                0x20013862   Data          16  grasp_fsm.o(.bss)
    AUTOGRASP                                0x20013872   Data          12  grasp_fsm.o(.bss)
    KEYBOARD                                 0x2001387e   Data          12  grasp_fsm.o(.bss)
    OFFLINE                                  0x2001388a   Data          12  grasp_fsm.o(.bss)
    GRASPRESET                               0x20013896   Data          12  grasp_fsm.o(.bss)
    REMOTEG                                  0x200138a2   Data          12  grasp_fsm.o(.bss)
    GETGOLD                                  0x200138ae   Data          12  grasp_fsm.o(.bss)
    Grasp_State_Table                        0x200138ba   Data         108  grasp_fsm.o(.bss)
    __initial_sp                             0x20013d28   Data           0  startup_stm32f40_41xxx.o(STACK)



==============================================================================

Memory Map of the image

  Image Entry point : 0x08000189

  Load Region LR_IROM1 (Base: 0x08000000, Size: 0x00005afc, Max: 0x00080000, ABSOLUTE)

    Execution Region ER_IROM1 (Exec base: 0x08000000, Load base: 0x08000000, Size: 0x00005a10, Max: 0x00080000, ABSOLUTE)

    Exec Addr    Load Addr    Size         Type   Attr      Idx    E Section Name        Object

    0x08000000   0x08000000   0x00000188   Data   RO          336    RESET               startup_stm32f40_41xxx.o
    0x08000188   0x08000188   0x00000000   Code   RO         7175  * .ARM.Collect$$$$00000000  mc_w.l(entry.o)
    0x08000188   0x08000188   0x00000004   Code   RO         7198    .ARM.Collect$$$$00000001  mc_w.l(entry2.o)
    0x0800018c   0x0800018c   0x00000004   Code   RO         7201    .ARM.Collect$$$$00000004  mc_w.l(entry5.o)
    0x08000190   0x08000190   0x00000000   Code   RO         7203    .ARM.Collect$$$$00000008  mc_w.l(entry7b.o)
    0x08000190   0x08000190   0x00000000   Code   RO         7205    .ARM.Collect$$$$0000000A  mc_w.l(entry8b.o)
    0x08000190   0x08000190   0x00000008   Code   RO         7206    .ARM.Collect$$$$0000000B  mc_w.l(entry9a.o)
    0x08000198   0x08000198   0x00000004   Code   RO         7213    .ARM.Collect$$$$0000000E  mc_w.l(entry12b.o)
    0x0800019c   0x0800019c   0x00000000   Code   RO         7208    .ARM.Collect$$$$0000000F  mc_w.l(entry10a.o)
    0x0800019c   0x0800019c   0x00000000   Code   RO         7210    .ARM.Collect$$$$00000011  mc_w.l(entry11a.o)
    0x0800019c   0x0800019c   0x00000004   Code   RO         7199    .ARM.Collect$$$$00002712  mc_w.l(entry2.o)
    0x080001a0   0x080001a0   0x000000b6   Code   RO         5967    .emb_text           port.o
    0x08000256   0x08000256   0x00000002   PAD
    0x08000258   0x08000258   0x00000024   Code   RO          337    .text               startup_stm32f40_41xxx.o
    0x0800027c   0x0800027c   0x00000024   Code   RO         7178    .text               mc_w.l(memcpya.o)
    0x080002a0   0x080002a0   0x00000024   Code   RO         7180    .text               mc_w.l(memseta.o)
    0x080002c4   0x080002c4   0x0000014e   Code   RO         7184    .text               mf_w.l(dadd.o)
    0x08000412   0x08000412   0x000000e4   Code   RO         7186    .text               mf_w.l(dmul.o)
    0x080004f6   0x080004f6   0x000000de   Code   RO         7188    .text               mf_w.l(ddiv.o)
    0x080005d4   0x080005d4   0x00000022   Code   RO         7190    .text               mf_w.l(dflti.o)
    0x080005f6   0x080005f6   0x0000001a   Code   RO         7192    .text               mf_w.l(dfltui.o)
    0x08000610   0x08000610   0x00000026   Code   RO         7194    .text               mf_w.l(f2d.o)
    0x08000636   0x08000636   0x00000038   Code   RO         7196    .text               mf_w.l(d2f.o)
    0x0800066e   0x0800066e   0x0000001e   Code   RO         7214    .text               mc_w.l(llshl.o)
    0x0800068c   0x0800068c   0x00000024   Code   RO         7216    .text               mc_w.l(llsshr.o)
    0x080006b0   0x080006b0   0x00000000   Code   RO         7218    .text               mc_w.l(iusefp.o)
    0x080006b0   0x080006b0   0x0000006e   Code   RO         7219    .text               mf_w.l(fepilogue.o)
    0x0800071e   0x0800071e   0x000000ba   Code   RO         7221    .text               mf_w.l(depilogue.o)
    0x080007d8   0x080007d8   0x00000024   Code   RO         7223    .text               mc_w.l(init.o)
    0x080007fc   0x080007fc   0x00000020   Code   RO         7225    .text               mc_w.l(llushr.o)
    0x0800081c   0x0800081c   0x00000002   Code   RO         6917    i.AtuoGrasp_Prepare  grasp_fsm.o
    0x0800081e   0x0800081e   0x00000002   PAD
    0x08000820   0x08000820   0x00000014   Code   RO         6918    i.AutoGrasp_State   grasp_fsm.o
    0x08000834   0x08000834   0x0000002c   Code   RO         6919    i.AutoGrasp_bhv     grasp_fsm.o
    0x08000860   0x08000860   0x000000e8   Code   RO         6689    i.Auto_Ctrl         robotaction.o
    0x08000948   0x08000948   0x000000c4   Code   RO         6690    i.Auto_One_Box      robotaction.o
    0x08000a0c   0x08000a0c   0x00000094   Code   RO         6691    i.Auto_Two_Box      robotaction.o
    0x08000aa0   0x08000aa0   0x00000014   Code   RO         6496    i.Board_Communi_Init  boardcommuni.o
    0x08000ab4   0x08000ab4   0x000000d0   Code   RO         6497    i.Board_Communi_Updata  boardcommuni.o
    0x08000b84   0x08000b84   0x00000002   Code   RO         5062    i.BusFault_Handler  stm32f4xx_it.o
    0x08000b86   0x08000b86   0x00000002   PAD
    0x08000b88   0x08000b88   0x00000070   Code   RO         6236    i.CAN1_201_To_204_SEND  can1_isr.o
    0x08000bf8   0x08000bf8   0x00000070   Code   RO         6237    i.CAN1_205_To_208_SEND  can1_isr.o
    0x08000c68   0x08000c68   0x000000f4   Code   RO         6047    i.CAN1_Init_GPIOD_IO0_IO1  can.o
    0x08000d5c   0x08000d5c   0x0000017c   Code   RO         6238    i.CAN1_RX0_IRQHandler  can1_isr.o
    0x08000ed8   0x08000ed8   0x000000f4   Code   RO         6049    i.CAN2_Init_GPIOB_IO5_IO6  can.o
    0x08000fcc   0x08000fcc   0x00000118   Code   RO         6283    i.CAN2_RX0_IRQHandler  can2_isr.o
    0x080010e4   0x080010e4   0x00000074   Code   RO         6284    i.CAN2_To_Board     can2_isr.o
    0x08001158   0x08001158   0x00000030   Code   RO          630    i.CAN_ClearFlag     stm32f4xx_can.o
    0x08001188   0x08001188   0x00000078   Code   RO          631    i.CAN_ClearITPendingBit  stm32f4xx_can.o
    0x08001200   0x08001200   0x00000168   Code   RO         6318    i.CAN_DATA_Encoder_Deal  encoder.o
    0x08001368   0x08001368   0x0000002c   Code   RO          633    i.CAN_DeInit        stm32f4xx_can.o
    0x08001394   0x08001394   0x000000cc   Code   RO          635    i.CAN_FilterInit    stm32f4xx_can.o
    0x08001460   0x08001460   0x000000a8   Code   RO          637    i.CAN_GetITStatus   stm32f4xx_can.o
    0x08001508   0x08001508   0x00000010   Code   RO          641    i.CAN_ITConfig      stm32f4xx_can.o
    0x08001518   0x08001518   0x000000e8   Code   RO          642    i.CAN_Init          stm32f4xx_can.o
    0x08001600   0x08001600   0x00000090   Code   RO          645    i.CAN_Receive       stm32f4xx_can.o
    0x08001690   0x08001690   0x00000020   Code   RO          648    i.CAN_StructInit    stm32f4xx_can.o
    0x080016b0   0x080016b0   0x000000be   Code   RO          650    i.CAN_Transmit      stm32f4xx_can.o
    0x0800176e   0x0800176e   0x00000002   PAD
    0x08001770   0x08001770   0x0000006c   Code   RO          651    i.CAN_TransmitStatus  stm32f4xx_can.o
    0x080017dc   0x080017dc   0x000000f0   Code   RO         6920    i.Chassis_FSM_Init  grasp_fsm.o
    0x080018cc   0x080018cc   0x0000000c   Code   RO          653    i.CheckITStatus     stm32f4xx_can.o
    0x080018d8   0x080018d8   0x00000040   Code   RO         6414    i.DMA2_Stream1_IRQHandler  remote_isr.o
    0x08001918   0x08001918   0x00000040   Code   RO         6415    i.DMA2_Stream5_IRQHandler  remote_isr.o
    0x08001958   0x08001958   0x0000002c   Code   RO         1330    i.DMA_ClearFlag     stm32f4xx_dma.o
    0x08001984   0x08001984   0x0000002c   Code   RO         1331    i.DMA_ClearITPendingBit  stm32f4xx_dma.o
    0x080019b0   0x080019b0   0x00000014   Code   RO         1332    i.DMA_Cmd           stm32f4xx_dma.o
    0x080019c4   0x080019c4   0x00000124   Code   RO         1333    i.DMA_DeInit        stm32f4xx_dma.o
    0x08001ae8   0x08001ae8   0x0000000e   Code   RO         1337    i.DMA_GetCmdStatus  stm32f4xx_dma.o
    0x08001af6   0x08001af6   0x00000006   Code   RO         1338    i.DMA_GetCurrDataCounter  stm32f4xx_dma.o
    0x08001afc   0x08001afc   0x00000034   Code   RO         1341    i.DMA_GetFlagStatus  stm32f4xx_dma.o
    0x08001b30   0x08001b30   0x0000002c   Code   RO         1343    i.DMA_ITConfig      stm32f4xx_dma.o
    0x08001b5c   0x08001b5c   0x00000054   Code   RO         1344    i.DMA_Init          stm32f4xx_dma.o
    0x08001bb0   0x08001bb0   0x00000004   Code   RO         1347    i.DMA_SetCurrDataCounter  stm32f4xx_dma.o
    0x08001bb4   0x08001bb4   0x00000020   Code   RO         6897    i.Data_Task         data_task.o
    0x08001bd4   0x08001bd4   0x00000002   Code   RO         5063    i.DebugMon_Handler  stm32f4xx_it.o
    0x08001bd6   0x08001bd6   0x00000002   PAD
    0x08001bd8   0x08001bd8   0x0000002c   Code   RO         6822    i.Detect_Task       detect_task.o
    0x08001c04   0x08001c04   0x0000002e   Code   RO         6319    i.EncoderValZero    encoder.o
    0x08001c32   0x08001c32   0x00000052   Code   RO         7032    i.FSM_Deal          fms.o
    0x08001c84   0x08001c84   0x000000a2   Code   RO         2066    i.GPIO_Init         stm32f4xx_gpio.o
    0x08001d26   0x08001d26   0x00000020   Code   RO         2067    i.GPIO_PinAFConfig  stm32f4xx_gpio.o
    0x08001d46   0x08001d46   0x0000000e   Code   RO         2070    i.GPIO_ReadInputDataBit  stm32f4xx_gpio.o
    0x08001d54   0x08001d54   0x00000004   Code   RO         2074    i.GPIO_SetBits      stm32f4xx_gpio.o
    0x08001d58   0x08001d58   0x00000008   Code   RO         2076    i.GPIO_ToggleBits   stm32f4xx_gpio.o
    0x08001d60   0x08001d60   0x0000001c   Code   RO         6344    i.Get_Sensor_Val    gpio_deal.o
    0x08001d7c   0x08001d7c   0x00000002   Code   RO         6921    i.Gold_Prepare      grasp_fsm.o
    0x08001d7e   0x08001d7e   0x00000002   PAD
    0x08001d80   0x08001d80   0x00000014   Code   RO         6922    i.Gold_State        grasp_fsm.o
    0x08001d94   0x08001d94   0x0000000c   Code   RO         6923    i.Gold_bhv          grasp_fsm.o
    0x08001da0   0x08001da0   0x00000084   Code   RO         6842    i.Grasp_Init        grasp_task.o
    0x08001e24   0x08001e24   0x000001a8   Code   RO         6538    i.Grasp_Motor_Init  graspmotor.o
    0x08001fcc   0x08001fcc   0x0000002c   Code   RO         6843    i.Grasp_Task        grasp_task.o
    0x08001ff8   0x08001ff8   0x00000002   Code   RO         5064    i.HardFault_Handler  stm32f4xx_it.o
    0x08001ffa   0x08001ffa   0x00000002   PAD
    0x08001ffc   0x08001ffc   0x0000006c   Code   RO          202    i.HardwareInit      hardwareinit.o
    0x08002068   0x08002068   0x00000010   Code   RO         2561    i.IWDG_Enable       stm32f4xx_iwdg.o
    0x08002078   0x08002078   0x00000026   Code   RO         6211    i.IWDG_Init         iwdg.o
    0x0800209e   0x0800209e   0x00000002   PAD
    0x080020a0   0x080020a0   0x00000010   Code   RO         2563    i.IWDG_ReloadCounter  stm32f4xx_iwdg.o
    0x080020b0   0x080020b0   0x0000000c   Code   RO         2564    i.IWDG_SetPrescaler  stm32f4xx_iwdg.o
    0x080020bc   0x080020bc   0x0000000c   Code   RO         2565    i.IWDG_SetReload    stm32f4xx_iwdg.o
    0x080020c8   0x080020c8   0x0000000c   Code   RO         2566    i.IWDG_WriteAccessCmd  stm32f4xx_iwdg.o
    0x080020d4   0x080020d4   0x00000002   Code   RO         6924    i.KeyBoard_Prepare  grasp_fsm.o
    0x080020d6   0x080020d6   0x00000002   PAD
    0x080020d8   0x080020d8   0x00000014   Code   RO         6925    i.KeyBoard_State    grasp_fsm.o
    0x080020ec   0x080020ec   0x00000060   Code   RO         6926    i.KeyBoard_bhv      grasp_fsm.o
    0x0800214c   0x0800214c   0x00000060   Code   RO         6085    i.LED_Init          gpio.o
    0x080021ac   0x080021ac   0x00000002   Code   RO         5065    i.MemManage_Handler  stm32f4xx_it.o
    0x080021ae   0x080021ae   0x00000002   PAD
    0x080021b0   0x080021b0   0x00000068   Code   RO         6591    i.MotorValZero      motor.o
    0x08002218   0x08002218   0x00000002   Code   RO         5066    i.NMI_Handler       stm32f4xx_it.o
    0x0800221a   0x0800221a   0x00000002   PAD
    0x0800221c   0x0800221c   0x00000064   Code   RO          343    i.NVIC_Init         misc.o
    0x08002280   0x08002280   0x00000002   Code   RO         6927    i.Offline_Prepare   grasp_fsm.o
    0x08002282   0x08002282   0x00000002   PAD
    0x08002284   0x08002284   0x00000014   Code   RO         6928    i.Offline_State     grasp_fsm.o
    0x08002298   0x08002298   0x00000018   Code   RO         6929    i.Offline_bhv       grasp_fsm.o
    0x080022b0   0x080022b0   0x0000013c   Code   RO         6611    i.PID_DEAL          pid.o
    0x080023ec   0x080023ec   0x00000042   Code   RO         6614    i.PID_INIT          pid.o
    0x0800242e   0x0800242e   0x00000046   Code   RO         6539    i.Poweroff_Ctrl     graspmotor.o
    0x08002474   0x08002474   0x00000018   Code   RO         2930    i.RCC_AHB1PeriphClockCmd  stm32f4xx_rcc.o
    0x0800248c   0x0800248c   0x00000018   Code   RO         2939    i.RCC_APB1PeriphClockCmd  stm32f4xx_rcc.o
    0x080024a4   0x080024a4   0x00000018   Code   RO         2941    i.RCC_APB1PeriphResetCmd  stm32f4xx_rcc.o
    0x080024bc   0x080024bc   0x00000018   Code   RO         2942    i.RCC_APB2PeriphClockCmd  stm32f4xx_rcc.o
    0x080024d4   0x080024d4   0x00000018   Code   RO         2944    i.RCC_APB2PeriphResetCmd  stm32f4xx_rcc.o
    0x080024ec   0x080024ec   0x00000080   Code   RO         2951    i.RCC_GetClocksFreq  stm32f4xx_rcc.o
    0x0800256c   0x0800256c   0x000004c0   Code   RO         6540    i.RC_Ctrl           graspmotor.o
    0x08002a2c   0x08002a2c   0x000000d4   Code   RO         6416    i.RC_Deal           remote_isr.o
    0x08002b00   0x08002b00   0x00000002   Code   RO         6930    i.Remote_Prepare    grasp_fsm.o
    0x08002b02   0x08002b02   0x00000002   PAD
    0x08002b04   0x08002b04   0x00000014   Code   RO         6931    i.Remote_State      grasp_fsm.o
    0x08002b18   0x08002b18   0x00000044   Code   RO         6876    i.Remote_Task       remote_task.o
    0x08002b5c   0x08002b5c   0x00000010   Code   RO         6932    i.Remote_bhv        grasp_fsm.o
    0x08002b6c   0x08002b6c   0x00000320   Code   RO         6541    i.Reset_Grasp       graspmotor.o
    0x08002e8c   0x08002e8c   0x00000002   Code   RO         6933    i.Reset_Prepare     grasp_fsm.o
    0x08002e8e   0x08002e8e   0x00000002   Code   RO         6934    i.Reset_State       grasp_fsm.o
    0x08002e90   0x08002e90   0x00000008   Code   RO         6498    i.Return_Board_Communi  boardcommuni.o
    0x08002e98   0x08002e98   0x00000008   Code   RO         6285    i.Return_CAN2_Board_Data  can2_isr.o
    0x08002ea0   0x08002ea0   0x0000004c   Code   RO         6240    i.Return_Can1_201_208_Encoder  can1_isr.o
    0x08002eec   0x08002eec   0x00000008   Code   RO         6935    i.Return_Chassis_Fsm  grasp_fsm.o
    0x08002ef4   0x08002ef4   0x00000008   Code   RO         6345    i.Return_Sensor_t   gpio_deal.o
    0x08002efc   0x08002efc   0x00000050   Code   RO         6346    i.Return_Smooth_L_Val  gpio_deal.o
    0x08002f4c   0x08002f4c   0x00000050   Code   RO         6347    i.Return_Smooth_R_Val  gpio_deal.o
    0x08002f9c   0x08002f9c   0x00000050   Code   RO         6348    i.Return_Stretch_Val  gpio_deal.o
    0x08002fec   0x08002fec   0x00000008   Code   RO         6454    i.Return_VL53L0_t   vl53l0.o
    0x08002ff4   0x08002ff4   0x00000028   Code   RO         6499    i.Send_Crtl_To_Board  boardcommuni.o
    0x0800301c   0x0800301c   0x000000b4   Code   RO         5115    i.SetSysClock       system_stm32f4xx.o
    0x080030d0   0x080030d0   0x00000020   Code   RO          139    i.Start_Task        main.o
    0x080030f0   0x080030f0   0x0000000c   Code   RO         7033    i.StateChange       fms.o
    0x080030fc   0x080030fc   0x0000002c   Code   RO         5968    i.SysTick_Handler   port.o
    0x08003128   0x08003128   0x0000005c   Code   RO         5117    i.SystemInit        system_stm32f4xx.o
    0x08003184   0x08003184   0x000000a0   Code   RO         6388    i.TIM3_IRQHandler   tim_isr.o
    0x08003224   0x08003224   0x0000005c   Code   RO         6123    i.TIM3_Init         tim.o
    0x08003280   0x08003280   0x00000006   Code   RO         4270    i.TIM_ClearITPendingBit  stm32f4xx_tim.o
    0x08003286   0x08003286   0x00000014   Code   RO         4275    i.TIM_Cmd           stm32f4xx_tim.o
    0x0800329a   0x0800329a   0x00000018   Code   RO         4296    i.TIM_GetITStatus   stm32f4xx_tim.o
    0x080032b2   0x080032b2   0x00000010   Code   RO         4300    i.TIM_ITConfig      stm32f4xx_tim.o
    0x080032c2   0x080032c2   0x00000002   PAD
    0x080032c4   0x080032c4   0x0000007c   Code   RO         4347    i.TIM_TimeBaseInit  stm32f4xx_tim.o
    0x08003340   0x08003340   0x000000a0   Code   RO          240    i.TaskInit          taskinit.o
    0x080033e0   0x080033e0   0x00000058   Code   RO         6726    i.Telescoping       motoraction.o
    0x08003438   0x08003438   0x00000114   Code   RO         6148    i.USART1_RC_INIT_PA10_RX  usart.o
    0x0800354c   0x0800354c   0x00000078   Code   RO         6455    i.USART6_IRQHandler  vl53l0.o
    0x080035c4   0x080035c4   0x0000010c   Code   RO         6153    i.USART6_VL53L0_INIT_PC7_RX_PC6_TX  usart.o
    0x080036d0   0x080036d0   0x00000014   Code   RO         4812    i.USART_Cmd         stm32f4xx_usart.o
    0x080036e4   0x080036e4   0x00000010   Code   RO         4813    i.USART_DMACmd      stm32f4xx_usart.o
    0x080036f4   0x080036f4   0x000000ac   Code   RO         4814    i.USART_DeInit      stm32f4xx_usart.o
    0x080037a0   0x080037a0   0x0000003e   Code   RO         4816    i.USART_GetITStatus  stm32f4xx_usart.o
    0x080037de   0x080037de   0x00000030   Code   RO         4818    i.USART_ITConfig    stm32f4xx_usart.o
    0x0800380e   0x0800380e   0x00000002   PAD
    0x08003810   0x08003810   0x000000ac   Code   RO         4819    i.USART_Init        stm32f4xx_usart.o
    0x080038bc   0x080038bc   0x00000002   Code   RO         5067    i.UsageFault_Handler  stm32f4xx_it.o
    0x080038be   0x080038be   0x00000002   PAD
    0x080038c0   0x080038c0   0x000000c0   Code   RO         6456    i.VL53L0_Data_Deal  vl53l0.o
    0x08003980   0x08003980   0x0000000e   Code   RO         7229    i.__scatterload_copy  mc_w.l(handlers.o)
    0x0800398e   0x0800398e   0x00000002   Code   RO         7230    i.__scatterload_null  mc_w.l(handlers.o)
    0x08003990   0x08003990   0x0000000e   Code   RO         7231    i.__scatterload_zeroinit  mc_w.l(handlers.o)
    0x0800399e   0x0800399e   0x00000002   PAD
    0x080039a0   0x080039a0   0x000000e8   Code   RO         6542    i.bullet_Supply     graspmotor.o
    0x08003a88   0x08003a88   0x00000030   Code   RO         6789    i.change_Gold       getgold.o
    0x08003ab8   0x08003ab8   0x00000060   Code   RO         6727    i.clip              motoraction.o
    0x08003b18   0x08003b18   0x000001e0   Code   RO         6728    i.flip              motoraction.o
    0x08003cf8   0x08003cf8   0x000000f8   Code   RO         6729    i.flip2             motoraction.o
    0x08003df0   0x08003df0   0x00000010   Code   RO         7085    i.float_abs         mathlib.o
    0x08003e00   0x08003e00   0x000000d4   Code   RO         6790    i.goldExchange      getgold.o
    0x08003ed4   0x08003ed4   0x0000000a   Code   RO         7088    i.int16_t_abs       mathlib.o
    0x08003ede   0x08003ede   0x00000002   PAD
    0x08003ee0   0x08003ee0   0x00000038   Code   RO          140    i.main              main.o
    0x08003f18   0x08003f18   0x000000d8   Code   RO         6791    i.pick_Gold         getgold.o
    0x08003ff0   0x08003ff0   0x000001e2   Code   RO         6543    i.pid_Cala          graspmotor.o
    0x080041d2   0x080041d2   0x00000002   PAD
    0x080041d4   0x080041d4   0x00000070   Code   RO         5411    i.prvAddCurrentTaskToDelayedList  tasks.o
    0x08004244   0x08004244   0x000000d0   Code   RO         5412    i.prvAddNewTaskToReadyList  tasks.o
    0x08004314   0x08004314   0x00000050   Code   RO         5255    i.prvCheckForValidListAndQueue  timers.o
    0x08004364   0x08004364   0x00000050   Code   RO         5413    i.prvCheckTasksWaitingTermination  tasks.o
    0x080043b4   0x080043b4   0x00000026   Code   RO         5740    i.prvCopyDataFromQueue  queue.o
    0x080043da   0x080043da   0x0000006c   Code   RO         5741    i.prvCopyDataToQueue  queue.o
    0x08004446   0x08004446   0x00000014   Code   RO         5414    i.prvDeleteTCB      tasks.o
    0x0800445a   0x0800445a   0x00000002   PAD
    0x0800445c   0x0800445c   0x0000004c   Code   RO         5918    i.prvHeapInit       heap_4.o
    0x080044a8   0x080044a8   0x00000028   Code   RO         5415    i.prvIdleTask       tasks.o
    0x080044d0   0x080044d0   0x0000009c   Code   RO         5416    i.prvInitialiseNewTask  tasks.o
    0x0800456c   0x0800456c   0x0000004c   Code   RO         5919    i.prvInsertBlockIntoFreeList  heap_4.o
    0x080045b8   0x080045b8   0x00000038   Code   RO         5256    i.prvInsertTimerInActiveList  timers.o
    0x080045f0   0x080045f0   0x0000001c   Code   RO         5742    i.prvIsQueueEmpty   queue.o
    0x0800460c   0x0800460c   0x000000b8   Code   RO         5257    i.prvProcessReceivedCommands  timers.o
    0x080046c4   0x080046c4   0x000000b4   Code   RO         5258    i.prvProcessTimerOrBlockTask  timers.o
    0x08004778   0x08004778   0x00000020   Code   RO         5418    i.prvResetNextTaskUnblockTime  tasks.o
    0x08004798   0x08004798   0x00000028   Code   RO         5259    i.prvSampleTimeNow  timers.o
    0x080047c0   0x080047c0   0x0000006c   Code   RO         5260    i.prvSwitchTimerLists  timers.o
    0x0800482c   0x0800482c   0x00000028   Code   RO         5969    i.prvTaskExitError  port.o
    0x08004854   0x08004854   0x00000024   Code   RO         5261    i.prvTimerTask      timers.o
    0x08004878   0x08004878   0x0000006a   Code   RO         5743    i.prvUnlockQueue    queue.o
    0x080048e2   0x080048e2   0x00000002   PAD
    0x080048e4   0x080048e4   0x000000d8   Code   RO         5920    i.pvPortMalloc      heap_4.o
    0x080049bc   0x080049bc   0x00000018   Code   RO         5420    i.pvTaskIncrementMutexHeldCount  tasks.o
    0x080049d4   0x080049d4   0x0000002c   Code   RO         5970    i.pxPortInitialiseStack  port.o
    0x08004a00   0x08004a00   0x0000003a   Code   RO         6731    i.rail              motoraction.o
    0x08004a3a   0x08004a3a   0x00000002   PAD
    0x08004a3c   0x08004a3c   0x00000060   Code   RO         6733    i.uplift            motoraction.o
    0x08004a9c   0x08004a9c   0x00000024   Code   RO         5373    i.uxListRemove      list.o
    0x08004ac0   0x08004ac0   0x00000016   Code   RO         5374    i.vListInitialise   list.o
    0x08004ad6   0x08004ad6   0x00000006   Code   RO         5375    i.vListInitialiseItem  list.o
    0x08004adc   0x08004adc   0x00000030   Code   RO         5376    i.vListInsert       list.o
    0x08004b0c   0x08004b0c   0x00000018   Code   RO         5377    i.vListInsertEnd    list.o
    0x08004b24   0x08004b24   0x00000040   Code   RO         5972    i.vPortEnterCritical  port.o
    0x08004b64   0x08004b64   0x00000028   Code   RO         5973    i.vPortExitCritical  port.o
    0x08004b8c   0x08004b8c   0x0000005c   Code   RO         5921    i.vPortFree         heap_4.o
    0x08004be8   0x08004be8   0x00000020   Code   RO         5974    i.vPortSetupTimerInterrupt  port.o
    0x08004c08   0x08004c08   0x00000054   Code   RO         5975    i.vPortValidateInterruptPriority  port.o
    0x08004c5c   0x08004c5c   0x00000028   Code   RO         5749    i.vQueueAddToRegistry  queue.o
    0x08004c84   0x08004c84   0x00000044   Code   RO         5753    i.vQueueWaitForMessageRestricted  queue.o
    0x08004cc8   0x08004cc8   0x0000004c   Code   RO         5428    i.vTaskDelay        tasks.o
    0x08004d14   0x08004d14   0x000000ac   Code   RO         5430    i.vTaskDelete       tasks.o
    0x08004dc0   0x08004dc0   0x0000000c   Code   RO         5433    i.vTaskMissedYield  tasks.o
    0x08004dcc   0x08004dcc   0x00000030   Code   RO         5435    i.vTaskPlaceOnEventList  tasks.o
    0x08004dfc   0x08004dfc   0x00000038   Code   RO         5436    i.vTaskPlaceOnEventListRestricted  tasks.o
    0x08004e34   0x08004e34   0x00000084   Code   RO         5438    i.vTaskPriorityInherit  tasks.o
    0x08004eb8   0x08004eb8   0x00000024   Code   RO         5442    i.vTaskSetTimeOutState  tasks.o
    0x08004edc   0x08004edc   0x00000070   Code   RO         5443    i.vTaskStartScheduler  tasks.o
    0x08004f4c   0x08004f4c   0x00000010   Code   RO         5445    i.vTaskSuspendAll   tasks.o
    0x08004f5c   0x08004f5c   0x0000005c   Code   RO         5446    i.vTaskSwitchContext  tasks.o
    0x08004fb8   0x08004fb8   0x000000e0   Code   RO         5976    i.xPortStartScheduler  port.o
    0x08005098   0x08005098   0x00000052   Code   RO         5756    i.xQueueGenericCreate  queue.o
    0x080050ea   0x080050ea   0x00000002   PAD
    0x080050ec   0x080050ec   0x0000016c   Code   RO         5757    i.xQueueGenericReceive  queue.o
    0x08005258   0x08005258   0x00000088   Code   RO         5758    i.xQueueGenericReset  queue.o
    0x080052e0   0x080052e0   0x00000160   Code   RO         5759    i.xQueueGenericSend  queue.o
    0x08005440   0x08005440   0x000000bc   Code   RO         5760    i.xQueueGenericSendFromISR  queue.o
    0x080054fc   0x080054fc   0x0000006c   Code   RO         5447    i.xTaskCheckForTimeOut  tasks.o
    0x08005568   0x08005568   0x00000056   Code   RO         5448    i.xTaskCreate       tasks.o
    0x080055be   0x080055be   0x00000002   PAD
    0x080055c0   0x080055c0   0x0000001c   Code   RO         5452    i.xTaskGetSchedulerState  tasks.o
    0x080055dc   0x080055dc   0x0000000c   Code   RO         5453    i.xTaskGetTickCount  tasks.o
    0x080055e8   0x080055e8   0x000000c8   Code   RO         5455    i.xTaskIncrementTick  tasks.o
    0x080056b0   0x080056b0   0x00000098   Code   RO         5458    i.xTaskPriorityDisinherit  tasks.o
    0x08005748   0x08005748   0x00000078   Code   RO         5459    i.xTaskRemoveFromEventList  tasks.o
    0x080057c0   0x080057c0   0x000000c4   Code   RO         5461    i.xTaskResumeAll    tasks.o
    0x08005884   0x08005884   0x0000004c   Code   RO         5265    i.xTimerCreateTimerTask  timers.o
    0x080058d0   0x080058d0   0x00000060   Code   RO         5266    i.xTimerGenericCommand  timers.o
    0x08005930   0x08005930   0x000000c0   Data   RO         6545    .constdata          graspmotor.o
    0x080059f0   0x080059f0   0x00000020   Data   RO         7227    Region$$Table       anon$$obj.o


    Execution Region RW_IRAM1 (Exec base: 0x20000000, Load base: 0x08005a10, Size: 0x00013d28, Max: 0x00020000, ABSOLUTE)

    Exec Addr    Load Addr    Size         Type   Attr      Idx    E Section Name        Object

    0x20000000   0x08005a10   0x00000004   Data   RW          141    .data               main.o
    0x20000004   0x08005a14   0x00000010   Data   RW          241    .data               taskinit.o
    0x20000014   0x08005a24   0x00000010   Data   RW         2983    .data               stm32f4xx_rcc.o
    0x20000024   0x08005a34   0x00000014   Data   RW         5118    .data               system_stm32f4xx.o
    0x20000038   0x08005a48   0x00000014   Data   RW         5272    .data               timers.o
    0x2000004c   0x08005a5c   0x0000003c   Data   RW         5464    .data               tasks.o
    0x20000088   0x08005a98   0x00000018   Data   RW         5926    .data               heap_4.o
    0x200000a0   0x08005ab0   0x0000000c   Data   RW         5977    .data               port.o
    0x200000ac   0x08005abc   0x0000000d   Data   RW         6349    .data               gpio_deal.o
    0x200000b9   0x08005ac9   0x00000001   PAD
    0x200000ba   0x08005aca   0x00000008   Data   RW         6389    .data               tim_isr.o
    0x200000c2   0x08005ad2   0x00000001   Data   RW         6458    .data               vl53l0.o
    0x200000c3   0x08005ad3   0x00000001   PAD
    0x200000c4   0x08005ad4   0x0000000c   Data   RW         6501    .data               boardcommuni.o
    0x200000d0   0x08005ae0   0x00000008   Data   RW         6546    .data               graspmotor.o
    0x200000d8   0x08005ae8   0x00000002   Data   RW         6693    .data               robotaction.o
    0x200000da   0x08005aea   0x0000000c   Data   RW         6734    .data               motoraction.o
    0x200000e6   0x08005af6   0x00000002   Data   RW         6792    .data               getgold.o
    0x200000e8   0x08005af8   0x00000002   Data   RW         6938    .data               grasp_fsm.o
    0x200000ea   0x08005afa   0x00000002   PAD
    0x200000ec        -       0x0000001c   Zero   RW          203    .bss                hardwareinit.o
    0x20000108        -       0x00000028   Zero   RW         5271    .bss                timers.o
    0x20000130        -       0x000001a4   Zero   RW         5463    .bss                tasks.o
    0x200002d4        -       0x00000040   Zero   RW         5768    .bss                queue.o
    0x20000314        -       0x00012c00   Zero   RW         5925    .bss                heap_4.o
    0x20012f14        -       0x00000152   Zero   RW         6155    .bss                usart.o
    0x20013066        -       0x00000158   Zero   RW         6241    .bss                can1_isr.o
    0x200131be        -       0x00000012   Zero   RW         6286    .bss                can2_isr.o
    0x200131d0        -       0x0000001f   Zero   RW         6418    .bss                remote_isr.o
    0x200131ef        -       0x00000049   Zero   RW         6457    .bss                vl53l0.o
    0x20013238        -       0x00000024   Zero   RW         6500    .bss                boardcommuni.o
    0x2001325c        -       0x0000000e   Zero   RW         6544    .bss                graspmotor.o
    0x2001326a        -       0x000005f8   Zero   RW         6844    .bss                grasp_task.o
    0x20013862        -       0x000000c4   Zero   RW         6936    .bss                grasp_fsm.o
    0x20013926   0x08005afa   0x00000002   PAD
    0x20013928        -       0x00000400   Zero   RW          334    STACK               startup_stm32f40_41xxx.o


==============================================================================

Image component sizes


      Code (inc. data)   RO Data    RW Data    ZI Data      Debug   Object Name

       276         26          0         12         36       2937   boardcommuni.o
       488         18          0          0          0       2096   can.o
       680         44          0          0        344       4236   can1_isr.o
       404         22          0          0         18       2621   can2_isr.o
        32          0          0          0          0        516   data_task.o
         0          0          0          0          0     302212   delay.o
        44          8          0          0          0        522   detect_task.o
       406         14          0          0          0       1885   encoder.o
         0          0          0          0          0      11728   event_groups.o
        94          0          0          0          0       1577   fms.o
       476         36          0          2          0       2630   getgold.o
        96         10          0          0          0        555   gpio.o
       276         32          0         13          0       3564   gpio_deal.o
       554        146          0          2        196       9671   grasp_fsm.o
       176         48          0          0       1528       2973   grasp_task.o
      3224         70        192          8         14       5526   graspmotor.o
       108         32          0          0         28       1351   hardwareinit.o
       460         24          0         24      76800       4271   heap_4.o
        38          0          0          0          0        612   iwdg.o
       136          0          0          0          0       3058   list.o
        88         28          0          4          0      11599   main.o
        26          0          0          0          0       1386   mathlib.o
       100          4          0          0          0        924   misc.o
       104          4          0          0          0        919   motor.o
      1066         40          0         12          0       5775   motoraction.o
       382          4          0          0          0       2138   pid.o
       754         84          0         12          0      11001   port.o
      1510         20          0          0         64      13125   queue.o
       340         36          0          0         31       2345   remote_isr.o
        68          8          0          0          0        554   remote_task.o
       576         14          0          2          0       2504   robotaction.o
        36          8        392          0       1024        816   startup_stm32f40_41xxx.o
      1318         50          0          0          0       9053   stm32f4xx_can.o
       604         60          0          0          0       7498   stm32f4xx_dma.o
       220          0          0          0          0       3404   stm32f4xx_gpio.o
        12          0          0          0          0       2673   stm32f4xx_it.o
        68         30          0          0          0       2450   stm32f4xx_iwdg.o
       248         44          0         16          0       5729   stm32f4xx_rcc.o
       190         28          0          0          0       4565   stm32f4xx_tim.o
       490         42          0          0          0       4948   stm32f4xx_usart.o
       272         36          0         20          0       1753   system_stm32f4xx.o
       160         68          0         16          0       7082   taskinit.o
      2326        206          0         60        420      22477   tasks.o
        92          4          0          0          0        672   tim.o
       160         18          0          8          0        897   tim_isr.o
       856         80          0         20         40      18995   timers.o
       544         48          0          0        338       2452   usart.o
       320         38          0          1         73       2839   vl53l0.o

    ----------------------------------------------------------------------
     20944       1532        616        236      80956     515114   Object Totals
         0          0         32          0          0          0   (incl. Generated)
        46          0          0          4          2          0   (incl. Padding)

    ----------------------------------------------------------------------

      Code (inc. data)   RO Data    RW Data    ZI Data      Debug   Library Member Name

         0          0          0          0          0          0   entry.o
         0          0          0          0          0          0   entry10a.o
         0          0          0          0          0          0   entry11a.o
         4          0          0          0          0          0   entry12b.o
         8          4          0          0          0          0   entry2.o
         4          0          0          0          0          0   entry5.o
         0          0          0          0          0          0   entry7b.o
         0          0          0          0          0          0   entry8b.o
         8          4          0          0          0          0   entry9a.o
        30          0          0          0          0          0   handlers.o
        36          8          0          0          0         68   init.o
         0          0          0          0          0          0   iusefp.o
        30          0          0          0          0         68   llshl.o
        36          0          0          0          0         68   llsshr.o
        32          0          0          0          0         68   llushr.o
        36          0          0          0          0         68   memcpya.o
        36          0          0          0          0        108   memseta.o
        56          0          0          0          0         88   d2f.o
       334          0          0          0          0        148   dadd.o
       222          0          0          0          0        100   ddiv.o
       186          0          0          0          0        176   depilogue.o
        34          0          0          0          0         76   dflti.o
        26          0          0          0          0         76   dfltui.o
       228          0          0          0          0         96   dmul.o
        38          0          0          0          0         68   f2d.o
       110          0          0          0          0        168   fepilogue.o

    ----------------------------------------------------------------------
      1496         16          0          0          0       1444   Library Totals
         2          0          0          0          0          0   (incl. Padding)

    ----------------------------------------------------------------------

      Code (inc. data)   RO Data    RW Data    ZI Data      Debug   Library Name

       260         16          0          0          0        448   mc_w.l
      1234          0          0          0          0        996   mf_w.l

    ----------------------------------------------------------------------
      1496         16          0          0          0       1444   Library Totals

    ----------------------------------------------------------------------

==============================================================================


      Code (inc. data)   RO Data    RW Data    ZI Data      Debug   

     22440       1548        616        236      80956     496538   Grand Totals
     22440       1548        616        236      80956     496538   ELF Image Totals
     22440       1548        616        236          0          0   ROM Totals

==============================================================================

    Total RO  Size (Code + RO Data)                23056 (  22.52kB)
    Total RW  Size (RW Data + ZI Data)             81192 (  79.29kB)
    Total ROM Size (Code + RO Data + RW Data)      23292 (  22.75kB)

==============================================================================

