<html>
<body>
<pre>
<h1>µVision Build Log</h1>
<h2>Tool Versions:</h2>
IDE-Version: ¦ÌVision V5.32.0.0
Copyright (C) 2020 ARM Ltd and ARM Germany GmbH. All rights reserved.
License Information: bkrc mypc, mypc, LIC=X96CK-ZIHXW-GK6BG-V9RNE-4LU26-CFCQA
 
Tool Versions:
Toolchain:       MDK-ARM Plus  Version: 5.32.0.0
Toolchain Path:  E:\Keil_v5\ARM\ARMCC\Bin
C Compiler:      Armcc.exe V5.06 update 7 (build 960)
Assembler:       Armasm.exe V5.06 update 7 (build 960)
Linker/Locator:  ArmLink.exe V5.06 update 7 (build 960)
Library Manager: ArmAr.exe V5.06 update 7 (build 960)
Hex Converter:   FromElf.exe V5.06 update 7 (build 960)
CPU DLL:         SARMCM3.DLL V5.32.0.0
Dialog DLL:      DCM.DLL V1.17.3.0
Target DLL:      Segger\JL2CM3.dll V2.99.15.0
Dialog DLL:      TCM.DLL V1.46.0.0
 
<h2>Project:</h2>
D:\RMware\B\PROJECT\engineering.uvprojx
Project File Date:  01/19/2021

<h2>Output:</h2>
*** Using Compiler 'V5.06 update 7 (build 960)', folder: 'E:\Keil_v5\ARM\ARMCC\Bin'
Build target 'Target 1'
compiling Chassis_Fsm.c...
compiling TaskInit.c...
compiling Chassis_Task.c...
compiling Detect_Task.c...
compiling ChassisMotor.c...
..\USER\HeaderFile\Lib\math.h(28): warning:  #47-D: incompatible redefinition of macro "__ARMCLIB_VERSION"  (declared at line 12 of "E:\Keil_v5\ARM\ARMCC\Bin\..\include\stdint.h")
  #define __ARMCLIB_VERSION 5050157
..\USER\SourceFile\Functional\ChassisMotor.c(221): warning:  #223-D: function "cos_calculate" declared implicitly
  			X_IN = X_IN * float_abs( cos_calculate(-(C->gyro->Yaw_Var))  );
..\USER\SourceFile\Functional\ChassisMotor.c(227): warning:  #223-D: function "cos_calculate" declared implicitly
  			Y_IN = Y_IN * float_abs( cos_calculate (-(C->gyro->Yaw_Var)));
..\USER\SourceFile\Functional\ChassisMotor.c(177): warning:  #550-D: variable "CurYaw"  was set but never used
  		static float CurYaw =0 ;
..\USER\SourceFile\Functional\ChassisMotor.c(474): warning:  #1-D: last line of file ends without a newline
   
..\USER\SourceFile\Functional\ChassisMotor.c: 5 warnings, 0 errors
linking...
Program Size: Code=21968 RO-data=4868 RW-data=228 ZI-data=81596  
FromELF: creating hex file...
".\Objects\ENGINEERING2020.axf" - 0 Error(s), 5 Warning(s).

<h2>Software Packages used:</h2>

Package Vendor: Keil
                http://www.keil.com/pack/Keil.STM32F4xx_DFP.2.13.0.pack
                Keil.STM32F4xx_DFP.2.13.0
                STMicroelectronics STM32F4 Series Device Support, Drivers and Examples

<h2>Collection of Component include folders:</h2>
  E:\Keil_v5\ARM\PACK\Keil\STM32F4xx_DFP\2.13.0\Drivers\CMSIS\Device\ST\STM32F4xx\Include

<h2>Collection of Component Files used:</h2>
Build Time Elapsed:  00:00:02
</pre>
</body>
</html>
